<!doctype html public "-//w3c//dtd html 4.0 transitional//en">
<html><head>
<title>Static Call Graph - [.\Objects\template.axf]</title></head>
<body><HR>
<H1>Static Call Graph for image .\Objects\template.axf</H1><HR>
<BR><P>#&#060CALLGRAPH&#062# ARM Linker, 6160001: Last Updated: Sat Aug 26 11:11:12 2023
<BR><P>
<H3>Maximum Stack Usage =        724 bytes + Unknown(Functions without stacksize, Cycles, Untraceable Function Pointers)</H3><H3>
Call chain for Maximum Stack Depth:</H3>
main &rArr; app_entry &rArr; void egl::rasterizer::dispatch_pso&lang;egl::psc_p3g_mesh&lang;rstate_cluster_overdraw, egl::vertex_p48n32, egl::vs_static, egl::ps_color&lang;(egl::e_pixel_format)71&rang; &rang;, egl::graphics_device_st7789&rang;(egl::psc_p3g_mesh&lang;rstate_cluster_overdraw, egl::vertex_p48n32, egl::vs_static, egl::ps_color&lang;(egl::e_pixel_format)71&rang; &rang; const&, egl::graphics_device_st7789&) &rArr; egl::rasterizer_tiling::add_cluster(egl::mat44&lang;float&rang; const&, egl::vec3&lang;float&rang; const&, float, unsigned short, unsigned short) &rArr; egl::rasterizer_tiling::add_cluster(egl::vec3&lang;float&rang; const&, egl::vec3&lang;float&rang; const&, unsigned short, unsigned short) &rArr; puts &rArr; fputc &rArr;  __aeabi_assert (Cycle)
<P>
<H3>
Functions with no stack information
</H3><UL>
 <LI><a href="#[1e]">_stage2_boot</a>
 <LI><a href="#[1f]">read_flash_sreg</a>
</UL>
</UL>
<P>
<H3>
Mutually Recursive functions
</H3> <LI><a href="#[6f]">abort</a>&nbsp;&nbsp;&nbsp;&rArr;&nbsp;&nbsp;&nbsp;<a href="#[6f]">abort</a><BR>
 <LI><a href="#[c]">fputc</a>&nbsp;&nbsp;&nbsp;&rArr;&nbsp;&nbsp;&nbsp;<a href="#[48]">__aeabi_assert</a><BR>
 <LI><a href="#[1]">Default_Handler</a>&nbsp;&nbsp;&nbsp;&rArr;&nbsp;&nbsp;&nbsp;<a href="#[1]">Default_Handler</a><BR>
 <LI><a href="#[2]">HardFault_Handler</a>&nbsp;&nbsp;&nbsp;&rArr;&nbsp;&nbsp;&nbsp;<a href="#[2]">HardFault_Handler</a><BR>
 <LI><a href="#[81]">ph_merge_two_pass</a>&nbsp;&nbsp;&nbsp;&rArr;&nbsp;&nbsp;&nbsp;<a href="#[81]">ph_merge_two_pass</a><BR>
</UL>
<P>
<H3>
Function Pointers
</H3><UL>
 <LI><a href="#[6]">$Super$$SysTick_Handler</a> from lto-llvm-b4cc44.o(.text.SysTick_Handler) referenced from systick_wrapper_ual.o(.text)
 <LI><a href="#[1]">Default_Handler</a> from lto-llvm-b4cc44.o(.text.Default_Handler) referenced from lto-llvm-b4cc44.o(.text.__pico_entry)
 <LI><a href="#[1]">Default_Handler</a> from lto-llvm-b4cc44.o(.text.Default_Handler) referenced 35 times from lto-llvm-b4cc44.o(RESET)
 <LI><a href="#[2]">HardFault_Handler</a> from lto-llvm-b4cc44.o(.text.HardFault_Handler) referenced from lto-llvm-b4cc44.o(RESET)
 <LI><a href="#[0]">Reset_Handler</a> from lto-llvm-b4cc44.o(.text.Reset_Handler) referenced from lto-llvm-b4cc44.o(RESET)
 <LI><a href="#[3]">SysTick_Handler</a> from systick_wrapper_ual.o(.text) referenced from lto-llvm-b4cc44.o(RESET)
 <LI><a href="#[1b]">SystemInit</a> from lto-llvm-b4cc44.o(.text.SystemInit) referenced from lto-llvm-b4cc44.o(.init_array)
 <LI><a href="#[1c]">_GLOBAL__sub_I_app_7.cpp</a> from lto-llvm-b4cc44.o(.text._GLOBAL__sub_I_app_7.cpp) referenced from lto-llvm-b4cc44.o(.init_array)
 <LI><a href="#[17]">egl::graphics_device_st7789::submit_tile(unsigned char, unsigned char, egl::vec2&lang;unsigned short&rang; const&, egl::vec2&lang;unsigned short&rang; const&, unsigned short)</a> from lto-llvm-b4cc44.o(.text._ZN3egl22graphics_device_st778911submit_tileEhhRKNS_4vec2ItEES4_t) referenced from lto-llvm-b4cc44.o(.rodata)
 <LI><a href="#[7]">egl::graphics_device_st7789::~graphics_device_st7789__sub_object()</a> from lto-llvm-b4cc44.o(.text._ZN3egl22graphics_device_st7789D2Ev) referenced from lto-llvm-b4cc44.o(.text._GLOBAL__sub_I_app_7.cpp)
 <LI><a href="#[16]">egl::rasterizer_callback_base::rasterize_tiles(egl::rasterizer&, egl::render_target_cfg const&, egl::rasterizer_tile*, unsigned int)</a> from lto-llvm-b4cc44.o(.text._ZN3egl24rasterizer_callback_base15rasterize_tilesERNS_10rasterizerERKNS_17render_target_cfgEPNS_15rasterizer_tileEj) referenced 2 times from lto-llvm-b4cc44.o(.rodata)
 <LI><a href="#[14]">egl::rasterizer_callback_base::tile_shader_wrapper&lang;egl::graphics_device_st7789, egl::rasterizer_callback_base::tshader_rt0_pixel_convert&lang;(egl::e_pixel_format)3, (egl::e_pixel_format)3&rang; &rang;::copy_region(void*, void const* const*, egl::rasterizer_depth_target const&, unsigned int, unsigned short, unsigned short, unsigned short, unsigned short, unsigned short)</a> from lto-llvm-b4cc44.o(.text._ZN3egl24rasterizer_callback_base19tile_shader_wrapperINS_22graphics_device_st7789ENS0_25tshader_rt0_pixel_convertILNS_14e_pixel_formatE3ELS4_3EEEE11copy_regionEPvPKPKvRKNS_23rasterizer_depth_targetEjttttt) referenced from lto-llvm-b4cc44.o(.rodata)
 <LI><a href="#[15]">egl::rasterizer_callback_base::tile_shader_wrapper&lang;egl::graphics_device_st7789, egl::rasterizer_callback_base::tshader_rt0_pixel_convert&lang;(egl::e_pixel_format)3, (egl::e_pixel_format)3&rang; &rang;::transfer_region(void const* const*, egl::rasterizer_depth_target const&, unsigned int, unsigned short, unsigned short, unsigned short, unsigned short, unsigned short)</a> from lto-llvm-b4cc44.o(.text._ZN3egl24rasterizer_callback_base19tile_shader_wrapperINS_22graphics_device_st7789ENS0_25tshader_rt0_pixel_convertILNS_14e_pixel_formatE3ELS4_3EEEE15transfer_regionEPKPKvRKNS_23rasterizer_depth_targetEjttttt) referenced from lto-llvm-b4cc44.o(.rodata)
 <LI><a href="#[e]">egl::rasterizer::psc_wrapper&lang;egl::psc_p3g_mesh&lang;rstate_opaque, egl::vertex_p48n32, egl::vs_static, ps_simple_lighting&rang;, egl::graphics_device_st7789&rang;::get_pso_state(void*, unsigned short) const</a> from lto-llvm-b4cc44.o(.text._ZNK3egl10rasterizer11psc_wrapperINS_12psc_p3g_meshI13rstate_opaqueNS_13vertex_p48n32ENS_9vs_staticE18ps_simple_lightingEENS_22graphics_device_st7789EE13get_pso_stateEPvt) referenced from lto-llvm-b4cc44.o(.rodata)
 <LI><a href="#[10]">egl::rasterizer::psc_wrapper&lang;egl::psc_p3g_mesh&lang;rstate_opaque, egl::vertex_p48n32, egl::vs_static, ps_simple_lighting&rang;, egl::graphics_device_st7789&rang;::rasterize_cluster(egl::rasterizer_callback_base&, egl::rasterizer::result&, egl::render_target_cfg const&, unsigned short, unsigned short, unsigned short, unsigned short, unsigned int, void const*, unsigned short, unsigned short, unsigned short) const</a> from lto-llvm-b4cc44.o(.text._ZNK3egl10rasterizer11psc_wrapperINS_12psc_p3g_meshI13rstate_opaqueNS_13vertex_p48n32ENS_9vs_staticE18ps_simple_lightingEENS_22graphics_device_st7789EE17rasterize_clusterERNS_24rasterizer_callback_baseERNS0_6resultERKNS_17render_target_cfgEttttjPKvttt) referenced from lto-llvm-b4cc44.o(.rodata)
 <LI><a href="#[f]">egl::rasterizer::psc_wrapper&lang;egl::psc_p3g_mesh&lang;rstate_opaque, egl::vertex_p48n32, egl::vs_static, ps_simple_lighting&rang;, egl::graphics_device_st7789&rang;::hiz_mode() const</a> from lto-llvm-b4cc44.o(.text._ZNK3egl10rasterizer11psc_wrapperINS_12psc_p3g_meshI13rstate_opaqueNS_13vertex_p48n32ENS_9vs_staticE18ps_simple_lightingEENS_22graphics_device_st7789EE8hiz_modeEv) referenced from lto-llvm-b4cc44.o(.rodata)
 <LI><a href="#[11]">egl::rasterizer::psc_wrapper&lang;egl::psc_p3g_mesh&lang;rstate_cluster_overdraw, egl::vertex_p48n32, egl::vs_static, egl::ps_color&lang;(egl::e_pixel_format)71&rang; &rang;, egl::graphics_device_st7789&rang;::get_pso_state(void*, unsigned short) const</a> from lto-llvm-b4cc44.o(.text._ZNK3egl10rasterizer11psc_wrapperINS_12psc_p3g_meshI23rstate_cluster_overdrawNS_13vertex_p48n32ENS_9vs_staticENS_8ps_colorILNS_14e_pixel_formatE71EEEEENS_22graphics_device_st7789EE13get_pso_stateEPvt) referenced from lto-llvm-b4cc44.o(.rodata)
 <LI><a href="#[13]">egl::rasterizer::psc_wrapper&lang;egl::psc_p3g_mesh&lang;rstate_cluster_overdraw, egl::vertex_p48n32, egl::vs_static, egl::ps_color&lang;(egl::e_pixel_format)71&rang; &rang;, egl::graphics_device_st7789&rang;::rasterize_cluster(egl::rasterizer_callback_base&, egl::rasterizer::result&, egl::render_target_cfg const&, unsigned short, unsigned short, unsigned short, unsigned short, unsigned int, void const*, unsigned short, unsigned short, unsigned short) const</a> from lto-llvm-b4cc44.o(.text._ZNK3egl10rasterizer11psc_wrapperINS_12psc_p3g_meshI23rstate_cluster_overdrawNS_13vertex_p48n32ENS_9vs_staticENS_8ps_colorILNS_14e_pixel_formatE71EEEEENS_22graphics_device_st7789EE17rasterize_clusterERNS_24rasterizer_callback_baseERNS0_6resultERKNS_17render_target_cfgEttttjPKvttt) referenced from lto-llvm-b4cc44.o(.rodata)
 <LI><a href="#[12]">egl::rasterizer::psc_wrapper&lang;egl::psc_p3g_mesh&lang;rstate_cluster_overdraw, egl::vertex_p48n32, egl::vs_static, egl::ps_color&lang;(egl::e_pixel_format)71&rang; &rang;, egl::graphics_device_st7789&rang;::hiz_mode() const</a> from lto-llvm-b4cc44.o(.text._ZNK3egl10rasterizer11psc_wrapperINS_12psc_p3g_meshI23rstate_cluster_overdrawNS_13vertex_p48n32ENS_9vs_staticENS_8ps_colorILNS_14e_pixel_formatE71EEEEENS_22graphics_device_st7789EE8hiz_modeEv) referenced from lto-llvm-b4cc44.o(.rodata)
 <LI><a href="#[18]">__cxa_pure_virtual</a> from cxa_virtual.cpp.o(.text.__cxa_pure_virtual) referenced from lto-llvm-b4cc44.o(.rodata)
 <LI><a href="#[1a]">__perf_counter_init</a> from perf_counter.o(.text.__perf_counter_init) referenced from perf_counter.o(.init_array.255)
 <LI><a href="#[19]">__pico_entry</a> from lto-llvm-b4cc44.o(.text.__pico_entry) referenced from lto-llvm-b4cc44.o(.init_array.101)
 <LI><a href="#[d]">_sputc</a> from printf8.o(i._sputc) referenced from printf8.o(i.__0sprintf$8)
 <LI><a href="#[a]">alarm_pool_alarm_callback</a> from lto-llvm-b4cc44.o(.text.alarm_pool_alarm_callback) referenced from lto-llvm-b4cc44.o(.text.__pico_entry)
 <LI><a href="#[c]">fputc</a> from lto-llvm-b4cc44.o(.text.fputc) referenced from printf8.o(i.__0printf$8)
 <LI><a href="#[c]">fputc</a> from lto-llvm-b4cc44.o(.text.fputc) referenced from printfa.o(i.__0vprintf)
 <LI><a href="#[9]">hardware_alarm_irq_handler</a> from lto-llvm-b4cc44.o(.text.hardware_alarm_irq_handler) referenced from lto-llvm-b4cc44.o(.text.__pico_entry)
 <LI><a href="#[4]">main</a> from lto-llvm-b4cc44.o(.text.main) referenced from entry9a.o(.ARM.Collect$$$$0000000B)
 <LI><a href="#[b]">sleep_until_callback</a> from lto-llvm-b4cc44.o(.text.sleep_until_callback) referenced from lto-llvm-b4cc44.o(.text.sleep_until)
 <LI><a href="#[8]">timer_pool_entry_comparator</a> from lto-llvm-b4cc44.o(.text.timer_pool_entry_comparator) referenced from lto-llvm-b4cc44.o(.text.__pico_entry)
 <LI><a href="#[5]">user_code_insert_to_systick_handler</a> from perf_counter.o(.text.user_code_insert_to_systick_handler) referenced from systick_wrapper_ual.o(.text)
</UL>
<P>
<H3>
Global Symbols
</H3>
<P><STRONG><a name="[1e]"></a>_stage2_boot</STRONG> (Thumb, 0 bytes, Stack size unknown bytes, compile_time_choice.o(.text))
<BR><BR>[Calls]<UL><LI><a href="#[1f]">&gt;&gt;</a>&nbsp;&nbsp;&nbsp;read_flash_sreg
</UL>

<P><STRONG><a name="[1f]"></a>read_flash_sreg</STRONG> (Thumb, 0 bytes, Stack size unknown bytes, compile_time_choice.o(.text))
<BR><BR>[Called By]<UL><LI><a href="#[1e]">&gt;&gt;</a>&nbsp;&nbsp;&nbsp;_stage2_boot
</UL>

<P><STRONG><a name="[1d]"></a>__main</STRONG> (Thumb, 0 bytes, Stack size unknown bytes, entry.o(.ARM.Collect$$$$00000000))
<BR><BR>[Called By]<UL><LI><a href="#[0]">&gt;&gt;</a>&nbsp;&nbsp;&nbsp;Reset_Handler
</UL>

<P><STRONG><a name="[97]"></a>_main_stk</STRONG> (Thumb, 0 bytes, Stack size unknown bytes, entry4.o(.ARM.Collect$$$$00000003))

<P><STRONG><a name="[21]"></a>_main_scatterload</STRONG> (Thumb, 0 bytes, Stack size unknown bytes, entry5.o(.ARM.Collect$$$$00000004))
<BR><BR>[Calls]<UL><LI><a href="#[22]">&gt;&gt;</a>&nbsp;&nbsp;&nbsp;__scatterload
</UL>

<P><STRONG><a name="[36]"></a>__main_after_scatterload</STRONG> (Thumb, 0 bytes, Stack size unknown bytes, entry5.o(.ARM.Collect$$$$00000004))
<BR><BR>[Called By]<UL><LI><a href="#[22]">&gt;&gt;</a>&nbsp;&nbsp;&nbsp;__scatterload
</UL>

<P><STRONG><a name="[98]"></a>_main_clock</STRONG> (Thumb, 0 bytes, Stack size unknown bytes, entry7b.o(.ARM.Collect$$$$00000008))

<P><STRONG><a name="[23]"></a>_main_cpp_init$empty</STRONG> (Thumb, 0 bytes, Stack size unknown bytes, entry8a.o(.ARM.Collect$$$$00000009))
<BR><BR>[Stack]<UL><LI>Max Depth = 16 + Unknown Stack Size
<LI>Call Chain = _main_cpp_init$empty &rArr; __cpp_initialize__aeabi_
</UL>
<BR>[Calls]<UL><LI><a href="#[20]">&gt;&gt;</a>&nbsp;&nbsp;&nbsp;__cpp_initialize__aeabi_
</UL>

<P><STRONG><a name="[99]"></a>_main_cpp_init</STRONG> (Thumb, 0 bytes, Stack size unknown bytes, entry8b.o(.ARM.Collect$$$$0000000A))

<P><STRONG><a name="[9a]"></a>_main_init</STRONG> (Thumb, 0 bytes, Stack size unknown bytes, entry9a.o(.ARM.Collect$$$$0000000B))

<P><STRONG><a name="[9b]"></a>__rt_final_cpp</STRONG> (Thumb, 0 bytes, Stack size unknown bytes, entry10a.o(.ARM.Collect$$$$0000000D))

<P><STRONG><a name="[24]"></a>__rt_final_cpp$nonempty</STRONG> (Thumb, 0 bytes, Stack size unknown bytes, entry10b.o(.ARM.Collect$$$$0000000E))
<BR><BR>[Stack]<UL><LI>Max Depth = 32 + Unknown Stack Size
<LI>Call Chain = __rt_final_cpp$nonempty &rArr; __cxa_finalize &rArr; free
</UL>
<BR>[Calls]<UL><LI><a href="#[25]">&gt;&gt;</a>&nbsp;&nbsp;&nbsp;__cxa_finalize
</UL>

<P><STRONG><a name="[9c]"></a>__rt_final_exit</STRONG> (Thumb, 0 bytes, Stack size unknown bytes, entry11a.o(.ARM.Collect$$$$0000000F))

<P><STRONG><a name="[3]"></a>SysTick_Handler</STRONG> (Thumb, 18 bytes, Stack size 0 bytes, systick_wrapper_ual.o(.text))
<BR>[Address Reference Count : 1]<UL><LI> lto-llvm-b4cc44.o(RESET)
</UL>
<P><STRONG><a name="[7f]"></a>__ensure_systick_wrapper</STRONG> (Thumb, 4 bytes, Stack size 0 bytes, systick_wrapper_ual.o(.text))
<BR><BR>[Called By]<UL><LI><a href="#[71]">&gt;&gt;</a>&nbsp;&nbsp;&nbsp;init_cycle_counter
</UL>

<P><STRONG><a name="[66]"></a>strlen</STRONG> (Thumb, 14 bytes, Stack size 0 bytes, strlen.o(.text))
<BR><BR>[Called By]<UL><LI><a href="#[64]">&gt;&gt;</a>&nbsp;&nbsp;&nbsp;egl::bcd16_version_str(unsigned short)
</UL>

<P><STRONG><a name="[20]"></a>__cpp_initialize__aeabi_</STRONG> (Thumb, 24 bytes, Stack size 16 bytes, cpp_init.o(.text))
<BR><BR>[Stack]<UL><LI>Max Depth = 16<LI>Call Chain = __cpp_initialize__aeabi_
</UL>
<BR>[Called By]<UL><LI><a href="#[23]">&gt;&gt;</a>&nbsp;&nbsp;&nbsp;_main_cpp_init$empty
</UL>

<P><STRONG><a name="[26]"></a>__cxa_atexit</STRONG> (Thumb, 14 bytes, Stack size 8 bytes, cxa_atexit.o(.text))
<BR><BR>[Stack]<UL><LI>Max Depth = 52<LI>Call Chain = __cxa_atexit &rArr; __aeabi_atexit &rArr; malloc
</UL>
<BR>[Calls]<UL><LI><a href="#[27]">&gt;&gt;</a>&nbsp;&nbsp;&nbsp;__aeabi_atexit
</UL>
<BR>[Called By]<UL><LI><a href="#[1c]">&gt;&gt;</a>&nbsp;&nbsp;&nbsp;_GLOBAL__sub_I_app_7.cpp
</UL>

<P><STRONG><a name="[4e]"></a>__aeabi_uidiv</STRONG> (Thumb, 0 bytes, Stack size 16 bytes, uidiv_div0.o(.text))
<BR><BR>[Stack]<UL><LI>Max Depth = 16<LI>Call Chain = __aeabi_uidiv
</UL>
<BR>[Called By]<UL><LI><a href="#[71]">&gt;&gt;</a>&nbsp;&nbsp;&nbsp;init_cycle_counter
<LI><a href="#[48]">&gt;&gt;</a>&nbsp;&nbsp;&nbsp;__aeabi_assert
<LI><a href="#[1c]">&gt;&gt;</a>&nbsp;&nbsp;&nbsp;_GLOBAL__sub_I_app_7.cpp
<LI><a href="#[19]">&gt;&gt;</a>&nbsp;&nbsp;&nbsp;__pico_entry
</UL>

<P><STRONG><a name="[93]"></a>__aeabi_uidivmod</STRONG> (Thumb, 62 bytes, Stack size 16 bytes, uidiv_div0.o(.text), UNUSED)
<BR><BR>[Called By]<UL><LI><a href="#[86]">&gt;&gt;</a>&nbsp;&nbsp;&nbsp;_printf_core
</UL>

<P><STRONG><a name="[28]"></a>__aeabi_uldivmod</STRONG> (Thumb, 96 bytes, Stack size 48 bytes, uldiv.o(.text), UNUSED)
<BR><BR>[Calls]<UL><LI><a href="#[29]">&gt;&gt;</a>&nbsp;&nbsp;&nbsp;__aeabi_llsr
<LI><a href="#[2a]">&gt;&gt;</a>&nbsp;&nbsp;&nbsp;__aeabi_llsl
</UL>
<BR>[Called By]<UL><LI><a href="#[86]">&gt;&gt;</a>&nbsp;&nbsp;&nbsp;_printf_core
<LI><a href="#[8d]">&gt;&gt;</a>&nbsp;&nbsp;&nbsp;_fp_digits
<LI><a href="#[83]">&gt;&gt;</a>&nbsp;&nbsp;&nbsp;_printf_core
</UL>

<P><STRONG><a name="[57]"></a>__aeabi_memcpy</STRONG> (Thumb, 36 bytes, Stack size 0 bytes, memcpya.o(.text))
<BR><BR>[Called By]<UL><LI><a href="#[5e]">&gt;&gt;</a>&nbsp;&nbsp;&nbsp;void egl::rasterizer::dispatch_pso&lang;egl::psc_p3g_mesh&lang;rstate_cluster_overdraw, egl::vertex_p48n32, egl::vs_static, egl::ps_color&lang;(egl::e_pixel_format)71&rang; &rang;, egl::graphics_device_st7789&rang;(egl::psc_p3g_mesh&lang;rstate_cluster_overdraw, egl::vertex_p48n32, egl::vs_static, egl::ps_color&lang;(egl::e_pixel_format)71&rang; &rang; const&, egl::graphics_device_st7789&)
<LI><a href="#[56]">&gt;&gt;</a>&nbsp;&nbsp;&nbsp;void egl::rasterizer::dispatch_pso&lang;egl::psc_p3g_mesh&lang;rstate_opaque, egl::vertex_p48n32, egl::vs_static, ps_simple_lighting&rang;, egl::graphics_device_st7789&rang;(egl::psc_p3g_mesh&lang;rstate_opaque, egl::vertex_p48n32, egl::vs_static, ps_simple_lighting&rang; const&, egl::graphics_device_st7789&)
</UL>

<P><STRONG><a name="[72]"></a>__aeabi_memcpy4</STRONG> (Thumb, 0 bytes, Stack size 0 bytes, memcpya.o(.text))
<BR><BR>[Called By]<UL><LI><a href="#[c]">&gt;&gt;</a>&nbsp;&nbsp;&nbsp;fputc
<LI><a href="#[19]">&gt;&gt;</a>&nbsp;&nbsp;&nbsp;__pico_entry
</UL>

<P><STRONG><a name="[9d]"></a>__aeabi_memcpy8</STRONG> (Thumb, 0 bytes, Stack size 0 bytes, memcpya.o(.text), UNUSED)

<P><STRONG><a name="[9e]"></a>__I$use$fp</STRONG> (Thumb, 0 bytes, Stack size 24 bytes, iusefp.o(.text), UNUSED)

<P><STRONG><a name="[27]"></a>__aeabi_atexit</STRONG> (Thumb, 42 bytes, Stack size 24 bytes, aeabi_atexit.o(.text))
<BR><BR>[Stack]<UL><LI>Max Depth = 44<LI>Call Chain = __aeabi_atexit &rArr; malloc
</UL>
<BR>[Calls]<UL><LI><a href="#[2c]">&gt;&gt;</a>&nbsp;&nbsp;&nbsp;__rt_ddtor_pointer_addr
<LI><a href="#[2b]">&gt;&gt;</a>&nbsp;&nbsp;&nbsp;malloc
</UL>
<BR>[Called By]<UL><LI><a href="#[26]">&gt;&gt;</a>&nbsp;&nbsp;&nbsp;__cxa_atexit
</UL>

<P><STRONG><a name="[2d]"></a>__aeabi_dadd</STRONG> (Thumb, 328 bytes, Stack size 48 bytes, dadd.o(.text), UNUSED)
<BR><BR>[Calls]<UL><LI><a href="#[2e]">&gt;&gt;</a>&nbsp;&nbsp;&nbsp;__aeabi_lasr
<LI><a href="#[2a]">&gt;&gt;</a>&nbsp;&nbsp;&nbsp;__aeabi_llsl
<LI><a href="#[30]">&gt;&gt;</a>&nbsp;&nbsp;&nbsp;_double_round
<LI><a href="#[2f]">&gt;&gt;</a>&nbsp;&nbsp;&nbsp;_double_epilogue
</UL>
<BR>[Called By]<UL><LI><a href="#[32]">&gt;&gt;</a>&nbsp;&nbsp;&nbsp;__aeabi_drsub
<LI><a href="#[31]">&gt;&gt;</a>&nbsp;&nbsp;&nbsp;__aeabi_dsub
<LI><a href="#[8d]">&gt;&gt;</a>&nbsp;&nbsp;&nbsp;_fp_digits
</UL>

<P><STRONG><a name="[31]"></a>__aeabi_dsub</STRONG> (Thumb, 12 bytes, Stack size 8 bytes, dadd.o(.text), UNUSED)
<BR><BR>[Calls]<UL><LI><a href="#[2d]">&gt;&gt;</a>&nbsp;&nbsp;&nbsp;__aeabi_dadd
</UL>

<P><STRONG><a name="[32]"></a>__aeabi_drsub</STRONG> (Thumb, 12 bytes, Stack size 8 bytes, dadd.o(.text), UNUSED)
<BR><BR>[Calls]<UL><LI><a href="#[2d]">&gt;&gt;</a>&nbsp;&nbsp;&nbsp;__aeabi_dadd
</UL>

<P><STRONG><a name="[33]"></a>__aeabi_dmul</STRONG> (Thumb, 202 bytes, Stack size 72 bytes, dmul.o(.text), UNUSED)
<BR><BR>[Calls]<UL><LI><a href="#[2f]">&gt;&gt;</a>&nbsp;&nbsp;&nbsp;_double_epilogue
</UL>
<BR>[Called By]<UL><LI><a href="#[8d]">&gt;&gt;</a>&nbsp;&nbsp;&nbsp;_fp_digits
</UL>

<P><STRONG><a name="[34]"></a>__aeabi_ddiv</STRONG> (Thumb, 234 bytes, Stack size 40 bytes, ddiv.o(.text), UNUSED)
<BR><BR>[Calls]<UL><LI><a href="#[30]">&gt;&gt;</a>&nbsp;&nbsp;&nbsp;_double_round
</UL>
<BR>[Called By]<UL><LI><a href="#[8d]">&gt;&gt;</a>&nbsp;&nbsp;&nbsp;_fp_digits
</UL>

<P><STRONG><a name="[35]"></a>__aeabi_d2ulz</STRONG> (Thumb, 54 bytes, Stack size 8 bytes, dfixul.o(.text), UNUSED)
<BR><BR>[Calls]<UL><LI><a href="#[29]">&gt;&gt;</a>&nbsp;&nbsp;&nbsp;__aeabi_llsr
<LI><a href="#[2a]">&gt;&gt;</a>&nbsp;&nbsp;&nbsp;__aeabi_llsl
</UL>
<BR>[Called By]<UL><LI><a href="#[8d]">&gt;&gt;</a>&nbsp;&nbsp;&nbsp;_fp_digits
</UL>

<P><STRONG><a name="[8e]"></a>__aeabi_cdrcmple</STRONG> (Thumb, 38 bytes, Stack size 0 bytes, cdrcmple.o(.text), UNUSED)
<BR><BR>[Called By]<UL><LI><a href="#[8d]">&gt;&gt;</a>&nbsp;&nbsp;&nbsp;_fp_digits
</UL>

<P><STRONG><a name="[22]"></a>__scatterload</STRONG> (Thumb, 28 bytes, Stack size 0 bytes, init.o(.text))
<BR><BR>[Calls]<UL><LI><a href="#[36]">&gt;&gt;</a>&nbsp;&nbsp;&nbsp;__main_after_scatterload
</UL>
<BR>[Called By]<UL><LI><a href="#[21]">&gt;&gt;</a>&nbsp;&nbsp;&nbsp;_main_scatterload
</UL>

<P><STRONG><a name="[9f]"></a>__scatterload_rt2</STRONG> (Thumb, 0 bytes, Stack size 0 bytes, init.o(.text), UNUSED)

<P><STRONG><a name="[2a]"></a>__aeabi_llsl</STRONG> (Thumb, 32 bytes, Stack size 8 bytes, llshl.o(.text), UNUSED)
<BR><BR>[Called By]<UL><LI><a href="#[2f]">&gt;&gt;</a>&nbsp;&nbsp;&nbsp;_double_epilogue
<LI><a href="#[28]">&gt;&gt;</a>&nbsp;&nbsp;&nbsp;__aeabi_uldivmod
<LI><a href="#[2d]">&gt;&gt;</a>&nbsp;&nbsp;&nbsp;__aeabi_dadd
<LI><a href="#[35]">&gt;&gt;</a>&nbsp;&nbsp;&nbsp;__aeabi_d2ulz
</UL>

<P><STRONG><a name="[a0]"></a>_ll_shift_l</STRONG> (Thumb, 0 bytes, Stack size 8 bytes, llshl.o(.text), UNUSED)

<P><STRONG><a name="[29]"></a>__aeabi_llsr</STRONG> (Thumb, 34 bytes, Stack size 8 bytes, llushr.o(.text), UNUSED)
<BR><BR>[Called By]<UL><LI><a href="#[2f]">&gt;&gt;</a>&nbsp;&nbsp;&nbsp;_double_epilogue
<LI><a href="#[28]">&gt;&gt;</a>&nbsp;&nbsp;&nbsp;__aeabi_uldivmod
<LI><a href="#[35]">&gt;&gt;</a>&nbsp;&nbsp;&nbsp;__aeabi_d2ulz
</UL>

<P><STRONG><a name="[a1]"></a>_ll_ushift_r</STRONG> (Thumb, 0 bytes, Stack size 8 bytes, llushr.o(.text), UNUSED)

<P><STRONG><a name="[2e]"></a>__aeabi_lasr</STRONG> (Thumb, 38 bytes, Stack size 8 bytes, llsshr.o(.text), UNUSED)
<BR><BR>[Called By]<UL><LI><a href="#[2d]">&gt;&gt;</a>&nbsp;&nbsp;&nbsp;__aeabi_dadd
</UL>

<P><STRONG><a name="[a2]"></a>_ll_sshift_r</STRONG> (Thumb, 0 bytes, Stack size 8 bytes, llsshr.o(.text), UNUSED)

<P><STRONG><a name="[2c]"></a>__rt_ddtor_pointer_addr</STRONG> (Thumb, 4 bytes, Stack size 0 bytes, cpp_dtor.o(.text))
<BR><BR>[Called By]<UL><LI><a href="#[25]">&gt;&gt;</a>&nbsp;&nbsp;&nbsp;__cxa_finalize
<LI><a href="#[27]">&gt;&gt;</a>&nbsp;&nbsp;&nbsp;__aeabi_atexit
</UL>

<P><STRONG><a name="[25]"></a>__cxa_finalize</STRONG> (Thumb, 66 bytes, Stack size 24 bytes, cxa_finalize.o(.text))
<BR><BR>[Stack]<UL><LI>Max Depth = 32<LI>Call Chain = __cxa_finalize &rArr; free
</UL>
<BR>[Calls]<UL><LI><a href="#[2c]">&gt;&gt;</a>&nbsp;&nbsp;&nbsp;__rt_ddtor_pointer_addr
<LI><a href="#[37]">&gt;&gt;</a>&nbsp;&nbsp;&nbsp;free
</UL>
<BR>[Called By]<UL><LI><a href="#[24]">&gt;&gt;</a>&nbsp;&nbsp;&nbsp;__rt_final_cpp$nonempty
</UL>

<P><STRONG><a name="[30]"></a>_double_round</STRONG> (Thumb, 26 bytes, Stack size 8 bytes, depilogue.o(.text), UNUSED)
<BR><BR>[Called By]<UL><LI><a href="#[2f]">&gt;&gt;</a>&nbsp;&nbsp;&nbsp;_double_epilogue
<LI><a href="#[34]">&gt;&gt;</a>&nbsp;&nbsp;&nbsp;__aeabi_ddiv
<LI><a href="#[2d]">&gt;&gt;</a>&nbsp;&nbsp;&nbsp;__aeabi_dadd
</UL>

<P><STRONG><a name="[2f]"></a>_double_epilogue</STRONG> (Thumb, 164 bytes, Stack size 48 bytes, depilogue.o(.text), UNUSED)
<BR><BR>[Calls]<UL><LI><a href="#[38]">&gt;&gt;</a>&nbsp;&nbsp;&nbsp;__ARM_clz
<LI><a href="#[29]">&gt;&gt;</a>&nbsp;&nbsp;&nbsp;__aeabi_llsr
<LI><a href="#[2a]">&gt;&gt;</a>&nbsp;&nbsp;&nbsp;__aeabi_llsl
<LI><a href="#[30]">&gt;&gt;</a>&nbsp;&nbsp;&nbsp;_double_round
</UL>
<BR>[Called By]<UL><LI><a href="#[33]">&gt;&gt;</a>&nbsp;&nbsp;&nbsp;__aeabi_dmul
<LI><a href="#[2d]">&gt;&gt;</a>&nbsp;&nbsp;&nbsp;__aeabi_dadd
</UL>

<P><STRONG><a name="[a3]"></a>__rt_lib_shutdown_cpp_2</STRONG> (Thumb, 2 bytes, Stack size 0 bytes, cpp_final.o(.text), UNUSED)

<P><STRONG><a name="[50]"></a>__aeabi_lmul</STRONG> (Thumb, 48 bytes, Stack size 12 bytes, llmul.o(.text))
<BR><BR>[Stack]<UL><LI>Max Depth = 12<LI>Call Chain = __aeabi_lmul
</UL>
<BR>[Called By]<UL><LI><a href="#[1c]">&gt;&gt;</a>&nbsp;&nbsp;&nbsp;_GLOBAL__sub_I_app_7.cpp
</UL>

<P><STRONG><a name="[a4]"></a>_ll_mul</STRONG> (Thumb, 0 bytes, Stack size 12 bytes, llmul.o(.text), UNUSED)

<P><STRONG><a name="[3a]"></a>__aeabi_memset</STRONG> (Thumb, 14 bytes, Stack size 0 bytes, memseta.o(.text))
<BR><BR>[Called By]<UL><LI><a href="#[60]">&gt;&gt;</a>&nbsp;&nbsp;&nbsp;egl::rasterizer::rasterize_tile(egl::render_target_cfg const&, egl::rasterizer_tile&, unsigned short)
<LI><a href="#[3b]">&gt;&gt;</a>&nbsp;&nbsp;&nbsp;_memset$wrapper
<LI><a href="#[39]">&gt;&gt;</a>&nbsp;&nbsp;&nbsp;__aeabi_memclr
<LI><a href="#[78]">&gt;&gt;</a>&nbsp;&nbsp;&nbsp;app_entry
</UL>

<P><STRONG><a name="[79]"></a>__aeabi_memset4</STRONG> (Thumb, 0 bytes, Stack size 0 bytes, memseta.o(.text))
<BR><BR>[Called By]<UL><LI><a href="#[78]">&gt;&gt;</a>&nbsp;&nbsp;&nbsp;app_entry
</UL>

<P><STRONG><a name="[a5]"></a>__aeabi_memset8</STRONG> (Thumb, 0 bytes, Stack size 0 bytes, memseta.o(.text), UNUSED)

<P><STRONG><a name="[39]"></a>__aeabi_memclr</STRONG> (Thumb, 4 bytes, Stack size 0 bytes, memseta.o(.text))
<BR><BR>[Calls]<UL><LI><a href="#[3a]">&gt;&gt;</a>&nbsp;&nbsp;&nbsp;__aeabi_memset
</UL>
<BR>[Called By]<UL><LI><a href="#[60]">&gt;&gt;</a>&nbsp;&nbsp;&nbsp;egl::rasterizer::rasterize_tile(egl::render_target_cfg const&, egl::rasterizer_tile&, unsigned short)
<LI><a href="#[78]">&gt;&gt;</a>&nbsp;&nbsp;&nbsp;app_entry
</UL>

<P><STRONG><a name="[4a]"></a>__aeabi_memclr4</STRONG> (Thumb, 0 bytes, Stack size 0 bytes, memseta.o(.text))
<BR><BR>[Called By]<UL><LI><a href="#[1c]">&gt;&gt;</a>&nbsp;&nbsp;&nbsp;_GLOBAL__sub_I_app_7.cpp
<LI><a href="#[49]">&gt;&gt;</a>&nbsp;&nbsp;&nbsp;EventRecorderInitialize
</UL>

<P><STRONG><a name="[4b]"></a>__aeabi_memclr8</STRONG> (Thumb, 0 bytes, Stack size 0 bytes, memseta.o(.text))
<BR><BR>[Called By]<UL><LI><a href="#[49]">&gt;&gt;</a>&nbsp;&nbsp;&nbsp;EventRecorderInitialize
</UL>

<P><STRONG><a name="[3b]"></a>_memset$wrapper</STRONG> (Thumb, 18 bytes, Stack size 8 bytes, memseta.o(.text), UNUSED)
<BR><BR>[Calls]<UL><LI><a href="#[3a]">&gt;&gt;</a>&nbsp;&nbsp;&nbsp;__aeabi_memset
</UL>

<P><STRONG><a name="[3c]"></a>__aeabi_fadd</STRONG> (Thumb, 162 bytes, Stack size 24 bytes, fadd.o(.text))
<BR><BR>[Stack]<UL><LI>Max Depth = 36<LI>Call Chain = __aeabi_fadd &rArr; _float_epilogue
</UL>
<BR>[Calls]<UL><LI><a href="#[3e]">&gt;&gt;</a>&nbsp;&nbsp;&nbsp;_float_round
<LI><a href="#[3d]">&gt;&gt;</a>&nbsp;&nbsp;&nbsp;_float_epilogue
</UL>
<BR>[Called By]<UL><LI><a href="#[5f]">&gt;&gt;</a>&nbsp;&nbsp;&nbsp;egl::psc_p3g_mesh&lang;rstate_cluster_overdraw, egl::vertex_p48n32, egl::vs_static, egl::ps_color&lang;(egl::e_pixel_format)71&rang; &rang;::get_pso_state(egl::psc_p3g_mesh&lang;rstate_cluster_overdraw, egl::vertex_p48n32, egl::vs_static, egl::ps_color&lang;(egl::e_pixel_format)71&rang; &rang;::pso_state&) const
<LI><a href="#[58]">&gt;&gt;</a>&nbsp;&nbsp;&nbsp;egl::psc_p3g_mesh&lang;rstate_opaque, egl::vertex_p48n32, egl::vs_static, ps_simple_lighting&rang;::get_pso_state(egl::psc_p3g_mesh&lang;rstate_opaque, egl::vertex_p48n32, egl::vs_static, ps_simple_lighting&rang;::pso_state&) const
<LI><a href="#[13]">&gt;&gt;</a>&nbsp;&nbsp;&nbsp;egl::rasterizer::psc_wrapper&lang;egl::psc_p3g_mesh&lang;rstate_cluster_overdraw, egl::vertex_p48n32, egl::vs_static, egl::ps_color&lang;(egl::e_pixel_format)71&rang; &rang;, egl::graphics_device_st7789&rang;::rasterize_cluster(egl::rasterizer_callback_base&, egl::rasterizer::result&, egl::render_target_cfg const&, unsigned short, unsigned short, unsigned short, unsigned short, unsigned int, void const*, unsigned short, unsigned short, unsigned short) const
<LI><a href="#[10]">&gt;&gt;</a>&nbsp;&nbsp;&nbsp;egl::rasterizer::psc_wrapper&lang;egl::psc_p3g_mesh&lang;rstate_opaque, egl::vertex_p48n32, egl::vs_static, ps_simple_lighting&rang;, egl::graphics_device_st7789&rang;::rasterize_cluster(egl::rasterizer_callback_base&, egl::rasterizer::result&, egl::render_target_cfg const&, unsigned short, unsigned short, unsigned short, unsigned short, unsigned int, void const*, unsigned short, unsigned short, unsigned short) const
<LI><a href="#[53]">&gt;&gt;</a>&nbsp;&nbsp;&nbsp;egl::camera&lang;float&rang;::update_transforms()
<LI><a href="#[5a]">&gt;&gt;</a>&nbsp;&nbsp;&nbsp;egl::rasterizer_tiling::add_cluster(egl::mat44&lang;float&rang; const&, egl::vec3&lang;float&rang; const&, float, unsigned short, unsigned short)
<LI><a href="#[5e]">&gt;&gt;</a>&nbsp;&nbsp;&nbsp;void egl::rasterizer::dispatch_pso&lang;egl::psc_p3g_mesh&lang;rstate_cluster_overdraw, egl::vertex_p48n32, egl::vs_static, egl::ps_color&lang;(egl::e_pixel_format)71&rang; &rang;, egl::graphics_device_st7789&rang;(egl::psc_p3g_mesh&lang;rstate_cluster_overdraw, egl::vertex_p48n32, egl::vs_static, egl::ps_color&lang;(egl::e_pixel_format)71&rang; &rang; const&, egl::graphics_device_st7789&)
<LI><a href="#[56]">&gt;&gt;</a>&nbsp;&nbsp;&nbsp;void egl::rasterizer::dispatch_pso&lang;egl::psc_p3g_mesh&lang;rstate_opaque, egl::vertex_p48n32, egl::vs_static, ps_simple_lighting&rang;, egl::graphics_device_st7789&rang;(egl::psc_p3g_mesh&lang;rstate_opaque, egl::vertex_p48n32, egl::vs_static, ps_simple_lighting&rang; const&, egl::graphics_device_st7789&)
<LI><a href="#[8b]">&gt;&gt;</a>&nbsp;&nbsp;&nbsp;__mathlib_rredf2
<LI><a href="#[7a]">&gt;&gt;</a>&nbsp;&nbsp;&nbsp;sinf
<LI><a href="#[40]">&gt;&gt;</a>&nbsp;&nbsp;&nbsp;__aeabi_frsub
<LI><a href="#[7b]">&gt;&gt;</a>&nbsp;&nbsp;&nbsp;cosf
<LI><a href="#[3f]">&gt;&gt;</a>&nbsp;&nbsp;&nbsp;__aeabi_fsub
<LI><a href="#[78]">&gt;&gt;</a>&nbsp;&nbsp;&nbsp;app_entry
</UL>

<P><STRONG><a name="[3f]"></a>__aeabi_fsub</STRONG> (Thumb, 8 bytes, Stack size 0 bytes, fadd.o(.text))
<BR><BR>[Stack]<UL><LI>Max Depth = 36<LI>Call Chain = __aeabi_fsub &rArr; __aeabi_fadd &rArr; _float_epilogue
</UL>
<BR>[Calls]<UL><LI><a href="#[3c]">&gt;&gt;</a>&nbsp;&nbsp;&nbsp;__aeabi_fadd
</UL>
<BR>[Called By]<UL><LI><a href="#[5f]">&gt;&gt;</a>&nbsp;&nbsp;&nbsp;egl::psc_p3g_mesh&lang;rstate_cluster_overdraw, egl::vertex_p48n32, egl::vs_static, egl::ps_color&lang;(egl::e_pixel_format)71&rang; &rang;::get_pso_state(egl::psc_p3g_mesh&lang;rstate_cluster_overdraw, egl::vertex_p48n32, egl::vs_static, egl::ps_color&lang;(egl::e_pixel_format)71&rang; &rang;::pso_state&) const
<LI><a href="#[58]">&gt;&gt;</a>&nbsp;&nbsp;&nbsp;egl::psc_p3g_mesh&lang;rstate_opaque, egl::vertex_p48n32, egl::vs_static, ps_simple_lighting&rang;::get_pso_state(egl::psc_p3g_mesh&lang;rstate_opaque, egl::vertex_p48n32, egl::vs_static, ps_simple_lighting&rang;::pso_state&) const
<LI><a href="#[13]">&gt;&gt;</a>&nbsp;&nbsp;&nbsp;egl::rasterizer::psc_wrapper&lang;egl::psc_p3g_mesh&lang;rstate_cluster_overdraw, egl::vertex_p48n32, egl::vs_static, egl::ps_color&lang;(egl::e_pixel_format)71&rang; &rang;, egl::graphics_device_st7789&rang;::rasterize_cluster(egl::rasterizer_callback_base&, egl::rasterizer::result&, egl::render_target_cfg const&, unsigned short, unsigned short, unsigned short, unsigned short, unsigned int, void const*, unsigned short, unsigned short, unsigned short) const
<LI><a href="#[10]">&gt;&gt;</a>&nbsp;&nbsp;&nbsp;egl::rasterizer::psc_wrapper&lang;egl::psc_p3g_mesh&lang;rstate_opaque, egl::vertex_p48n32, egl::vs_static, ps_simple_lighting&rang;, egl::graphics_device_st7789&rang;::rasterize_cluster(egl::rasterizer_callback_base&, egl::rasterizer::result&, egl::render_target_cfg const&, unsigned short, unsigned short, unsigned short, unsigned short, unsigned int, void const*, unsigned short, unsigned short, unsigned short) const
<LI><a href="#[53]">&gt;&gt;</a>&nbsp;&nbsp;&nbsp;egl::camera&lang;float&rang;::update_transforms()
<LI><a href="#[5a]">&gt;&gt;</a>&nbsp;&nbsp;&nbsp;egl::rasterizer_tiling::add_cluster(egl::mat44&lang;float&rang; const&, egl::vec3&lang;float&rang; const&, float, unsigned short, unsigned short)
<LI><a href="#[5e]">&gt;&gt;</a>&nbsp;&nbsp;&nbsp;void egl::rasterizer::dispatch_pso&lang;egl::psc_p3g_mesh&lang;rstate_cluster_overdraw, egl::vertex_p48n32, egl::vs_static, egl::ps_color&lang;(egl::e_pixel_format)71&rang; &rang;, egl::graphics_device_st7789&rang;(egl::psc_p3g_mesh&lang;rstate_cluster_overdraw, egl::vertex_p48n32, egl::vs_static, egl::ps_color&lang;(egl::e_pixel_format)71&rang; &rang; const&, egl::graphics_device_st7789&)
<LI><a href="#[56]">&gt;&gt;</a>&nbsp;&nbsp;&nbsp;void egl::rasterizer::dispatch_pso&lang;egl::psc_p3g_mesh&lang;rstate_opaque, egl::vertex_p48n32, egl::vs_static, ps_simple_lighting&rang;, egl::graphics_device_st7789&rang;(egl::psc_p3g_mesh&lang;rstate_opaque, egl::vertex_p48n32, egl::vs_static, ps_simple_lighting&rang; const&, egl::graphics_device_st7789&)
<LI><a href="#[8b]">&gt;&gt;</a>&nbsp;&nbsp;&nbsp;__mathlib_rredf2
<LI><a href="#[7a]">&gt;&gt;</a>&nbsp;&nbsp;&nbsp;sinf
<LI><a href="#[7b]">&gt;&gt;</a>&nbsp;&nbsp;&nbsp;cosf
</UL>

<P><STRONG><a name="[40]"></a>__aeabi_frsub</STRONG> (Thumb, 8 bytes, Stack size 0 bytes, fadd.o(.text))
<BR><BR>[Stack]<UL><LI>Max Depth = 36<LI>Call Chain = __aeabi_frsub &rArr; __aeabi_fadd &rArr; _float_epilogue
</UL>
<BR>[Calls]<UL><LI><a href="#[3c]">&gt;&gt;</a>&nbsp;&nbsp;&nbsp;__aeabi_fadd
</UL>
<BR>[Called By]<UL><LI><a href="#[8b]">&gt;&gt;</a>&nbsp;&nbsp;&nbsp;__mathlib_rredf2
<LI><a href="#[7a]">&gt;&gt;</a>&nbsp;&nbsp;&nbsp;sinf
<LI><a href="#[7b]">&gt;&gt;</a>&nbsp;&nbsp;&nbsp;cosf
</UL>

<P><STRONG><a name="[59]"></a>__aeabi_fmul</STRONG> (Thumb, 122 bytes, Stack size 16 bytes, fmul.o(.text))
<BR><BR>[Stack]<UL><LI>Max Depth = 16<LI>Call Chain = __aeabi_fmul
</UL>
<BR>[Called By]<UL><LI><a href="#[5f]">&gt;&gt;</a>&nbsp;&nbsp;&nbsp;egl::psc_p3g_mesh&lang;rstate_cluster_overdraw, egl::vertex_p48n32, egl::vs_static, egl::ps_color&lang;(egl::e_pixel_format)71&rang; &rang;::get_pso_state(egl::psc_p3g_mesh&lang;rstate_cluster_overdraw, egl::vertex_p48n32, egl::vs_static, egl::ps_color&lang;(egl::e_pixel_format)71&rang; &rang;::pso_state&) const
<LI><a href="#[58]">&gt;&gt;</a>&nbsp;&nbsp;&nbsp;egl::psc_p3g_mesh&lang;rstate_opaque, egl::vertex_p48n32, egl::vs_static, ps_simple_lighting&rang;::get_pso_state(egl::psc_p3g_mesh&lang;rstate_opaque, egl::vertex_p48n32, egl::vs_static, ps_simple_lighting&rang;::pso_state&) const
<LI><a href="#[13]">&gt;&gt;</a>&nbsp;&nbsp;&nbsp;egl::rasterizer::psc_wrapper&lang;egl::psc_p3g_mesh&lang;rstate_cluster_overdraw, egl::vertex_p48n32, egl::vs_static, egl::ps_color&lang;(egl::e_pixel_format)71&rang; &rang;, egl::graphics_device_st7789&rang;::rasterize_cluster(egl::rasterizer_callback_base&, egl::rasterizer::result&, egl::render_target_cfg const&, unsigned short, unsigned short, unsigned short, unsigned short, unsigned int, void const*, unsigned short, unsigned short, unsigned short) const
<LI><a href="#[10]">&gt;&gt;</a>&nbsp;&nbsp;&nbsp;egl::rasterizer::psc_wrapper&lang;egl::psc_p3g_mesh&lang;rstate_opaque, egl::vertex_p48n32, egl::vs_static, ps_simple_lighting&rang;, egl::graphics_device_st7789&rang;::rasterize_cluster(egl::rasterizer_callback_base&, egl::rasterizer::result&, egl::render_target_cfg const&, unsigned short, unsigned short, unsigned short, unsigned short, unsigned int, void const*, unsigned short, unsigned short, unsigned short) const
<LI><a href="#[53]">&gt;&gt;</a>&nbsp;&nbsp;&nbsp;egl::camera&lang;float&rang;::update_transforms()
<LI><a href="#[5a]">&gt;&gt;</a>&nbsp;&nbsp;&nbsp;egl::rasterizer_tiling::add_cluster(egl::mat44&lang;float&rang; const&, egl::vec3&lang;float&rang; const&, float, unsigned short, unsigned short)
<LI><a href="#[67]">&gt;&gt;</a>&nbsp;&nbsp;&nbsp;egl::rasterizer_tiling::add_cluster(egl::vec3&lang;float&rang; const&, egl::vec3&lang;float&rang; const&, unsigned short, unsigned short)
<LI><a href="#[60]">&gt;&gt;</a>&nbsp;&nbsp;&nbsp;egl::rasterizer::rasterize_tile(egl::render_target_cfg const&, egl::rasterizer_tile&, unsigned short)
<LI><a href="#[5e]">&gt;&gt;</a>&nbsp;&nbsp;&nbsp;void egl::rasterizer::dispatch_pso&lang;egl::psc_p3g_mesh&lang;rstate_cluster_overdraw, egl::vertex_p48n32, egl::vs_static, egl::ps_color&lang;(egl::e_pixel_format)71&rang; &rang;, egl::graphics_device_st7789&rang;(egl::psc_p3g_mesh&lang;rstate_cluster_overdraw, egl::vertex_p48n32, egl::vs_static, egl::ps_color&lang;(egl::e_pixel_format)71&rang; &rang; const&, egl::graphics_device_st7789&)
<LI><a href="#[56]">&gt;&gt;</a>&nbsp;&nbsp;&nbsp;void egl::rasterizer::dispatch_pso&lang;egl::psc_p3g_mesh&lang;rstate_opaque, egl::vertex_p48n32, egl::vs_static, ps_simple_lighting&rang;, egl::graphics_device_st7789&rang;(egl::psc_p3g_mesh&lang;rstate_opaque, egl::vertex_p48n32, egl::vs_static, ps_simple_lighting&rang; const&, egl::graphics_device_st7789&)
<LI><a href="#[8b]">&gt;&gt;</a>&nbsp;&nbsp;&nbsp;__mathlib_rredf2
<LI><a href="#[7a]">&gt;&gt;</a>&nbsp;&nbsp;&nbsp;sinf
<LI><a href="#[7b]">&gt;&gt;</a>&nbsp;&nbsp;&nbsp;cosf
<LI><a href="#[78]">&gt;&gt;</a>&nbsp;&nbsp;&nbsp;app_entry
</UL>

<P><STRONG><a name="[41]"></a>__aeabi_fdiv</STRONG> (Thumb, 124 bytes, Stack size 16 bytes, fdiv.o(.text))
<BR><BR>[Stack]<UL><LI>Max Depth = 16<LI>Call Chain = __aeabi_fdiv
</UL>
<BR>[Calls]<UL><LI><a href="#[3e]">&gt;&gt;</a>&nbsp;&nbsp;&nbsp;_float_round
</UL>
<BR>[Called By]<UL><LI><a href="#[5f]">&gt;&gt;</a>&nbsp;&nbsp;&nbsp;egl::psc_p3g_mesh&lang;rstate_cluster_overdraw, egl::vertex_p48n32, egl::vs_static, egl::ps_color&lang;(egl::e_pixel_format)71&rang; &rang;::get_pso_state(egl::psc_p3g_mesh&lang;rstate_cluster_overdraw, egl::vertex_p48n32, egl::vs_static, egl::ps_color&lang;(egl::e_pixel_format)71&rang; &rang;::pso_state&) const
<LI><a href="#[58]">&gt;&gt;</a>&nbsp;&nbsp;&nbsp;egl::psc_p3g_mesh&lang;rstate_opaque, egl::vertex_p48n32, egl::vs_static, ps_simple_lighting&rang;::get_pso_state(egl::psc_p3g_mesh&lang;rstate_opaque, egl::vertex_p48n32, egl::vs_static, ps_simple_lighting&rang;::pso_state&) const
<LI><a href="#[13]">&gt;&gt;</a>&nbsp;&nbsp;&nbsp;egl::rasterizer::psc_wrapper&lang;egl::psc_p3g_mesh&lang;rstate_cluster_overdraw, egl::vertex_p48n32, egl::vs_static, egl::ps_color&lang;(egl::e_pixel_format)71&rang; &rang;, egl::graphics_device_st7789&rang;::rasterize_cluster(egl::rasterizer_callback_base&, egl::rasterizer::result&, egl::render_target_cfg const&, unsigned short, unsigned short, unsigned short, unsigned short, unsigned int, void const*, unsigned short, unsigned short, unsigned short) const
<LI><a href="#[10]">&gt;&gt;</a>&nbsp;&nbsp;&nbsp;egl::rasterizer::psc_wrapper&lang;egl::psc_p3g_mesh&lang;rstate_opaque, egl::vertex_p48n32, egl::vs_static, ps_simple_lighting&rang;, egl::graphics_device_st7789&rang;::rasterize_cluster(egl::rasterizer_callback_base&, egl::rasterizer::result&, egl::render_target_cfg const&, unsigned short, unsigned short, unsigned short, unsigned short, unsigned int, void const*, unsigned short, unsigned short, unsigned short) const
<LI><a href="#[53]">&gt;&gt;</a>&nbsp;&nbsp;&nbsp;egl::camera&lang;float&rang;::update_transforms()
<LI><a href="#[5a]">&gt;&gt;</a>&nbsp;&nbsp;&nbsp;egl::rasterizer_tiling::add_cluster(egl::mat44&lang;float&rang; const&, egl::vec3&lang;float&rang; const&, float, unsigned short, unsigned short)
<LI><a href="#[5e]">&gt;&gt;</a>&nbsp;&nbsp;&nbsp;void egl::rasterizer::dispatch_pso&lang;egl::psc_p3g_mesh&lang;rstate_cluster_overdraw, egl::vertex_p48n32, egl::vs_static, egl::ps_color&lang;(egl::e_pixel_format)71&rang; &rang;, egl::graphics_device_st7789&rang;(egl::psc_p3g_mesh&lang;rstate_cluster_overdraw, egl::vertex_p48n32, egl::vs_static, egl::ps_color&lang;(egl::e_pixel_format)71&rang; &rang; const&, egl::graphics_device_st7789&)
<LI><a href="#[56]">&gt;&gt;</a>&nbsp;&nbsp;&nbsp;void egl::rasterizer::dispatch_pso&lang;egl::psc_p3g_mesh&lang;rstate_opaque, egl::vertex_p48n32, egl::vs_static, ps_simple_lighting&rang;, egl::graphics_device_st7789&rang;(egl::psc_p3g_mesh&lang;rstate_opaque, egl::vertex_p48n32, egl::vs_static, ps_simple_lighting&rang; const&, egl::graphics_device_st7789&)
<LI><a href="#[89]">&gt;&gt;</a>&nbsp;&nbsp;&nbsp;__mathlib_flt_invalid
</UL>

<P><STRONG><a name="[69]"></a>__aeabi_fcmple</STRONG> (Thumb, 28 bytes, Stack size 0 bytes, fcmple.o(.text))
<BR><BR>[Called By]<UL><LI><a href="#[5a]">&gt;&gt;</a>&nbsp;&nbsp;&nbsp;egl::rasterizer_tiling::add_cluster(egl::mat44&lang;float&rang; const&, egl::vec3&lang;float&rang; const&, float, unsigned short, unsigned short)
<LI><a href="#[78]">&gt;&gt;</a>&nbsp;&nbsp;&nbsp;app_entry
</UL>

<P><STRONG><a name="[5d]"></a>__aeabi_fcmplt</STRONG> (Thumb, 28 bytes, Stack size 0 bytes, fcmplt.o(.text))
<BR><BR>[Called By]<UL><LI><a href="#[5f]">&gt;&gt;</a>&nbsp;&nbsp;&nbsp;egl::psc_p3g_mesh&lang;rstate_cluster_overdraw, egl::vertex_p48n32, egl::vs_static, egl::ps_color&lang;(egl::e_pixel_format)71&rang; &rang;::get_pso_state(egl::psc_p3g_mesh&lang;rstate_cluster_overdraw, egl::vertex_p48n32, egl::vs_static, egl::ps_color&lang;(egl::e_pixel_format)71&rang; &rang;::pso_state&) const
<LI><a href="#[58]">&gt;&gt;</a>&nbsp;&nbsp;&nbsp;egl::psc_p3g_mesh&lang;rstate_opaque, egl::vertex_p48n32, egl::vs_static, ps_simple_lighting&rang;::get_pso_state(egl::psc_p3g_mesh&lang;rstate_opaque, egl::vertex_p48n32, egl::vs_static, ps_simple_lighting&rang;::pso_state&) const
<LI><a href="#[60]">&gt;&gt;</a>&nbsp;&nbsp;&nbsp;egl::rasterizer::rasterize_tile(egl::render_target_cfg const&, egl::rasterizer_tile&, unsigned short)
<LI><a href="#[5e]">&gt;&gt;</a>&nbsp;&nbsp;&nbsp;void egl::rasterizer::dispatch_pso&lang;egl::psc_p3g_mesh&lang;rstate_cluster_overdraw, egl::vertex_p48n32, egl::vs_static, egl::ps_color&lang;(egl::e_pixel_format)71&rang; &rang;, egl::graphics_device_st7789&rang;(egl::psc_p3g_mesh&lang;rstate_cluster_overdraw, egl::vertex_p48n32, egl::vs_static, egl::ps_color&lang;(egl::e_pixel_format)71&rang; &rang; const&, egl::graphics_device_st7789&)
<LI><a href="#[56]">&gt;&gt;</a>&nbsp;&nbsp;&nbsp;void egl::rasterizer::dispatch_pso&lang;egl::psc_p3g_mesh&lang;rstate_opaque, egl::vertex_p48n32, egl::vs_static, ps_simple_lighting&rang;, egl::graphics_device_st7789&rang;(egl::psc_p3g_mesh&lang;rstate_opaque, egl::vertex_p48n32, egl::vs_static, ps_simple_lighting&rang; const&, egl::graphics_device_st7789&)
</UL>

<P><STRONG><a name="[6a]"></a>__aeabi_fcmpge</STRONG> (Thumb, 28 bytes, Stack size 0 bytes, fcmpge.o(.text))
<BR><BR>[Called By]<UL><LI><a href="#[5a]">&gt;&gt;</a>&nbsp;&nbsp;&nbsp;egl::rasterizer_tiling::add_cluster(egl::mat44&lang;float&rang; const&, egl::vec3&lang;float&rang; const&, float, unsigned short, unsigned short)
</UL>

<P><STRONG><a name="[68]"></a>__aeabi_fcmpgt</STRONG> (Thumb, 28 bytes, Stack size 0 bytes, fcmpgt.o(.text))
<BR><BR>[Called By]<UL><LI><a href="#[13]">&gt;&gt;</a>&nbsp;&nbsp;&nbsp;egl::rasterizer::psc_wrapper&lang;egl::psc_p3g_mesh&lang;rstate_cluster_overdraw, egl::vertex_p48n32, egl::vs_static, egl::ps_color&lang;(egl::e_pixel_format)71&rang; &rang;, egl::graphics_device_st7789&rang;::rasterize_cluster(egl::rasterizer_callback_base&, egl::rasterizer::result&, egl::render_target_cfg const&, unsigned short, unsigned short, unsigned short, unsigned short, unsigned int, void const*, unsigned short, unsigned short, unsigned short) const
<LI><a href="#[10]">&gt;&gt;</a>&nbsp;&nbsp;&nbsp;egl::rasterizer::psc_wrapper&lang;egl::psc_p3g_mesh&lang;rstate_opaque, egl::vertex_p48n32, egl::vs_static, ps_simple_lighting&rang;, egl::graphics_device_st7789&rang;::rasterize_cluster(egl::rasterizer_callback_base&, egl::rasterizer::result&, egl::render_target_cfg const&, unsigned short, unsigned short, unsigned short, unsigned short, unsigned int, void const*, unsigned short, unsigned short, unsigned short) const
<LI><a href="#[5a]">&gt;&gt;</a>&nbsp;&nbsp;&nbsp;egl::rasterizer_tiling::add_cluster(egl::mat44&lang;float&rang; const&, egl::vec3&lang;float&rang; const&, float, unsigned short, unsigned short)
</UL>

<P><STRONG><a name="[5b]"></a>__aeabi_fcmpeq</STRONG> (Thumb, 28 bytes, Stack size 0 bytes, fcmpeq.o(.text))
<BR><BR>[Called By]<UL><LI><a href="#[5f]">&gt;&gt;</a>&nbsp;&nbsp;&nbsp;egl::psc_p3g_mesh&lang;rstate_cluster_overdraw, egl::vertex_p48n32, egl::vs_static, egl::ps_color&lang;(egl::e_pixel_format)71&rang; &rang;::get_pso_state(egl::psc_p3g_mesh&lang;rstate_cluster_overdraw, egl::vertex_p48n32, egl::vs_static, egl::ps_color&lang;(egl::e_pixel_format)71&rang; &rang;::pso_state&) const
<LI><a href="#[58]">&gt;&gt;</a>&nbsp;&nbsp;&nbsp;egl::psc_p3g_mesh&lang;rstate_opaque, egl::vertex_p48n32, egl::vs_static, ps_simple_lighting&rang;::get_pso_state(egl::psc_p3g_mesh&lang;rstate_opaque, egl::vertex_p48n32, egl::vs_static, ps_simple_lighting&rang;::pso_state&) const
<LI><a href="#[53]">&gt;&gt;</a>&nbsp;&nbsp;&nbsp;egl::camera&lang;float&rang;::update_transforms()
<LI><a href="#[5a]">&gt;&gt;</a>&nbsp;&nbsp;&nbsp;egl::rasterizer_tiling::add_cluster(egl::mat44&lang;float&rang; const&, egl::vec3&lang;float&rang; const&, float, unsigned short, unsigned short)
<LI><a href="#[5e]">&gt;&gt;</a>&nbsp;&nbsp;&nbsp;void egl::rasterizer::dispatch_pso&lang;egl::psc_p3g_mesh&lang;rstate_cluster_overdraw, egl::vertex_p48n32, egl::vs_static, egl::ps_color&lang;(egl::e_pixel_format)71&rang; &rang;, egl::graphics_device_st7789&rang;(egl::psc_p3g_mesh&lang;rstate_cluster_overdraw, egl::vertex_p48n32, egl::vs_static, egl::ps_color&lang;(egl::e_pixel_format)71&rang; &rang; const&, egl::graphics_device_st7789&)
<LI><a href="#[56]">&gt;&gt;</a>&nbsp;&nbsp;&nbsp;void egl::rasterizer::dispatch_pso&lang;egl::psc_p3g_mesh&lang;rstate_opaque, egl::vertex_p48n32, egl::vs_static, ps_simple_lighting&rang;, egl::graphics_device_st7789&rang;(egl::psc_p3g_mesh&lang;rstate_opaque, egl::vertex_p48n32, egl::vs_static, ps_simple_lighting&rang; const&, egl::graphics_device_st7789&)
</UL>

<P><STRONG><a name="[42]"></a>__aeabi_i2f</STRONG> (Thumb, 22 bytes, Stack size 8 bytes, fflti.o(.text))
<BR><BR>[Stack]<UL><LI>Max Depth = 20<LI>Call Chain = __aeabi_i2f &rArr; _float_epilogue
</UL>
<BR>[Calls]<UL><LI><a href="#[3d]">&gt;&gt;</a>&nbsp;&nbsp;&nbsp;_float_epilogue
</UL>
<BR>[Called By]<UL><LI><a href="#[13]">&gt;&gt;</a>&nbsp;&nbsp;&nbsp;egl::rasterizer::psc_wrapper&lang;egl::psc_p3g_mesh&lang;rstate_cluster_overdraw, egl::vertex_p48n32, egl::vs_static, egl::ps_color&lang;(egl::e_pixel_format)71&rang; &rang;, egl::graphics_device_st7789&rang;::rasterize_cluster(egl::rasterizer_callback_base&, egl::rasterizer::result&, egl::render_target_cfg const&, unsigned short, unsigned short, unsigned short, unsigned short, unsigned int, void const*, unsigned short, unsigned short, unsigned short) const
<LI><a href="#[10]">&gt;&gt;</a>&nbsp;&nbsp;&nbsp;egl::rasterizer::psc_wrapper&lang;egl::psc_p3g_mesh&lang;rstate_opaque, egl::vertex_p48n32, egl::vs_static, ps_simple_lighting&rang;, egl::graphics_device_st7789&rang;::rasterize_cluster(egl::rasterizer_callback_base&, egl::rasterizer::result&, egl::render_target_cfg const&, unsigned short, unsigned short, unsigned short, unsigned short, unsigned int, void const*, unsigned short, unsigned short, unsigned short) const
<LI><a href="#[5e]">&gt;&gt;</a>&nbsp;&nbsp;&nbsp;void egl::rasterizer::dispatch_pso&lang;egl::psc_p3g_mesh&lang;rstate_cluster_overdraw, egl::vertex_p48n32, egl::vs_static, egl::ps_color&lang;(egl::e_pixel_format)71&rang; &rang;, egl::graphics_device_st7789&rang;(egl::psc_p3g_mesh&lang;rstate_cluster_overdraw, egl::vertex_p48n32, egl::vs_static, egl::ps_color&lang;(egl::e_pixel_format)71&rang; &rang; const&, egl::graphics_device_st7789&)
<LI><a href="#[56]">&gt;&gt;</a>&nbsp;&nbsp;&nbsp;void egl::rasterizer::dispatch_pso&lang;egl::psc_p3g_mesh&lang;rstate_opaque, egl::vertex_p48n32, egl::vs_static, ps_simple_lighting&rang;, egl::graphics_device_st7789&rang;(egl::psc_p3g_mesh&lang;rstate_opaque, egl::vertex_p48n32, egl::vs_static, ps_simple_lighting&rang; const&, egl::graphics_device_st7789&)
<LI><a href="#[8b]">&gt;&gt;</a>&nbsp;&nbsp;&nbsp;__mathlib_rredf2
<LI><a href="#[78]">&gt;&gt;</a>&nbsp;&nbsp;&nbsp;app_entry
</UL>

<P><STRONG><a name="[43]"></a>__aeabi_ui2f</STRONG> (Thumb, 14 bytes, Stack size 8 bytes, ffltui.o(.text))
<BR><BR>[Stack]<UL><LI>Max Depth = 20<LI>Call Chain = __aeabi_ui2f &rArr; _float_epilogue
</UL>
<BR>[Calls]<UL><LI><a href="#[3d]">&gt;&gt;</a>&nbsp;&nbsp;&nbsp;_float_epilogue
</UL>
<BR>[Called By]<UL><LI><a href="#[13]">&gt;&gt;</a>&nbsp;&nbsp;&nbsp;egl::rasterizer::psc_wrapper&lang;egl::psc_p3g_mesh&lang;rstate_cluster_overdraw, egl::vertex_p48n32, egl::vs_static, egl::ps_color&lang;(egl::e_pixel_format)71&rang; &rang;, egl::graphics_device_st7789&rang;::rasterize_cluster(egl::rasterizer_callback_base&, egl::rasterizer::result&, egl::render_target_cfg const&, unsigned short, unsigned short, unsigned short, unsigned short, unsigned int, void const*, unsigned short, unsigned short, unsigned short) const
<LI><a href="#[10]">&gt;&gt;</a>&nbsp;&nbsp;&nbsp;egl::rasterizer::psc_wrapper&lang;egl::psc_p3g_mesh&lang;rstate_opaque, egl::vertex_p48n32, egl::vs_static, ps_simple_lighting&rang;, egl::graphics_device_st7789&rang;::rasterize_cluster(egl::rasterizer_callback_base&, egl::rasterizer::result&, egl::render_target_cfg const&, unsigned short, unsigned short, unsigned short, unsigned short, unsigned int, void const*, unsigned short, unsigned short, unsigned short) const
<LI><a href="#[67]">&gt;&gt;</a>&nbsp;&nbsp;&nbsp;egl::rasterizer_tiling::add_cluster(egl::vec3&lang;float&rang; const&, egl::vec3&lang;float&rang; const&, unsigned short, unsigned short)
<LI><a href="#[5e]">&gt;&gt;</a>&nbsp;&nbsp;&nbsp;void egl::rasterizer::dispatch_pso&lang;egl::psc_p3g_mesh&lang;rstate_cluster_overdraw, egl::vertex_p48n32, egl::vs_static, egl::ps_color&lang;(egl::e_pixel_format)71&rang; &rang;, egl::graphics_device_st7789&rang;(egl::psc_p3g_mesh&lang;rstate_cluster_overdraw, egl::vertex_p48n32, egl::vs_static, egl::ps_color&lang;(egl::e_pixel_format)71&rang; &rang; const&, egl::graphics_device_st7789&)
<LI><a href="#[56]">&gt;&gt;</a>&nbsp;&nbsp;&nbsp;void egl::rasterizer::dispatch_pso&lang;egl::psc_p3g_mesh&lang;rstate_opaque, egl::vertex_p48n32, egl::vs_static, ps_simple_lighting&rang;, egl::graphics_device_st7789&rang;(egl::psc_p3g_mesh&lang;rstate_opaque, egl::vertex_p48n32, egl::vs_static, ps_simple_lighting&rang; const&, egl::graphics_device_st7789&)
<LI><a href="#[8b]">&gt;&gt;</a>&nbsp;&nbsp;&nbsp;__mathlib_rredf2
</UL>

<P><STRONG><a name="[61]"></a>__aeabi_f2iz</STRONG> (Thumb, 50 bytes, Stack size 0 bytes, ffixi.o(.text))
<BR><BR>[Called By]<UL><LI><a href="#[13]">&gt;&gt;</a>&nbsp;&nbsp;&nbsp;egl::rasterizer::psc_wrapper&lang;egl::psc_p3g_mesh&lang;rstate_cluster_overdraw, egl::vertex_p48n32, egl::vs_static, egl::ps_color&lang;(egl::e_pixel_format)71&rang; &rang;, egl::graphics_device_st7789&rang;::rasterize_cluster(egl::rasterizer_callback_base&, egl::rasterizer::result&, egl::render_target_cfg const&, unsigned short, unsigned short, unsigned short, unsigned short, unsigned int, void const*, unsigned short, unsigned short, unsigned short) const
<LI><a href="#[10]">&gt;&gt;</a>&nbsp;&nbsp;&nbsp;egl::rasterizer::psc_wrapper&lang;egl::psc_p3g_mesh&lang;rstate_opaque, egl::vertex_p48n32, egl::vs_static, ps_simple_lighting&rang;, egl::graphics_device_st7789&rang;::rasterize_cluster(egl::rasterizer_callback_base&, egl::rasterizer::result&, egl::render_target_cfg const&, unsigned short, unsigned short, unsigned short, unsigned short, unsigned int, void const*, unsigned short, unsigned short, unsigned short) const
<LI><a href="#[67]">&gt;&gt;</a>&nbsp;&nbsp;&nbsp;egl::rasterizer_tiling::add_cluster(egl::vec3&lang;float&rang; const&, egl::vec3&lang;float&rang; const&, unsigned short, unsigned short)
<LI><a href="#[60]">&gt;&gt;</a>&nbsp;&nbsp;&nbsp;egl::rasterizer::rasterize_tile(egl::render_target_cfg const&, egl::rasterizer_tile&, unsigned short)
<LI><a href="#[7a]">&gt;&gt;</a>&nbsp;&nbsp;&nbsp;sinf
<LI><a href="#[7b]">&gt;&gt;</a>&nbsp;&nbsp;&nbsp;cosf
</UL>

<P><STRONG><a name="[3e]"></a>_float_round</STRONG> (Thumb, 16 bytes, Stack size 0 bytes, fepilogue.o(.text))
<BR><BR>[Called By]<UL><LI><a href="#[44]">&gt;&gt;</a>&nbsp;&nbsp;&nbsp;_fsqrt
<LI><a href="#[45]">&gt;&gt;</a>&nbsp;&nbsp;&nbsp;_frnd
<LI><a href="#[41]">&gt;&gt;</a>&nbsp;&nbsp;&nbsp;__aeabi_fdiv
<LI><a href="#[3c]">&gt;&gt;</a>&nbsp;&nbsp;&nbsp;__aeabi_fadd
</UL>

<P><STRONG><a name="[3d]"></a>_float_epilogue</STRONG> (Thumb, 114 bytes, Stack size 12 bytes, fepilogue.o(.text))
<BR><BR>[Stack]<UL><LI>Max Depth = 12<LI>Call Chain = _float_epilogue
</UL>
<BR>[Called By]<UL><LI><a href="#[43]">&gt;&gt;</a>&nbsp;&nbsp;&nbsp;__aeabi_ui2f
<LI><a href="#[42]">&gt;&gt;</a>&nbsp;&nbsp;&nbsp;__aeabi_i2f
<LI><a href="#[3c]">&gt;&gt;</a>&nbsp;&nbsp;&nbsp;__aeabi_fadd
</UL>

<P><STRONG><a name="[44]"></a>_fsqrt</STRONG> (Thumb, 88 bytes, Stack size 16 bytes, fsqrt.o(.text))
<BR><BR>[Stack]<UL><LI>Max Depth = 16<LI>Call Chain = _fsqrt
</UL>
<BR>[Calls]<UL><LI><a href="#[3e]">&gt;&gt;</a>&nbsp;&nbsp;&nbsp;_float_round
</UL>
<BR>[Called By]<UL><LI><a href="#[5c]">&gt;&gt;</a>&nbsp;&nbsp;&nbsp;sqrtf
</UL>

<P><STRONG><a name="[45]"></a>_frnd</STRONG> (Thumb, 62 bytes, Stack size 8 bytes, frnd.o(.text))
<BR><BR>[Stack]<UL><LI>Max Depth = 8<LI>Call Chain = _frnd
</UL>
<BR>[Calls]<UL><LI><a href="#[3e]">&gt;&gt;</a>&nbsp;&nbsp;&nbsp;_float_round
</UL>
<BR>[Called By]<UL><LI><a href="#[7a]">&gt;&gt;</a>&nbsp;&nbsp;&nbsp;sinf
<LI><a href="#[7b]">&gt;&gt;</a>&nbsp;&nbsp;&nbsp;cosf
</UL>

<P><STRONG><a name="[95]"></a>__ARM_fcmp4</STRONG> (Thumb, 44 bytes, Stack size 0 bytes, fcmp4.o(.text))
<BR><BR>[Called By]<UL><LI><a href="#[63]">&gt;&gt;</a>&nbsp;&nbsp;&nbsp;fminf
<LI><a href="#[62]">&gt;&gt;</a>&nbsp;&nbsp;&nbsp;fmaxf
</UL>

<P><STRONG><a name="[a6]"></a>_fcmp4</STRONG> (Thumb, 0 bytes, Stack size 0 bytes, fcmp4.o(.text), UNUSED)

<P><STRONG><a name="[88]"></a>__ARM_scalbnf</STRONG> (Thumb, 24 bytes, Stack size 0 bytes, fscalb.o(.text))
<BR><BR>[Called By]<UL><LI><a href="#[8b]">&gt;&gt;</a>&nbsp;&nbsp;&nbsp;__mathlib_rredf2
<LI><a href="#[8a]">&gt;&gt;</a>&nbsp;&nbsp;&nbsp;__mathlib_flt_underflow
<LI><a href="#[87]">&gt;&gt;</a>&nbsp;&nbsp;&nbsp;__mathlib_flt_infnan
</UL>

<P><STRONG><a name="[a7]"></a>scalbnf</STRONG> (Thumb, 0 bytes, Stack size 0 bytes, fscalb.o(.text), UNUSED)

<P><STRONG><a name="[46]"></a>vprintf</STRONG> (Thumb, 172 bytes, Stack size 16 bytes, lto-llvm-b4cc44.o(.text.$Sub$$vprintf))
<BR><BR>[Stack]<UL><LI>Max Depth = 148<LI>Call Chain = vprintf &rArr; __aeabi_assert &rArr; fwrite &rArr; fputc &rArr;  __aeabi_assert (Cycle)
</UL>
<BR>[Calls]<UL><LI><a href="#[48]">&gt;&gt;</a>&nbsp;&nbsp;&nbsp;__aeabi_assert
<LI><a href="#[47]">&gt;&gt;</a>&nbsp;&nbsp;&nbsp;$Super$$vprintf
</UL>
<BR>[Called By]<UL><LI><a href="#[73]">&gt;&gt;</a>&nbsp;&nbsp;&nbsp;panic
</UL>

<P><STRONG><a name="[6]"></a>$Super$$SysTick_Handler</STRONG> (Thumb, 2 bytes, Stack size 0 bytes, lto-llvm-b4cc44.o(.text.SysTick_Handler))
<BR>[Address Reference Count : 1]<UL><LI> systick_wrapper_ual.o(.text)
</UL>
<P><STRONG><a name="[18]"></a>__cxa_pure_virtual</STRONG> (Thumb, 8 bytes, Stack size 0 bytes, cxa_virtual.cpp.o(.text.__cxa_pure_virtual))
<BR><BR>[Calls]<UL><LI><a href="#[70]">&gt;&gt;</a>&nbsp;&nbsp;&nbsp;abort_message
</UL>
<BR>[Address Reference Count : 1]<UL><LI> lto-llvm-b4cc44.o(.rodata)
</UL>
<P><STRONG><a name="[1a]"></a>__perf_counter_init</STRONG> (Thumb, 10 bytes, Stack size 8 bytes, perf_counter.o(.text.__perf_counter_init))
<BR><BR>[Stack]<UL><LI>Max Depth = 32<LI>Call Chain = __perf_counter_init &rArr; init_cycle_counter &rArr; __aeabi_uidiv
</UL>
<BR>[Calls]<UL><LI><a href="#[71]">&gt;&gt;</a>&nbsp;&nbsp;&nbsp;init_cycle_counter
</UL>
<BR>[Address Reference Count : 1]<UL><LI> perf_counter.o(.init_array.255)
</UL>
<P><STRONG><a name="[80]"></a>__perf_os_patch_init</STRONG> (Thumb, 2 bytes, Stack size 0 bytes, perf_counter.o(.text.__perf_os_patch_init))
<BR><BR>[Called By]<UL><LI><a href="#[71]">&gt;&gt;</a>&nbsp;&nbsp;&nbsp;init_cycle_counter
</UL>

<P><STRONG><a name="[19]"></a>__pico_entry</STRONG> (Thumb, 1560 bytes, Stack size 40 bytes, lto-llvm-b4cc44.o(.text.__pico_entry))
<BR><BR>[Stack]<UL><LI>Max Depth = 212<LI>Call Chain = __pico_entry &rArr; panic &rArr; vprintf &rArr; __aeabi_assert &rArr; fwrite &rArr; fputc &rArr;  __aeabi_assert (Cycle)
</UL>
<BR>[Calls]<UL><LI><a href="#[48]">&gt;&gt;</a>&nbsp;&nbsp;&nbsp;__aeabi_assert
<LI><a href="#[72]">&gt;&gt;</a>&nbsp;&nbsp;&nbsp;__aeabi_memcpy4
<LI><a href="#[4e]">&gt;&gt;</a>&nbsp;&nbsp;&nbsp;__aeabi_uidiv
<LI><a href="#[73]">&gt;&gt;</a>&nbsp;&nbsp;&nbsp;panic
</UL>
<BR>[Address Reference Count : 1]<UL><LI> lto-llvm-b4cc44.o(.init_array.101)
</UL>
<P><STRONG><a name="[6f]"></a>abort</STRONG> (Thumb, 2 bytes, Stack size 0 bytes, lto-llvm-b4cc44.o(.text.abort))
<BR><BR>[Calls]<UL><LI><a href="#[6f]">&gt;&gt;</a>&nbsp;&nbsp;&nbsp;abort
</UL>
<BR>[Called By]<UL><LI><a href="#[70]">&gt;&gt;</a>&nbsp;&nbsp;&nbsp;abort_message
<LI><a href="#[48]">&gt;&gt;</a>&nbsp;&nbsp;&nbsp;__aeabi_assert
<LI><a href="#[6f]">&gt;&gt;</a>&nbsp;&nbsp;&nbsp;abort
</UL>

<P><STRONG><a name="[70]"></a>abort_message</STRONG> (Thumb, 4 bytes, Stack size 0 bytes, abort_message.cpp.o(.text.abort_message))
<BR><BR>[Calls]<UL><LI><a href="#[6f]">&gt;&gt;</a>&nbsp;&nbsp;&nbsp;abort
</UL>
<BR>[Called By]<UL><LI><a href="#[18]">&gt;&gt;</a>&nbsp;&nbsp;&nbsp;__cxa_pure_virtual
<LI><a href="#[7c]">&gt;&gt;</a>&nbsp;&nbsp;&nbsp;__cxa_guard_acquire
</UL>

<P><STRONG><a name="[c]"></a>fputc</STRONG> (Thumb, 184 bytes, Stack size 40 bytes, lto-llvm-b4cc44.o(.text.fputc))
<BR><BR>[Stack]<UL><LI>Max Depth = 172 + In Cycle
<LI>Call Chain = fputc &rArr;  __aeabi_assert (Cycle)
</UL>
<BR>[Calls]<UL><LI><a href="#[4c]">&gt;&gt;</a>&nbsp;&nbsp;&nbsp;get_system_ticks
<LI><a href="#[48]">&gt;&gt;</a>&nbsp;&nbsp;&nbsp;__aeabi_assert
<LI><a href="#[4d]">&gt;&gt;</a>&nbsp;&nbsp;&nbsp;EventRecordItem
<LI><a href="#[72]">&gt;&gt;</a>&nbsp;&nbsp;&nbsp;__aeabi_memcpy4
</UL>
<BR>[Called By]<UL><LI><a href="#[6d]">&gt;&gt;</a>&nbsp;&nbsp;&nbsp;fwrite
<LI><a href="#[55]">&gt;&gt;</a>&nbsp;&nbsp;&nbsp;puts
<LI><a href="#[6e]">&gt;&gt;</a>&nbsp;&nbsp;&nbsp;fputs
</UL>
<BR>[Address Reference Count : 2]<UL><LI> printfa.o(i.__0vprintf)
<LI> printf8.o(i.__0printf$8)
</UL>
<P><STRONG><a name="[4c]"></a>get_system_ticks</STRONG> (Thumb, 56 bytes, Stack size 8 bytes, perf_counter.o(.text.get_system_ticks))
<BR><BR>[Stack]<UL><LI>Max Depth = 8<LI>Call Chain = get_system_ticks
</UL>
<BR>[Called By]<UL><LI><a href="#[49]">&gt;&gt;</a>&nbsp;&nbsp;&nbsp;EventRecorderInitialize
<LI><a href="#[c]">&gt;&gt;</a>&nbsp;&nbsp;&nbsp;fputc
</UL>

<P><STRONG><a name="[71]"></a>init_cycle_counter</STRONG> (Thumb, 100 bytes, Stack size 8 bytes, perf_counter.o(.text.init_cycle_counter))
<BR><BR>[Stack]<UL><LI>Max Depth = 24<LI>Call Chain = init_cycle_counter &rArr; __aeabi_uidiv
</UL>
<BR>[Calls]<UL><LI><a href="#[7f]">&gt;&gt;</a>&nbsp;&nbsp;&nbsp;__ensure_systick_wrapper
<LI><a href="#[7e]">&gt;&gt;</a>&nbsp;&nbsp;&nbsp;stop_cycle_counter
<LI><a href="#[80]">&gt;&gt;</a>&nbsp;&nbsp;&nbsp;__perf_os_patch_init
<LI><a href="#[4e]">&gt;&gt;</a>&nbsp;&nbsp;&nbsp;__aeabi_uidiv
</UL>
<BR>[Called By]<UL><LI><a href="#[1a]">&gt;&gt;</a>&nbsp;&nbsp;&nbsp;__perf_counter_init
<LI><a href="#[4]">&gt;&gt;</a>&nbsp;&nbsp;&nbsp;main
</UL>

<P><STRONG><a name="[4]"></a>main</STRONG> (Thumb, 24 bytes, Stack size 0 bytes, lto-llvm-b4cc44.o(.text.main))
<BR><BR>[Stack]<UL><LI>Max Depth = 724<LI>Call Chain = main &rArr; app_entry &rArr; void egl::rasterizer::dispatch_pso&lang;egl::psc_p3g_mesh&lang;rstate_cluster_overdraw, egl::vertex_p48n32, egl::vs_static, egl::ps_color&lang;(egl::e_pixel_format)71&rang; &rang;, egl::graphics_device_st7789&rang;(egl::psc_p3g_mesh&lang;rstate_cluster_overdraw, egl::vertex_p48n32, egl::vs_static, egl::ps_color&lang;(egl::e_pixel_format)71&rang; &rang; const&, egl::graphics_device_st7789&) &rArr; egl::rasterizer_tiling::add_cluster(egl::mat44&lang;float&rang; const&, egl::vec3&lang;float&rang; const&, float, unsigned short, unsigned short) &rArr; egl::rasterizer_tiling::add_cluster(egl::vec3&lang;float&rang; const&, egl::vec3&lang;float&rang; const&, unsigned short, unsigned short) &rArr; puts &rArr; fputc &rArr;  __aeabi_assert (Cycle)
</UL>
<BR>[Calls]<UL><LI><a href="#[71]">&gt;&gt;</a>&nbsp;&nbsp;&nbsp;init_cycle_counter
<LI><a href="#[49]">&gt;&gt;</a>&nbsp;&nbsp;&nbsp;EventRecorderInitialize
<LI><a href="#[78]">&gt;&gt;</a>&nbsp;&nbsp;&nbsp;app_entry
</UL>
<BR>[Address Reference Count : 1]<UL><LI> entry9a.o(.ARM.Collect$$$$0000000B)
</UL>
<P><STRONG><a name="[7e]"></a>stop_cycle_counter</STRONG> (Thumb, 56 bytes, Stack size 0 bytes, perf_counter.o(.text.stop_cycle_counter))
<BR><BR>[Called By]<UL><LI><a href="#[71]">&gt;&gt;</a>&nbsp;&nbsp;&nbsp;init_cycle_counter
</UL>

<P><STRONG><a name="[7c]"></a>__cxa_guard_acquire</STRONG> (Thumb, 36 bytes, Stack size 8 bytes, cxa_guard.cpp.o(.text.unlikely.__cxa_guard_acquire))
<BR><BR>[Stack]<UL><LI>Max Depth = 8<LI>Call Chain = __cxa_guard_acquire
</UL>
<BR>[Calls]<UL><LI><a href="#[70]">&gt;&gt;</a>&nbsp;&nbsp;&nbsp;abort_message
</UL>
<BR>[Called By]<UL><LI><a href="#[78]">&gt;&gt;</a>&nbsp;&nbsp;&nbsp;app_entry
</UL>

<P><STRONG><a name="[7d]"></a>__cxa_guard_release</STRONG> (Thumb, 8 bytes, Stack size 0 bytes, cxa_guard.cpp.o(.text.unlikely.__cxa_guard_release))
<BR><BR>[Called By]<UL><LI><a href="#[78]">&gt;&gt;</a>&nbsp;&nbsp;&nbsp;app_entry
</UL>

<P><STRONG><a name="[5]"></a>user_code_insert_to_systick_handler</STRONG> (Thumb, 36 bytes, Stack size 8 bytes, perf_counter.o(.text.user_code_insert_to_systick_handler))
<BR><BR>[Stack]<UL><LI>Max Depth = 8<LI>Call Chain = user_code_insert_to_systick_handler
</UL>
<BR>[Address Reference Count : 1]<UL><LI> systick_wrapper_ual.o(.text)
</UL>
<P><STRONG><a name="[82]"></a>__0printf$8</STRONG> (Thumb, 24 bytes, Stack size 24 bytes, printf8.o(i.__0printf$8), UNUSED)
<BR><BR>[Calls]<UL><LI><a href="#[83]">&gt;&gt;</a>&nbsp;&nbsp;&nbsp;_printf_core
</UL>

<P><STRONG><a name="[a8]"></a>__1printf$8</STRONG> (Thumb, 0 bytes, Stack size 24 bytes, printf8.o(i.__0printf$8), UNUSED)

<P><STRONG><a name="[54]"></a>__2printf</STRONG> (Thumb, 0 bytes, Stack size 24 bytes, printf8.o(i.__0printf$8))
<BR><BR>[Stack]<UL><LI>Max Depth = 24<LI>Call Chain = __2printf
</UL>
<BR>[Called By]<UL><LI><a href="#[13]">&gt;&gt;</a>&nbsp;&nbsp;&nbsp;egl::rasterizer::psc_wrapper&lang;egl::psc_p3g_mesh&lang;rstate_cluster_overdraw, egl::vertex_p48n32, egl::vs_static, egl::ps_color&lang;(egl::e_pixel_format)71&rang; &rang;, egl::graphics_device_st7789&rang;::rasterize_cluster(egl::rasterizer_callback_base&, egl::rasterizer::result&, egl::render_target_cfg const&, unsigned short, unsigned short, unsigned short, unsigned short, unsigned int, void const*, unsigned short, unsigned short, unsigned short) const
<LI><a href="#[11]">&gt;&gt;</a>&nbsp;&nbsp;&nbsp;egl::rasterizer::psc_wrapper&lang;egl::psc_p3g_mesh&lang;rstate_cluster_overdraw, egl::vertex_p48n32, egl::vs_static, egl::ps_color&lang;(egl::e_pixel_format)71&rang; &rang;, egl::graphics_device_st7789&rang;::get_pso_state(void*, unsigned short) const
<LI><a href="#[10]">&gt;&gt;</a>&nbsp;&nbsp;&nbsp;egl::rasterizer::psc_wrapper&lang;egl::psc_p3g_mesh&lang;rstate_opaque, egl::vertex_p48n32, egl::vs_static, ps_simple_lighting&rang;, egl::graphics_device_st7789&rang;::rasterize_cluster(egl::rasterizer_callback_base&, egl::rasterizer::result&, egl::render_target_cfg const&, unsigned short, unsigned short, unsigned short, unsigned short, unsigned int, void const*, unsigned short, unsigned short, unsigned short) const
<LI><a href="#[e]">&gt;&gt;</a>&nbsp;&nbsp;&nbsp;egl::rasterizer::psc_wrapper&lang;egl::psc_p3g_mesh&lang;rstate_opaque, egl::vertex_p48n32, egl::vs_static, ps_simple_lighting&rang;, egl::graphics_device_st7789&rang;::get_pso_state(void*, unsigned short) const
<LI><a href="#[6c]">&gt;&gt;</a>&nbsp;&nbsp;&nbsp;egl::p3g_mesh::init(void const*)
<LI><a href="#[6b]">&gt;&gt;</a>&nbsp;&nbsp;&nbsp;egl::rasterizer_vertex_cache::alloc_cluster_cache(unsigned short, unsigned int)
<LI><a href="#[5a]">&gt;&gt;</a>&nbsp;&nbsp;&nbsp;egl::rasterizer_tiling::add_cluster(egl::mat44&lang;float&rang; const&, egl::vec3&lang;float&rang; const&, float, unsigned short, unsigned short)
<LI><a href="#[67]">&gt;&gt;</a>&nbsp;&nbsp;&nbsp;egl::rasterizer_tiling::add_cluster(egl::vec3&lang;float&rang; const&, egl::vec3&lang;float&rang; const&, unsigned short, unsigned short)
<LI><a href="#[60]">&gt;&gt;</a>&nbsp;&nbsp;&nbsp;egl::rasterizer::rasterize_tile(egl::render_target_cfg const&, egl::rasterizer_tile&, unsigned short)
<LI><a href="#[5e]">&gt;&gt;</a>&nbsp;&nbsp;&nbsp;void egl::rasterizer::dispatch_pso&lang;egl::psc_p3g_mesh&lang;rstate_cluster_overdraw, egl::vertex_p48n32, egl::vs_static, egl::ps_color&lang;(egl::e_pixel_format)71&rang; &rang;, egl::graphics_device_st7789&rang;(egl::psc_p3g_mesh&lang;rstate_cluster_overdraw, egl::vertex_p48n32, egl::vs_static, egl::ps_color&lang;(egl::e_pixel_format)71&rang; &rang; const&, egl::graphics_device_st7789&)
<LI><a href="#[56]">&gt;&gt;</a>&nbsp;&nbsp;&nbsp;void egl::rasterizer::dispatch_pso&lang;egl::psc_p3g_mesh&lang;rstate_opaque, egl::vertex_p48n32, egl::vs_static, ps_simple_lighting&rang;, egl::graphics_device_st7789&rang;(egl::psc_p3g_mesh&lang;rstate_opaque, egl::vertex_p48n32, egl::vs_static, ps_simple_lighting&rang; const&, egl::graphics_device_st7789&)
<LI><a href="#[1c]">&gt;&gt;</a>&nbsp;&nbsp;&nbsp;_GLOBAL__sub_I_app_7.cpp
<LI><a href="#[78]">&gt;&gt;</a>&nbsp;&nbsp;&nbsp;app_entry
</UL>

<P><STRONG><a name="[84]"></a>__0sprintf$8</STRONG> (Thumb, 36 bytes, Stack size 24 bytes, printf8.o(i.__0sprintf$8), UNUSED)
<BR><BR>[Calls]<UL><LI><a href="#[d]">&gt;&gt;</a>&nbsp;&nbsp;&nbsp;_sputc
<LI><a href="#[83]">&gt;&gt;</a>&nbsp;&nbsp;&nbsp;_printf_core
</UL>

<P><STRONG><a name="[a9]"></a>__1sprintf$8</STRONG> (Thumb, 0 bytes, Stack size 24 bytes, printf8.o(i.__0sprintf$8), UNUSED)

<P><STRONG><a name="[65]"></a>__2sprintf</STRONG> (Thumb, 0 bytes, Stack size 24 bytes, printf8.o(i.__0sprintf$8))
<BR><BR>[Stack]<UL><LI>Max Depth = 24<LI>Call Chain = __2sprintf
</UL>
<BR>[Called By]<UL><LI><a href="#[64]">&gt;&gt;</a>&nbsp;&nbsp;&nbsp;egl::bcd16_version_str(unsigned short)
</UL>

<P><STRONG><a name="[47]"></a>$Super$$vprintf</STRONG> (Thumb, 0 bytes, Stack size 8 bytes, printfa.o(i.__0vprintf))
<BR><BR>[Stack]<UL><LI>Max Depth = 8<LI>Call Chain = $Super$$vprintf
</UL>
<BR>[Called By]<UL><LI><a href="#[46]">&gt;&gt;</a>&nbsp;&nbsp;&nbsp;vprintf
</UL>

<P><STRONG><a name="[85]"></a>__0vprintf</STRONG> (Thumb, 12 bytes, Stack size 8 bytes, printfa.o(i.__0vprintf), UNUSED)
<BR><BR>[Calls]<UL><LI><a href="#[86]">&gt;&gt;</a>&nbsp;&nbsp;&nbsp;_printf_core
</UL>

<P><STRONG><a name="[aa]"></a>__1vprintf</STRONG> (Thumb, 0 bytes, Stack size 8 bytes, printfa.o(i.__0vprintf), UNUSED)

<P><STRONG><a name="[ab]"></a>__2vprintf</STRONG> (Thumb, 0 bytes, Stack size 8 bytes, printfa.o(i.__0vprintf), UNUSED)

<P><STRONG><a name="[ac]"></a>__c89vprintf</STRONG> (Thumb, 0 bytes, Stack size 8 bytes, printfa.o(i.__0vprintf), UNUSED)

<P><STRONG><a name="[38]"></a>__ARM_clz</STRONG> (Thumb, 46 bytes, Stack size 0 bytes, depilogue.o(i.__ARM_clz), UNUSED)
<BR><BR>[Called By]<UL><LI><a href="#[2f]">&gt;&gt;</a>&nbsp;&nbsp;&nbsp;_double_epilogue
</UL>

<P><STRONG><a name="[8c]"></a>__ARM_common_ll_muluu</STRONG> (Thumb, 50 bytes, Stack size 16 bytes, rredf.o(i.__ARM_common_ll_muluu))
<BR><BR>[Stack]<UL><LI>Max Depth = 16<LI>Call Chain = __ARM_common_ll_muluu
</UL>
<BR>[Called By]<UL><LI><a href="#[8b]">&gt;&gt;</a>&nbsp;&nbsp;&nbsp;__mathlib_rredf2
</UL>

<P><STRONG><a name="[96]"></a>__ARM_fpclassifyf</STRONG> (Thumb, 34 bytes, Stack size 0 bytes, fpclassifyf.o(i.__ARM_fpclassifyf))
<BR><BR>[Called By]<UL><LI><a href="#[7a]">&gt;&gt;</a>&nbsp;&nbsp;&nbsp;sinf
</UL>

<P><STRONG><a name="[37]"></a>free</STRONG> (Thumb, 80 bytes, Stack size 8 bytes, malloc2.o(i.__free$2region))
<BR><BR>[Stack]<UL><LI>Max Depth = 8<LI>Call Chain = free
</UL>
<BR>[Called By]<UL><LI><a href="#[25]">&gt;&gt;</a>&nbsp;&nbsp;&nbsp;__cxa_finalize
</UL>

<P><STRONG><a name="[2b]"></a>malloc</STRONG> (Thumb, 92 bytes, Stack size 20 bytes, malloc2.o(i.__malloc$2region))
<BR><BR>[Stack]<UL><LI>Max Depth = 20<LI>Call Chain = malloc
</UL>
<BR>[Called By]<UL><LI><a href="#[27]">&gt;&gt;</a>&nbsp;&nbsp;&nbsp;__aeabi_atexit
</UL>

<P><STRONG><a name="[87]"></a>__mathlib_flt_infnan</STRONG> (Thumb, 10 bytes, Stack size 8 bytes, funder.o(i.__mathlib_flt_infnan))
<BR><BR>[Stack]<UL><LI>Max Depth = 8<LI>Call Chain = __mathlib_flt_infnan
</UL>
<BR>[Calls]<UL><LI><a href="#[88]">&gt;&gt;</a>&nbsp;&nbsp;&nbsp;__ARM_scalbnf
</UL>
<BR>[Called By]<UL><LI><a href="#[7a]">&gt;&gt;</a>&nbsp;&nbsp;&nbsp;sinf
<LI><a href="#[7b]">&gt;&gt;</a>&nbsp;&nbsp;&nbsp;cosf
</UL>

<P><STRONG><a name="[89]"></a>__mathlib_flt_invalid</STRONG> (Thumb, 12 bytes, Stack size 8 bytes, funder.o(i.__mathlib_flt_invalid))
<BR><BR>[Stack]<UL><LI>Max Depth = 24<LI>Call Chain = __mathlib_flt_invalid &rArr; __aeabi_fdiv
</UL>
<BR>[Calls]<UL><LI><a href="#[41]">&gt;&gt;</a>&nbsp;&nbsp;&nbsp;__aeabi_fdiv
</UL>
<BR>[Called By]<UL><LI><a href="#[7a]">&gt;&gt;</a>&nbsp;&nbsp;&nbsp;sinf
<LI><a href="#[7b]">&gt;&gt;</a>&nbsp;&nbsp;&nbsp;cosf
</UL>

<P><STRONG><a name="[8a]"></a>__mathlib_flt_underflow</STRONG> (Thumb, 14 bytes, Stack size 8 bytes, funder.o(i.__mathlib_flt_underflow))
<BR><BR>[Stack]<UL><LI>Max Depth = 8<LI>Call Chain = __mathlib_flt_underflow
</UL>
<BR>[Calls]<UL><LI><a href="#[88]">&gt;&gt;</a>&nbsp;&nbsp;&nbsp;__ARM_scalbnf
</UL>
<BR>[Called By]<UL><LI><a href="#[7a]">&gt;&gt;</a>&nbsp;&nbsp;&nbsp;sinf
</UL>

<P><STRONG><a name="[8b]"></a>__mathlib_rredf2</STRONG> (Thumb, 366 bytes, Stack size 48 bytes, rredf.o(i.__mathlib_rredf2))
<BR><BR>[Stack]<UL><LI>Max Depth = 84<LI>Call Chain = __mathlib_rredf2 &rArr; __aeabi_frsub &rArr; __aeabi_fadd &rArr; _float_epilogue
</UL>
<BR>[Calls]<UL><LI><a href="#[8c]">&gt;&gt;</a>&nbsp;&nbsp;&nbsp;__ARM_common_ll_muluu
<LI><a href="#[88]">&gt;&gt;</a>&nbsp;&nbsp;&nbsp;__ARM_scalbnf
<LI><a href="#[40]">&gt;&gt;</a>&nbsp;&nbsp;&nbsp;__aeabi_frsub
<LI><a href="#[43]">&gt;&gt;</a>&nbsp;&nbsp;&nbsp;__aeabi_ui2f
<LI><a href="#[42]">&gt;&gt;</a>&nbsp;&nbsp;&nbsp;__aeabi_i2f
<LI><a href="#[3f]">&gt;&gt;</a>&nbsp;&nbsp;&nbsp;__aeabi_fsub
<LI><a href="#[59]">&gt;&gt;</a>&nbsp;&nbsp;&nbsp;__aeabi_fmul
<LI><a href="#[3c]">&gt;&gt;</a>&nbsp;&nbsp;&nbsp;__aeabi_fadd
</UL>
<BR>[Called By]<UL><LI><a href="#[7a]">&gt;&gt;</a>&nbsp;&nbsp;&nbsp;sinf
<LI><a href="#[7b]">&gt;&gt;</a>&nbsp;&nbsp;&nbsp;cosf
</UL>

<P><STRONG><a name="[ad]"></a>__scatterload_copy</STRONG> (Thumb, 14 bytes, Stack size unknown bytes, handlers.o(i.__scatterload_copy), UNUSED)

<P><STRONG><a name="[ae]"></a>__scatterload_null</STRONG> (Thumb, 2 bytes, Stack size unknown bytes, handlers.o(i.__scatterload_null), UNUSED)

<P><STRONG><a name="[af]"></a>__scatterload_zeroinit</STRONG> (Thumb, 14 bytes, Stack size unknown bytes, handlers.o(i.__scatterload_zeroinit), UNUSED)

<P><STRONG><a name="[94]"></a>__set_errno</STRONG> (Thumb, 6 bytes, Stack size 0 bytes, errno.o(i.__set_errno))
<BR><BR>[Called By]<UL><LI><a href="#[5c]">&gt;&gt;</a>&nbsp;&nbsp;&nbsp;sqrtf
<LI><a href="#[7a]">&gt;&gt;</a>&nbsp;&nbsp;&nbsp;sinf
<LI><a href="#[7b]">&gt;&gt;</a>&nbsp;&nbsp;&nbsp;cosf
</UL>

<P><STRONG><a name="[7b]"></a>cosf</STRONG> (Thumb, 318 bytes, Stack size 32 bytes, cosf.o(i.cosf))
<BR><BR>[Stack]<UL><LI>Max Depth = 116<LI>Call Chain = cosf &rArr; __mathlib_rredf2 &rArr; __aeabi_frsub &rArr; __aeabi_fadd &rArr; _float_epilogue
</UL>
<BR>[Calls]<UL><LI><a href="#[94]">&gt;&gt;</a>&nbsp;&nbsp;&nbsp;__set_errno
<LI><a href="#[8b]">&gt;&gt;</a>&nbsp;&nbsp;&nbsp;__mathlib_rredf2
<LI><a href="#[89]">&gt;&gt;</a>&nbsp;&nbsp;&nbsp;__mathlib_flt_invalid
<LI><a href="#[87]">&gt;&gt;</a>&nbsp;&nbsp;&nbsp;__mathlib_flt_infnan
<LI><a href="#[45]">&gt;&gt;</a>&nbsp;&nbsp;&nbsp;_frnd
<LI><a href="#[40]">&gt;&gt;</a>&nbsp;&nbsp;&nbsp;__aeabi_frsub
<LI><a href="#[3f]">&gt;&gt;</a>&nbsp;&nbsp;&nbsp;__aeabi_fsub
<LI><a href="#[59]">&gt;&gt;</a>&nbsp;&nbsp;&nbsp;__aeabi_fmul
<LI><a href="#[3c]">&gt;&gt;</a>&nbsp;&nbsp;&nbsp;__aeabi_fadd
<LI><a href="#[61]">&gt;&gt;</a>&nbsp;&nbsp;&nbsp;__aeabi_f2iz
</UL>
<BR>[Called By]<UL><LI><a href="#[78]">&gt;&gt;</a>&nbsp;&nbsp;&nbsp;app_entry
</UL>

<P><STRONG><a name="[62]"></a>fmaxf</STRONG> (Thumb, 38 bytes, Stack size 16 bytes, fmaxf.o(i.fmaxf))
<BR><BR>[Stack]<UL><LI>Max Depth = 16<LI>Call Chain = fmaxf
</UL>
<BR>[Calls]<UL><LI><a href="#[95]">&gt;&gt;</a>&nbsp;&nbsp;&nbsp;__ARM_fcmp4
</UL>
<BR>[Called By]<UL><LI><a href="#[5f]">&gt;&gt;</a>&nbsp;&nbsp;&nbsp;egl::psc_p3g_mesh&lang;rstate_cluster_overdraw, egl::vertex_p48n32, egl::vs_static, egl::ps_color&lang;(egl::e_pixel_format)71&rang; &rang;::get_pso_state(egl::psc_p3g_mesh&lang;rstate_cluster_overdraw, egl::vertex_p48n32, egl::vs_static, egl::ps_color&lang;(egl::e_pixel_format)71&rang; &rang;::pso_state&) const
<LI><a href="#[58]">&gt;&gt;</a>&nbsp;&nbsp;&nbsp;egl::psc_p3g_mesh&lang;rstate_opaque, egl::vertex_p48n32, egl::vs_static, ps_simple_lighting&rang;::get_pso_state(egl::psc_p3g_mesh&lang;rstate_opaque, egl::vertex_p48n32, egl::vs_static, ps_simple_lighting&rang;::pso_state&) const
<LI><a href="#[60]">&gt;&gt;</a>&nbsp;&nbsp;&nbsp;egl::rasterizer::rasterize_tile(egl::render_target_cfg const&, egl::rasterizer_tile&, unsigned short)
</UL>

<P><STRONG><a name="[63]"></a>fminf</STRONG> (Thumb, 38 bytes, Stack size 16 bytes, fminf.o(i.fminf))
<BR><BR>[Stack]<UL><LI>Max Depth = 16<LI>Call Chain = fminf
</UL>
<BR>[Calls]<UL><LI><a href="#[95]">&gt;&gt;</a>&nbsp;&nbsp;&nbsp;__ARM_fcmp4
</UL>
<BR>[Called By]<UL><LI><a href="#[60]">&gt;&gt;</a>&nbsp;&nbsp;&nbsp;egl::rasterizer::rasterize_tile(egl::render_target_cfg const&, egl::rasterizer_tile&, unsigned short)
</UL>

<P><STRONG><a name="[6e]"></a>fputs</STRONG> (Thumb, 24 bytes, Stack size 16 bytes, fputs.o(i.fputs))
<BR><BR>[Stack]<UL><LI>Max Depth = 108<LI>Call Chain = fputs &rArr; fputc &rArr;  __aeabi_assert (Cycle)
</UL>
<BR>[Calls]<UL><LI><a href="#[c]">&gt;&gt;</a>&nbsp;&nbsp;&nbsp;fputc
</UL>
<BR>[Called By]<UL><LI><a href="#[48]">&gt;&gt;</a>&nbsp;&nbsp;&nbsp;__aeabi_assert
</UL>

<P><STRONG><a name="[6d]"></a>fwrite</STRONG> (Thumb, 36 bytes, Stack size 24 bytes, fwrite.o(i.fwrite))
<BR><BR>[Stack]<UL><LI>Max Depth = 116<LI>Call Chain = fwrite &rArr; fputc &rArr;  __aeabi_assert (Cycle)
</UL>
<BR>[Calls]<UL><LI><a href="#[c]">&gt;&gt;</a>&nbsp;&nbsp;&nbsp;fputc
</UL>
<BR>[Called By]<UL><LI><a href="#[48]">&gt;&gt;</a>&nbsp;&nbsp;&nbsp;__aeabi_assert
</UL>

<P><STRONG><a name="[55]"></a>puts</STRONG> (Thumb, 28 bytes, Stack size 8 bytes, puts.o(i.puts))
<BR><BR>[Stack]<UL><LI>Max Depth = 100<LI>Call Chain = puts &rArr; fputc &rArr;  __aeabi_assert (Cycle)
</UL>
<BR>[Calls]<UL><LI><a href="#[c]">&gt;&gt;</a>&nbsp;&nbsp;&nbsp;fputc
</UL>
<BR>[Called By]<UL><LI><a href="#[13]">&gt;&gt;</a>&nbsp;&nbsp;&nbsp;egl::rasterizer::psc_wrapper&lang;egl::psc_p3g_mesh&lang;rstate_cluster_overdraw, egl::vertex_p48n32, egl::vs_static, egl::ps_color&lang;(egl::e_pixel_format)71&rang; &rang;, egl::graphics_device_st7789&rang;::rasterize_cluster(egl::rasterizer_callback_base&, egl::rasterizer::result&, egl::render_target_cfg const&, unsigned short, unsigned short, unsigned short, unsigned short, unsigned int, void const*, unsigned short, unsigned short, unsigned short) const
<LI><a href="#[10]">&gt;&gt;</a>&nbsp;&nbsp;&nbsp;egl::rasterizer::psc_wrapper&lang;egl::psc_p3g_mesh&lang;rstate_opaque, egl::vertex_p48n32, egl::vs_static, ps_simple_lighting&rang;, egl::graphics_device_st7789&rang;::rasterize_cluster(egl::rasterizer_callback_base&, egl::rasterizer::result&, egl::render_target_cfg const&, unsigned short, unsigned short, unsigned short, unsigned short, unsigned int, void const*, unsigned short, unsigned short, unsigned short) const
<LI><a href="#[6c]">&gt;&gt;</a>&nbsp;&nbsp;&nbsp;egl::p3g_mesh::init(void const*)
<LI><a href="#[6b]">&gt;&gt;</a>&nbsp;&nbsp;&nbsp;egl::rasterizer_vertex_cache::alloc_cluster_cache(unsigned short, unsigned int)
<LI><a href="#[5a]">&gt;&gt;</a>&nbsp;&nbsp;&nbsp;egl::rasterizer_tiling::add_cluster(egl::mat44&lang;float&rang; const&, egl::vec3&lang;float&rang; const&, float, unsigned short, unsigned short)
<LI><a href="#[67]">&gt;&gt;</a>&nbsp;&nbsp;&nbsp;egl::rasterizer_tiling::add_cluster(egl::vec3&lang;float&rang; const&, egl::vec3&lang;float&rang; const&, unsigned short, unsigned short)
<LI><a href="#[60]">&gt;&gt;</a>&nbsp;&nbsp;&nbsp;egl::rasterizer::rasterize_tile(egl::render_target_cfg const&, egl::rasterizer_tile&, unsigned short)
<LI><a href="#[5e]">&gt;&gt;</a>&nbsp;&nbsp;&nbsp;void egl::rasterizer::dispatch_pso&lang;egl::psc_p3g_mesh&lang;rstate_cluster_overdraw, egl::vertex_p48n32, egl::vs_static, egl::ps_color&lang;(egl::e_pixel_format)71&rang; &rang;, egl::graphics_device_st7789&rang;(egl::psc_p3g_mesh&lang;rstate_cluster_overdraw, egl::vertex_p48n32, egl::vs_static, egl::ps_color&lang;(egl::e_pixel_format)71&rang; &rang; const&, egl::graphics_device_st7789&)
<LI><a href="#[56]">&gt;&gt;</a>&nbsp;&nbsp;&nbsp;void egl::rasterizer::dispatch_pso&lang;egl::psc_p3g_mesh&lang;rstate_opaque, egl::vertex_p48n32, egl::vs_static, ps_simple_lighting&rang;, egl::graphics_device_st7789&rang;(egl::psc_p3g_mesh&lang;rstate_opaque, egl::vertex_p48n32, egl::vs_static, ps_simple_lighting&rang; const&, egl::graphics_device_st7789&)
<LI><a href="#[1c]">&gt;&gt;</a>&nbsp;&nbsp;&nbsp;_GLOBAL__sub_I_app_7.cpp
<LI><a href="#[73]">&gt;&gt;</a>&nbsp;&nbsp;&nbsp;panic
<LI><a href="#[78]">&gt;&gt;</a>&nbsp;&nbsp;&nbsp;app_entry
</UL>

<P><STRONG><a name="[7a]"></a>sinf</STRONG> (Thumb, 330 bytes, Stack size 32 bytes, sinf.o(i.sinf))
<BR><BR>[Stack]<UL><LI>Max Depth = 116<LI>Call Chain = sinf &rArr; __mathlib_rredf2 &rArr; __aeabi_frsub &rArr; __aeabi_fadd &rArr; _float_epilogue
</UL>
<BR>[Calls]<UL><LI><a href="#[94]">&gt;&gt;</a>&nbsp;&nbsp;&nbsp;__set_errno
<LI><a href="#[8b]">&gt;&gt;</a>&nbsp;&nbsp;&nbsp;__mathlib_rredf2
<LI><a href="#[8a]">&gt;&gt;</a>&nbsp;&nbsp;&nbsp;__mathlib_flt_underflow
<LI><a href="#[89]">&gt;&gt;</a>&nbsp;&nbsp;&nbsp;__mathlib_flt_invalid
<LI><a href="#[87]">&gt;&gt;</a>&nbsp;&nbsp;&nbsp;__mathlib_flt_infnan
<LI><a href="#[96]">&gt;&gt;</a>&nbsp;&nbsp;&nbsp;__ARM_fpclassifyf
<LI><a href="#[45]">&gt;&gt;</a>&nbsp;&nbsp;&nbsp;_frnd
<LI><a href="#[40]">&gt;&gt;</a>&nbsp;&nbsp;&nbsp;__aeabi_frsub
<LI><a href="#[3f]">&gt;&gt;</a>&nbsp;&nbsp;&nbsp;__aeabi_fsub
<LI><a href="#[59]">&gt;&gt;</a>&nbsp;&nbsp;&nbsp;__aeabi_fmul
<LI><a href="#[3c]">&gt;&gt;</a>&nbsp;&nbsp;&nbsp;__aeabi_fadd
<LI><a href="#[61]">&gt;&gt;</a>&nbsp;&nbsp;&nbsp;__aeabi_f2iz
</UL>
<BR>[Called By]<UL><LI><a href="#[78]">&gt;&gt;</a>&nbsp;&nbsp;&nbsp;app_entry
</UL>

<P><STRONG><a name="[5c]"></a>sqrtf</STRONG> (Thumb, 44 bytes, Stack size 16 bytes, sqrtf.o(i.sqrtf))
<BR><BR>[Stack]<UL><LI>Max Depth = 32<LI>Call Chain = sqrtf &rArr; _fsqrt
</UL>
<BR>[Calls]<UL><LI><a href="#[94]">&gt;&gt;</a>&nbsp;&nbsp;&nbsp;__set_errno
<LI><a href="#[44]">&gt;&gt;</a>&nbsp;&nbsp;&nbsp;_fsqrt
</UL>
<BR>[Called By]<UL><LI><a href="#[5f]">&gt;&gt;</a>&nbsp;&nbsp;&nbsp;egl::psc_p3g_mesh&lang;rstate_cluster_overdraw, egl::vertex_p48n32, egl::vs_static, egl::ps_color&lang;(egl::e_pixel_format)71&rang; &rang;::get_pso_state(egl::psc_p3g_mesh&lang;rstate_cluster_overdraw, egl::vertex_p48n32, egl::vs_static, egl::ps_color&lang;(egl::e_pixel_format)71&rang; &rang;::pso_state&) const
<LI><a href="#[58]">&gt;&gt;</a>&nbsp;&nbsp;&nbsp;egl::psc_p3g_mesh&lang;rstate_opaque, egl::vertex_p48n32, egl::vs_static, ps_simple_lighting&rang;::get_pso_state(egl::psc_p3g_mesh&lang;rstate_opaque, egl::vertex_p48n32, egl::vs_static, ps_simple_lighting&rang;::pso_state&) const
<LI><a href="#[5a]">&gt;&gt;</a>&nbsp;&nbsp;&nbsp;egl::rasterizer_tiling::add_cluster(egl::mat44&lang;float&rang; const&, egl::vec3&lang;float&rang; const&, float, unsigned short, unsigned short)
<LI><a href="#[5e]">&gt;&gt;</a>&nbsp;&nbsp;&nbsp;void egl::rasterizer::dispatch_pso&lang;egl::psc_p3g_mesh&lang;rstate_cluster_overdraw, egl::vertex_p48n32, egl::vs_static, egl::ps_color&lang;(egl::e_pixel_format)71&rang; &rang;, egl::graphics_device_st7789&rang;(egl::psc_p3g_mesh&lang;rstate_cluster_overdraw, egl::vertex_p48n32, egl::vs_static, egl::ps_color&lang;(egl::e_pixel_format)71&rang; &rang; const&, egl::graphics_device_st7789&)
[...]
<LI><a href="#[54]">&gt;&gt;</a>&nbsp;&nbsp;&nbsp;__2printf
</UL>
<BR>[Address Reference Count : 1]<UL><LI> lto-llvm-b4cc44.o(.rodata)
</UL>
<P><STRONG><a name="[13]"></a>egl::rasterizer::psc_wrapper&lang;egl::psc_p3g_mesh&lang;rstate_cluster_overdraw, egl::vertex_p48n32, egl::vs_static, egl::ps_color&lang;(egl::e_pixel_format)71&rang; &rang;, egl::graphics_device_st7789&rang;::rasterize_cluster(egl::rasterizer_callback_base&, egl::rasterizer::result&, egl::render_target_cfg const&, unsigned short, unsigned short, unsigned short, unsigned short, unsigned int, void const*, unsigned short, unsigned short, unsigned short) const</STRONG> (Thumb, 2352 bytes, Stack size 192 bytes, lto-llvm-b4cc44.o(.text._ZNK3egl10rasterizer11psc_wrapperINS_12psc_p3g_meshI23rstate_cluster_overdrawNS_13vertex_p48n32ENS_9vs_staticENS_8ps_colorILNS_14e_pixel_formatE71EEEEENS_22graphics_device_st7789EE17rasterize_clusterERNS_24rasterizer_callback_baseERNS0_6resultERKNS_17render_target_cfgEttttjPKvttt))
<BR><BR>[Stack]<UL><LI>Max Depth = 340<LI>Call Chain = egl::rasterizer::psc_wrapper&lang;egl::psc_p3g_mesh&lang;rstate_cluster_overdraw, egl::vertex_p48n32, egl::vs_static, egl::ps_color&lang;(egl::e_pixel_format)71&rang; &rang;, egl::graphics_device_st7789&rang;::rasterize_cluster(egl::rasterizer_callback_base&, egl::rasterizer::result&, egl::render_target_cfg const&, unsigned short, unsigned short, unsigned short, unsigned short, unsigned int, void const*, unsigned short, unsigned short, unsigned short) const &rArr; egl::rasterizer_vertex_cache::alloc_cluster_cache(unsigned short, unsigned int) &rArr; puts &rArr; fputc &rArr;  __aeabi_assert (Cycle)
</UL>
<BR>[Calls]<UL><LI><a href="#[55]">&gt;&gt;</a>&nbsp;&nbsp;&nbsp;puts
<LI><a href="#[6b]">&gt;&gt;</a>&nbsp;&nbsp;&nbsp;egl::rasterizer_vertex_cache::alloc_cluster_cache(unsigned short, unsigned int)
<LI><a href="#[54]">&gt;&gt;</a>&nbsp;&nbsp;&nbsp;__2printf
<LI><a href="#[43]">&gt;&gt;</a>&nbsp;&nbsp;&nbsp;__aeabi_ui2f
<LI><a href="#[42]">&gt;&gt;</a>&nbsp;&nbsp;&nbsp;__aeabi_i2f
<LI><a href="#[3f]">&gt;&gt;</a>&nbsp;&nbsp;&nbsp;__aeabi_fsub
<LI><a href="#[59]">&gt;&gt;</a>&nbsp;&nbsp;&nbsp;__aeabi_fmul
<LI><a href="#[41]">&gt;&gt;</a>&nbsp;&nbsp;&nbsp;__aeabi_fdiv
<LI><a href="#[68]">&gt;&gt;</a>&nbsp;&nbsp;&nbsp;__aeabi_fcmpgt
<LI><a href="#[3c]">&gt;&gt;</a>&nbsp;&nbsp;&nbsp;__aeabi_fadd
<LI><a href="#[61]">&gt;&gt;</a>&nbsp;&nbsp;&nbsp;__aeabi_f2iz
</UL>
<BR>[Address Reference Count : 1]<UL><LI> lto-llvm-b4cc44.o(.rodata)
</UL>
<P><STRONG><a name="[12]"></a>egl::rasterizer::psc_wrapper&lang;egl::psc_p3g_mesh&lang;rstate_cluster_overdraw, egl::vertex_p48n32, egl::vs_static, egl::ps_color&lang;(egl::e_pixel_format)71&rang; &rang;, egl::graphics_device_st7789&rang;::hiz_mode() const</STRONG> (Thumb, 4 bytes, Stack size 0 bytes, lto-llvm-b4cc44.o(.text._ZNK3egl10rasterizer11psc_wrapperINS_12psc_p3g_meshI23rstate_cluster_overdrawNS_13vertex_p48n32ENS_9vs_staticENS_8ps_colorILNS_14e_pixel_formatE71EEEEENS_22graphics_device_st7789EE8hiz_modeEv))
<BR>[Address Reference Count : 1]<UL><LI> lto-llvm-b4cc44.o(.rodata)
</UL>
<P><STRONG><a name="[58]"></a>egl::psc_p3g_mesh&lang;rstate_opaque, egl::vertex_p48n32, egl::vs_static, ps_simple_lighting&rang;::get_pso_state(egl::psc_p3g_mesh&lang;rstate_opaque, egl::vertex_p48n32, egl::vs_static, ps_simple_lighting&rang;::pso_state&) const</STRONG> (Thumb, 2526 bytes, Stack size 144 bytes, lto-llvm-b4cc44.o(.text._ZNK3egl12psc_p3g_meshI13rstate_opaqueNS_13vertex_p48n32ENS_9vs_staticE18ps_simple_lightingE13get_pso_stateERNS5_9pso_stateE))
<BR><BR>[Stack]<UL><LI>Max Depth = 180<LI>Call Chain = egl::psc_p3g_mesh&lang;rstate_opaque, egl::vertex_p48n32, egl::vs_static, ps_simple_lighting&rang;::get_pso_state(egl::psc_p3g_mesh&lang;rstate_opaque, egl::vertex_p48n32, egl::vs_static, ps_simple_lighting&rang;::pso_state&) const &rArr; __aeabi_fsub &rArr; __aeabi_fadd &rArr; _float_epilogue
</UL>
<BR>[Calls]<UL><LI><a href="#[62]">&gt;&gt;</a>&nbsp;&nbsp;&nbsp;fmaxf
<LI><a href="#[5c]">&gt;&gt;</a>&nbsp;&nbsp;&nbsp;sqrtf
<LI><a href="#[3f]">&gt;&gt;</a>&nbsp;&nbsp;&nbsp;__aeabi_fsub
<LI><a href="#[59]">&gt;&gt;</a>&nbsp;&nbsp;&nbsp;__aeabi_fmul
<LI><a href="#[41]">&gt;&gt;</a>&nbsp;&nbsp;&nbsp;__aeabi_fdiv
<LI><a href="#[5d]">&gt;&gt;</a>&nbsp;&nbsp;&nbsp;__aeabi_fcmplt
<LI><a href="#[5b]">&gt;&gt;</a>&nbsp;&nbsp;&nbsp;__aeabi_fcmpeq
<LI><a href="#[3c]">&gt;&gt;</a>&nbsp;&nbsp;&nbsp;__aeabi_fadd
</UL>
<BR>[Called By]<UL><LI><a href="#[e]">&gt;&gt;</a>&nbsp;&nbsp;&nbsp;egl::rasterizer::psc_wrapper&lang;egl::psc_p3g_mesh&lang;rstate_opaque, egl::vertex_p48n32, egl::vs_static, ps_simple_lighting&rang;, egl::graphics_device_st7789&rang;::get_pso_state(void*, unsigned short) const
<LI><a href="#[56]">&gt;&gt;</a>&nbsp;&nbsp;&nbsp;void egl::rasterizer::dispatch_pso&lang;egl::psc_p3g_mesh&lang;rstate_opaque, egl::vertex_p48n32, egl::vs_static, ps_simple_lighting&rang;, egl::graphics_device_st7789&rang;(egl::psc_p3g_mesh&lang;rstate_opaque, egl::vertex_p48n32, egl::vs_static, ps_simple_lighting&rang; const&, egl::graphics_device_st7789&)
</UL>

<P><STRONG><a name="[5f]"></a>egl::psc_p3g_mesh&lang;rstate_cluster_overdraw, egl::vertex_p48n32, egl::vs_static, egl::ps_color&lang;(egl::e_pixel_format)71&rang; &rang;::get_pso_state(egl::psc_p3g_mesh&lang;rstate_cluster_overdraw, egl::vertex_p48n32, egl::vs_static, egl::ps_color&lang;(egl::e_pixel_format)71&rang; &rang;::pso_state&) const</STRONG> (Thumb, 2526 bytes, Stack size 144 bytes, lto-llvm-b4cc44.o(.text._ZNK3egl12psc_p3g_meshI23rstate_cluster_overdrawNS_13vertex_p48n32ENS_9vs_staticENS_8ps_colorILNS_14e_pixel_formatE71EEEE13get_pso_stateERNS7_9pso_stateE))
<BR><BR>[Stack]<UL><LI>Max Depth = 180<LI>Call Chain = egl::psc_p3g_mesh&lang;rstate_cluster_overdraw, egl::vertex_p48n32, egl::vs_static, egl::ps_color&lang;(egl::e_pixel_format)71&rang; &rang;::get_pso_state(egl::psc_p3g_mesh&lang;rstate_cluster_overdraw, egl::vertex_p48n32, egl::vs_static, egl::ps_color&lang;(egl::e_pixel_format)71&rang; &rang;::pso_state&) const &rArr; __aeabi_fsub &rArr; __aeabi_fadd &rArr; _float_epilogue
</UL>
<BR>[Calls]<UL><LI><a href="#[62]">&gt;&gt;</a>&nbsp;&nbsp;&nbsp;fmaxf
<LI><a href="#[5c]">&gt;&gt;</a>&nbsp;&nbsp;&nbsp;sqrtf
<LI><a href="#[3f]">&gt;&gt;</a>&nbsp;&nbsp;&nbsp;__aeabi_fsub
<LI><a href="#[59]">&gt;&gt;</a>&nbsp;&nbsp;&nbsp;__aeabi_fmul
<LI><a href="#[41]">&gt;&gt;</a>&nbsp;&nbsp;&nbsp;__aeabi_fdiv
<LI><a href="#[5d]">&gt;&gt;</a>&nbsp;&nbsp;&nbsp;__aeabi_fcmplt
<LI><a href="#[5b]">&gt;&gt;</a>&nbsp;&nbsp;&nbsp;__aeabi_fcmpeq
<LI><a href="#[3c]">&gt;&gt;</a>&nbsp;&nbsp;&nbsp;__aeabi_fadd
</UL>
<BR>[Called By]<UL><LI><a href="#[11]">&gt;&gt;</a>&nbsp;&nbsp;&nbsp;egl::rasterizer::psc_wrapper&lang;egl::psc_p3g_mesh&lang;rstate_cluster_overdraw, egl::vertex_p48n32, egl::vs_static, egl::ps_color&lang;(egl::e_pixel_format)71&rang; &rang;, egl::graphics_device_st7789&rang;::get_pso_state(void*, unsigned short) const
<LI><a href="#[5e]">&gt;&gt;</a>&nbsp;&nbsp;&nbsp;void egl::rasterizer::dispatch_pso&lang;egl::psc_p3g_mesh&lang;rstate_cluster_overdraw, egl::vertex_p48n32, egl::vs_static, egl::ps_color&lang;(egl::e_pixel_format)71&rang; &rang;, egl::graphics_device_st7789&rang;(egl::psc_p3g_mesh&lang;rstate_cluster_overdraw, egl::vertex_p48n32, egl::vs_static, egl::ps_color&lang;(egl::e_pixel_format)71&rang; &rang; const&, egl::graphics_device_st7789&)
</UL>

<P><STRONG><a name="[48]"></a>__aeabi_assert</STRONG> (Thumb, 124 bytes, Stack size 16 bytes, lto-llvm-b4cc44.o(.text.__aeabi_assert))
<BR><BR>[Stack]<UL><LI>Max Depth = 132<LI>Call Chain = __aeabi_assert &rArr; fwrite &rArr; fputc &rArr;  __aeabi_assert (Cycle)
</UL>
<BR>[Calls]<UL><LI><a href="#[6d]">&gt;&gt;</a>&nbsp;&nbsp;&nbsp;fwrite
<LI><a href="#[6e]">&gt;&gt;</a>&nbsp;&nbsp;&nbsp;fputs
<LI><a href="#[4e]">&gt;&gt;</a>&nbsp;&nbsp;&nbsp;__aeabi_uidiv
<LI><a href="#[6f]">&gt;&gt;</a>&nbsp;&nbsp;&nbsp;abort
</UL>
<BR>[Called By]<UL><LI><a href="#[1c]">&gt;&gt;</a>&nbsp;&nbsp;&nbsp;_GLOBAL__sub_I_app_7.cpp
<LI><a href="#[c]">&gt;&gt;</a>&nbsp;&nbsp;&nbsp;fputc
<LI><a href="#[19]">&gt;&gt;</a>&nbsp;&nbsp;&nbsp;__pico_entry
<LI><a href="#[46]">&gt;&gt;</a>&nbsp;&nbsp;&nbsp;vprintf
<LI><a href="#[8]">&gt;&gt;</a>&nbsp;&nbsp;&nbsp;timer_pool_entry_comparator
<LI><a href="#[4f]">&gt;&gt;</a>&nbsp;&nbsp;&nbsp;sleep_until
<LI><a href="#[77]">&gt;&gt;</a>&nbsp;&nbsp;&nbsp;ph_remove_any_head
<LI><a href="#[76]">&gt;&gt;</a>&nbsp;&nbsp;&nbsp;ph_remove_and_free_node
<LI><a href="#[81]">&gt;&gt;</a>&nbsp;&nbsp;&nbsp;ph_merge_two_pass
<LI><a href="#[75]">&gt;&gt;</a>&nbsp;&nbsp;&nbsp;hardware_alarm_set_target
<LI><a href="#[a]">&gt;&gt;</a>&nbsp;&nbsp;&nbsp;alarm_pool_alarm_callback
<LI><a href="#[74]">&gt;&gt;</a>&nbsp;&nbsp;&nbsp;add_alarm_under_lock
</UL>

<P><STRONG><a name="[74]"></a>add_alarm_under_lock</STRONG> (Thumb, 404 bytes, Stack size 40 bytes, lto-llvm-b4cc44.o(.text.add_alarm_under_lock))
<BR><BR>[Stack]<UL><LI>Max Depth = 276<LI>Call Chain = add_alarm_under_lock &rArr; ph_remove_and_free_node &rArr; ph_remove_any_head &rArr; ph_merge_two_pass &rArr;  ph_merge_two_pass (Cycle)
</UL>
<BR>[Calls]<UL><LI><a href="#[48]">&gt;&gt;</a>&nbsp;&nbsp;&nbsp;__aeabi_assert
<LI><a href="#[76]">&gt;&gt;</a>&nbsp;&nbsp;&nbsp;ph_remove_and_free_node
<LI><a href="#[75]">&gt;&gt;</a>&nbsp;&nbsp;&nbsp;hardware_alarm_set_target
</UL>
<BR>[Called By]<UL><LI><a href="#[4f]">&gt;&gt;</a>&nbsp;&nbsp;&nbsp;sleep_until
<LI><a href="#[a]">&gt;&gt;</a>&nbsp;&nbsp;&nbsp;alarm_pool_alarm_callback
</UL>

<P><STRONG><a name="[a]"></a>alarm_pool_alarm_callback</STRONG> (Thumb, 708 bytes, Stack size 88 bytes, lto-llvm-b4cc44.o(.text.alarm_pool_alarm_callback))
<BR><BR>[Stack]<UL><LI>Max Depth = 364<LI>Call Chain = alarm_pool_alarm_callback &rArr; add_alarm_under_lock &rArr; ph_remove_and_free_node &rArr; ph_remove_any_head &rArr; ph_merge_two_pass &rArr;  ph_merge_two_pass (Cycle)
</UL>
<BR>[Calls]<UL><LI><a href="#[48]">&gt;&gt;</a>&nbsp;&nbsp;&nbsp;__aeabi_assert
<LI><a href="#[77]">&gt;&gt;</a>&nbsp;&nbsp;&nbsp;ph_remove_any_head
<LI><a href="#[75]">&gt;&gt;</a>&nbsp;&nbsp;&nbsp;hardware_alarm_set_target
<LI><a href="#[74]">&gt;&gt;</a>&nbsp;&nbsp;&nbsp;add_alarm_under_lock
</UL>
<BR>[Address Reference Count : 1]<UL><LI> lto-llvm-b4cc44.o(.text.__pico_entry)
</UL>
<P><STRONG><a name="[78]"></a>app_entry</STRONG> (Thumb, 1948 bytes, Stack size 208 bytes, lto-llvm-b4cc44.o(.text.app_entry))
<BR><BR>[Stack]<UL><LI>Max Depth = 724<LI>Call Chain = app_entry &rArr; void egl::rasterizer::dispatch_pso&lang;egl::psc_p3g_mesh&lang;rstate_cluster_overdraw, egl::vertex_p48n32, egl::vs_static, egl::ps_color&lang;(egl::e_pixel_format)71&rang; &rang;, egl::graphics_device_st7789&rang;(egl::psc_p3g_mesh&lang;rstate_cluster_overdraw, egl::vertex_p48n32, egl::vs_static, egl::ps_color&lang;(egl::e_pixel_format)71&rang; &rang; const&, egl::graphics_device_st7789&) &rArr; egl::rasterizer_tiling::add_cluster(egl::mat44&lang;float&rang; const&, egl::vec3&lang;float&rang; const&, float, unsigned short, unsigned short) &rArr; egl::rasterizer_tiling::add_cluster(egl::vec3&lang;float&rang; const&, egl::vec3&lang;float&rang; const&, unsigned short, unsigned short) &rArr; puts &rArr; fputc &rArr;  __aeabi_assert (Cycle)
</UL>
<BR>[Calls]<UL><LI><a href="#[55]">&gt;&gt;</a>&nbsp;&nbsp;&nbsp;puts
<LI><a href="#[7c]">&gt;&gt;</a>&nbsp;&nbsp;&nbsp;__cxa_guard_acquire
<LI><a href="#[7d]">&gt;&gt;</a>&nbsp;&nbsp;&nbsp;__cxa_guard_release
<LI><a href="#[6c]">&gt;&gt;</a>&nbsp;&nbsp;&nbsp;egl::p3g_mesh::init(void const*)
<LI><a href="#[53]">&gt;&gt;</a>&nbsp;&nbsp;&nbsp;egl::camera&lang;float&rang;::update_transforms()
<LI><a href="#[5e]">&gt;&gt;</a>&nbsp;&nbsp;&nbsp;void egl::rasterizer::dispatch_pso&lang;egl::psc_p3g_mesh&lang;rstate_cluster_overdraw, egl::vertex_p48n32, egl::vs_static, egl::ps_color&lang;(egl::e_pixel_format)71&rang; &rang;, egl::graphics_device_st7789&rang;(egl::psc_p3g_mesh&lang;rstate_cluster_overdraw, egl::vertex_p48n32, egl::vs_static, egl::ps_color&lang;(egl::e_pixel_format)71&rang; &rang; const&, egl::graphics_device_st7789&)
<LI><a href="#[56]">&gt;&gt;</a>&nbsp;&nbsp;&nbsp;void egl::rasterizer::dispatch_pso&lang;egl::psc_p3g_mesh&lang;rstate_opaque, egl::vertex_p48n32, egl::vs_static, ps_simple_lighting&rang;, egl::graphics_device_st7789&rang;(egl::psc_p3g_mesh&lang;rstate_opaque, egl::vertex_p48n32, egl::vs_static, ps_simple_lighting&rang; const&, egl::graphics_device_st7789&)
<LI><a href="#[54]">&gt;&gt;</a>&nbsp;&nbsp;&nbsp;__2printf
<LI><a href="#[39]">&gt;&gt;</a>&nbsp;&nbsp;&nbsp;__aeabi_memclr
<LI><a href="#[79]">&gt;&gt;</a>&nbsp;&nbsp;&nbsp;__aeabi_memset4
<LI><a href="#[3a]">&gt;&gt;</a>&nbsp;&nbsp;&nbsp;__aeabi_memset
<LI><a href="#[7a]">&gt;&gt;</a>&nbsp;&nbsp;&nbsp;sinf
<LI><a href="#[7b]">&gt;&gt;</a>&nbsp;&nbsp;&nbsp;cosf
<LI><a href="#[42]">&gt;&gt;</a>&nbsp;&nbsp;&nbsp;__aeabi_i2f
<LI><a href="#[59]">&gt;&gt;</a>&nbsp;&nbsp;&nbsp;__aeabi_fmul
<LI><a href="#[69]">&gt;&gt;</a>&nbsp;&nbsp;&nbsp;__aeabi_fcmple
<LI><a href="#[3c]">&gt;&gt;</a>&nbsp;&nbsp;&nbsp;__aeabi_fadd
</UL>
<BR>[Called By]<UL><LI><a href="#[4]">&gt;&gt;</a>&nbsp;&nbsp;&nbsp;main
</UL>

<P><STRONG><a name="[9]"></a>hardware_alarm_irq_handler</STRONG> (Thumb, 108 bytes, Stack size 24 bytes, lto-llvm-b4cc44.o(.text.hardware_alarm_irq_handler))
<BR><BR>[Stack]<UL><LI>Max Depth = 24<LI>Call Chain = hardware_alarm_irq_handler
</UL>
<BR>[Address Reference Count : 1]<UL><LI> lto-llvm-b4cc44.o(.text.__pico_entry)
</UL>
<P><STRONG><a name="[75]"></a>hardware_alarm_set_target</STRONG> (Thumb, 192 bytes, Stack size 48 bytes, lto-llvm-b4cc44.o(.text.hardware_alarm_set_target))
<BR><BR>[Stack]<UL><LI>Max Depth = 180<LI>Call Chain = hardware_alarm_set_target &rArr; __aeabi_assert &rArr; fwrite &rArr; fputc &rArr;  __aeabi_assert (Cycle)
</UL>
<BR>[Calls]<UL><LI><a href="#[48]">&gt;&gt;</a>&nbsp;&nbsp;&nbsp;__aeabi_assert
</UL>
<BR>[Called By]<UL><LI><a href="#[a]">&gt;&gt;</a>&nbsp;&nbsp;&nbsp;alarm_pool_alarm_callback
<LI><a href="#[74]">&gt;&gt;</a>&nbsp;&nbsp;&nbsp;add_alarm_under_lock
</UL>

<P><STRONG><a name="[51]"></a>lcd_set_window</STRONG> (Thumb, 508 bytes, Stack size 44 bytes, lto-llvm-b4cc44.o(.text.lcd_set_window))
<BR><BR>[Stack]<UL><LI>Max Depth = 44<LI>Call Chain = lcd_set_window
</UL>
<BR>[Called By]<UL><LI><a href="#[15]">&gt;&gt;</a>&nbsp;&nbsp;&nbsp;egl::rasterizer_callback_base::tile_shader_wrapper&lang;egl::graphics_device_st7789, egl::rasterizer_callback_base::tshader_rt0_pixel_convert&lang;(egl::e_pixel_format)3, (egl::e_pixel_format)3&rang; &rang;::transfer_region(void const* const*, egl::rasterizer_depth_target const&, unsigned int, unsigned short, unsigned short, unsigned short, unsigned short, unsigned short)
<LI><a href="#[17]">&gt;&gt;</a>&nbsp;&nbsp;&nbsp;egl::graphics_device_st7789::submit_tile(unsigned char, unsigned char, egl::vec2&lang;unsigned short&rang; const&, egl::vec2&lang;unsigned short&rang; const&, unsigned short)
<LI><a href="#[1c]">&gt;&gt;</a>&nbsp;&nbsp;&nbsp;_GLOBAL__sub_I_app_7.cpp
</UL>

<P><STRONG><a name="[52]"></a>lcd_write_data_16bit</STRONG> (Thumb, 108 bytes, Stack size 4 bytes, lto-llvm-b4cc44.o(.text.lcd_write_data_16bit))
<BR><BR>[Stack]<UL><LI>Max Depth = 4<LI>Call Chain = lcd_write_data_16bit
</UL>
<BR>[Called By]<UL><LI><a href="#[15]">&gt;&gt;</a>&nbsp;&nbsp;&nbsp;egl::rasterizer_callback_base::tile_shader_wrapper&lang;egl::graphics_device_st7789, egl::rasterizer_callback_base::tshader_rt0_pixel_convert&lang;(egl::e_pixel_format)3, (egl::e_pixel_format)3&rang; &rang;::transfer_region(void const* const*, egl::rasterizer_depth_target const&, unsigned int, unsigned short, unsigned short, unsigned short, unsigned short, unsigned short)
<LI><a href="#[17]">&gt;&gt;</a>&nbsp;&nbsp;&nbsp;egl::graphics_device_st7789::submit_tile(unsigned char, unsigned char, egl::vec2&lang;unsigned short&rang; const&, egl::vec2&lang;unsigned short&rang; const&, unsigned short)
<LI><a href="#[1c]">&gt;&gt;</a>&nbsp;&nbsp;&nbsp;_GLOBAL__sub_I_app_7.cpp
</UL>

<P><STRONG><a name="[73]"></a>panic</STRONG> (Thumb, 44 bytes, Stack size 24 bytes, lto-llvm-b4cc44.o(.text.panic))
<BR><BR>[Stack]<UL><LI>Max Depth = 172<LI>Call Chain = panic &rArr; vprintf &rArr; __aeabi_assert &rArr; fwrite &rArr; fputc &rArr;  __aeabi_assert (Cycle)
</UL>
<BR>[Calls]<UL><LI><a href="#[55]">&gt;&gt;</a>&nbsp;&nbsp;&nbsp;puts
<LI><a href="#[46]">&gt;&gt;</a>&nbsp;&nbsp;&nbsp;vprintf
</UL>
<BR>[Called By]<UL><LI><a href="#[19]">&gt;&gt;</a>&nbsp;&nbsp;&nbsp;__pico_entry
<LI><a href="#[4f]">&gt;&gt;</a>&nbsp;&nbsp;&nbsp;sleep_until
</UL>

<P><STRONG><a name="[81]"></a>ph_merge_two_pass</STRONG> (Thumb, 344 bytes, Stack size 32 bytes, lto-llvm-b4cc44.o(.text.ph_merge_two_pass))
<BR><BR>[Stack]<UL><LI>Max Depth = 164 + In Cycle
<LI>Call Chain = ph_merge_two_pass &rArr;  ph_merge_two_pass (Cycle)
</UL>
<BR>[Calls]<UL><LI><a href="#[48]">&gt;&gt;</a>&nbsp;&nbsp;&nbsp;__aeabi_assert
<LI><a href="#[81]">&gt;&gt;</a>&nbsp;&nbsp;&nbsp;ph_merge_two_pass
</UL>
<BR>[Called By]<UL><LI><a href="#[77]">&gt;&gt;</a>&nbsp;&nbsp;&nbsp;ph_remove_any_head
<LI><a href="#[81]">&gt;&gt;</a>&nbsp;&nbsp;&nbsp;ph_merge_two_pass
</UL>

<P><STRONG><a name="[76]"></a>ph_remove_and_free_node</STRONG> (Thumb, 308 bytes, Stack size 40 bytes, lto-llvm-b4cc44.o(.text.ph_remove_and_free_node))
<BR><BR>[Stack]<UL><LI>Max Depth = 236<LI>Call Chain = ph_remove_and_free_node &rArr; ph_remove_any_head &rArr; ph_merge_two_pass &rArr;  ph_merge_two_pass (Cycle)
</UL>
<BR>[Calls]<UL><LI><a href="#[48]">&gt;&gt;</a>&nbsp;&nbsp;&nbsp;__aeabi_assert
<LI><a href="#[77]">&gt;&gt;</a>&nbsp;&nbsp;&nbsp;ph_remove_any_head
</UL>
<BR>[Called By]<UL><LI><a href="#[74]">&gt;&gt;</a>&nbsp;&nbsp;&nbsp;add_alarm_under_lock
</UL>

<P><STRONG><a name="[77]"></a>ph_remove_any_head</STRONG> (Thumb, 200 bytes, Stack size 32 bytes, lto-llvm-b4cc44.o(.text.ph_remove_any_head))
<BR><BR>[Stack]<UL><LI>Max Depth = 196<LI>Call Chain = ph_remove_any_head &rArr; ph_merge_two_pass &rArr;  ph_merge_two_pass (Cycle)
</UL>
<BR>[Calls]<UL><LI><a href="#[48]">&gt;&gt;</a>&nbsp;&nbsp;&nbsp;__aeabi_assert
<LI><a href="#[81]">&gt;&gt;</a>&nbsp;&nbsp;&nbsp;ph_merge_two_pass
</UL>
<BR>[Called By]<UL><LI><a href="#[76]">&gt;&gt;</a>&nbsp;&nbsp;&nbsp;ph_remove_and_free_node
<LI><a href="#[a]">&gt;&gt;</a>&nbsp;&nbsp;&nbsp;alarm_pool_alarm_callback
</UL>

<P><STRONG><a name="[4f]"></a>sleep_until</STRONG> (Thumb, 292 bytes, Stack size 56 bytes, lto-llvm-b4cc44.o(.text.sleep_until))
<BR><BR>[Stack]<UL><LI>Max Depth = 332<LI>Call Chain = sleep_until &rArr; add_alarm_under_lock &rArr; ph_remove_and_free_node &rArr; ph_remove_any_head &rArr; ph_merge_two_pass &rArr;  ph_merge_two_pass (Cycle)
</UL>
<BR>[Calls]<UL><LI><a href="#[48]">&gt;&gt;</a>&nbsp;&nbsp;&nbsp;__aeabi_assert
<LI><a href="#[73]">&gt;&gt;</a>&nbsp;&nbsp;&nbsp;panic
<LI><a href="#[74]">&gt;&gt;</a>&nbsp;&nbsp;&nbsp;add_alarm_under_lock
</UL>
<BR>[Called By]<UL><LI><a href="#[1c]">&gt;&gt;</a>&nbsp;&nbsp;&nbsp;_GLOBAL__sub_I_app_7.cpp
</UL>

<P><STRONG><a name="[b]"></a>sleep_until_callback</STRONG> (Thumb, 36 bytes, Stack size 0 bytes, lto-llvm-b4cc44.o(.text.sleep_until_callback))
<BR>[Address Reference Count : 1]<UL><LI> lto-llvm-b4cc44.o(.text.sleep_until)
</UL>
<P><STRONG><a name="[8]"></a>timer_pool_entry_comparator</STRONG> (Thumb, 72 bytes, Stack size 16 bytes, lto-llvm-b4cc44.o(.text.timer_pool_entry_comparator))
<BR><BR>[Stack]<UL><LI>Max Depth = 148<LI>Call Chain = timer_pool_entry_comparator &rArr; __aeabi_assert &rArr; fwrite &rArr; fputc &rArr;  __aeabi_assert (Cycle)
</UL>
<BR>[Calls]<UL><LI><a href="#[48]">&gt;&gt;</a>&nbsp;&nbsp;&nbsp;__aeabi_assert
</UL>
<BR>[Address Reference Count : 1]<UL><LI> lto-llvm-b4cc44.o(.text.__pico_entry)
</UL><P>
<H3>
Undefined Global Symbols
</H3><HR></body></html>
