<html>
<body>
<pre>
<h1>µVision Build Log</h1>
<h2>Tool Versions:</h2>
IDE-Version: ¦ÌVision V5.35.0.0
Copyright (C) 2021 ARM Ltd and ARM Germany GmbH. All rights reserved.
License Information: Administrator,   , LIC=4ZLZX-HI4FE-4ADDE-5XYC1-37TG3-IBRMR
 
Tool Versions:
Toolchain:       MDK-ARM Professional  Version: 5.35.0.2
Toolchain Path:  C:\Keil_v5\ARM\ARMCLANG\Bin
C Compiler:      ArmClang.exe V6.16
Assembler:       Armasm.exe V6.16
Linker/Locator:  ArmLink.exe V6.16
Library Manager: ArmAr.exe V6.16
Hex Converter:   FromElf.exe V6.16
CPU DLL:         SARMCM3.DLL V5.35.0.2
Dialog DLL:      DARMCM1.DLL V1.19.4.0
Target DLL:      CMSIS_AGDI.dll V1.33.0.0
Dialog DLL:      TARMCM1.DLL V1.14.4.0
 
<h2>Project:</h2>
D:\board-rp2040-mammon\5.C_CPP\2.Examples\MDK\ext_EmberGL\project\mdk\template.uvprojx
Project File Date:  08/26/2023

<h2>Output:</h2>
*** Using Compiler 'V6.16', folder: 'C:\Keil_v5\ARM\ARMCLANG\Bin'
*** Warning: You are compiling one or more files of source type C++ and have selected 'use MicroLIB'. MicroLIB does not support C++!
  
Build target 'AC6-flash'
compiling platform.c...
compiling pll.c...
compiling startup_RP2040.c...
compiling xosc.c...
compiling watchdog.c...
compiling system_RP2040.c...
compiling irq.c...
compiling clocks.c...
compiling lock_core.c...
compiling sync.c...
compiling critical_section.c...
assembling irq_handler_chain.S...
compiling gpio.c...
compiling multicore.c...
compiling sem.c...
compiling mutex.c...
compiling timeout_helper.c...
compiling claim.c...
compiling timer.c...
compiling queue.c...
compiling time.c...
compiling datetime.c...
compiling pheap.c...
compiling stdlib.c...
compiling uart.c...
compiling runtime.c...
assembling compile_time_choice.S...
compiling bootrom.c...
compiling adc.c...
compiling spi.c...
compiling stdio_uart.c...
compiling i2c.c...
compiling flash.c...
compiling template...
compiling dma.c...
compiling env_wrapper.c...
assembling divider.S...
compiling main.c...
compiling stdio.c...
compiling lcd.c...
compiling egl_core.cpp...
compiling EventRecorder.c...
compiling egl_rasterizer_cache.cpp...
compiling retarget_io.c...
compiling egl_rasterizer_tiling.cpp...
compiling egl_mesh.cpp...
compiling egl_texture.cpp...
compiling egl_device_st7789.cpp...
compiling egl_rasterizer.cpp...
compiling app_7.cpp...
linking...
Program Size: Code=45412 RO-data=114048 RW-data=272 ZI-data=84904  
After Build - User command #1: .\axf2uf2.bat C:\Keil_v5\
D:\board-rp2040-mammon\5.C_CPP\2.Examples\MDK\ext_EmberGL\project\mdk>"..\..\tool\elf2uf2.exe" .\Objects\template.axf .\template.uf2 
".\Objects\template.axf" - 0 Error(s), 0 Warning(s).

<h2>Software Packages used:</h2>

Package Vendor: ARM
                http://www.keil.com/pack/ARM.CMSIS.5.8.0.pack
                ARM.CMSIS.5.8.0
                CMSIS (Common Microcontroller Software Interface Standard)
   * Component: CORE Version: 5.5.0

Package Vendor: GorgonMeducer
                https://raw.githubusercontent.com/GorgonMeducer/perf_counter/CMSIS-Pack/cmsis-pack/GorgonMeducer.perf_counter.1.7.6.pack
                GorgonMeducer.perf_counter.1.7.6
                A dedicated performance counter for the Cortex-M Systick. It shares the SysTick with users' original SysTick function without interfering with it. This library will bring new functionalities, such as performance counter, delay_us and clock() service defined in time.h
   * Component: Core Variant: Library Version: 1.7.6

Package Vendor: Keil
                http://www.keil.com/pack/Keil.ARM_Compiler.1.6.3.pack
                Keil.ARM_Compiler.1.6.3
                Keil ARM Compiler extensions for ARM Compiler 5 and ARM Compiler 6
   * Component: Event Recorder Variant: DAP Version: 1.4.0
   * Component: STDIN Variant: User Version: 1.2.0
   * Component: STDOUT Variant: EVR Version: 1.2.0

<h2>Collection of Component include folders:</h2>
  .\RTE\Compiler
  .\RTE\_AC6-flash
  C:\Users\Administrator\AppData\Local\Arm\Packs\ARM\CMSIS\5.8.0\CMSIS\Core\Include
  C:\Users\Administrator\AppData\Local\Arm\Packs\ARM\CMSIS\5.8.0\Device\ARM\ARMCM0plus\Include
  C:\Users\Administrator\AppData\Local\Arm\Packs\GorgonMeducer\perf_counter\1.7.6\lib
  C:\Users\Administrator\AppData\Local\Arm\Packs\Keil\ARM_Compiler\1.6.3\Include

<h2>Collection of Component Files used:</h2>

   * Component: ARM::CMSIS:CORE:5.5.0

   * Component: GorgonMeducer.Performance Counter::Utilities:perf_counter:Core:Library:1.7.6
      Include file:  lib\perf_counter.h
      Library file:  lib\perf_counter.lib

   * Component: Keil.ARM Compiler::Compiler:Event Recorder:DAP:1.4.0
      Include file:  Config\EventRecorderConf.h
      Include file:  Include\EventRecorder.h
      Source file:   Source\EventRecorder.c

   * Component: Keil.ARM Compiler::Compiler:I/O:STDIN:User:1.2.0
      Source file:   Source\retarget_io.c
      Source file:   Template\stdin_user.c
      Source file:   Template\stdin_keyboard.c
      Source file:   Template\stdin_USART.c

   * Component: Keil.ARM Compiler::Compiler:I/O:STDOUT:EVR:1.2.0
      Source file:   Source\retarget_io.c
Build Time Elapsed:  00:00:07
</pre>
</body>
</html>
