Component: ARM Compiler 6.16 Tool: armlink [5dfeaa00]

==============================================================================

Section Cross References

    irq_handler_chain.o(.data) refers to lto-llvm-fe0894.o(.text.irq_add_tail_to_free_list) for irq_add_tail_to_free_list
    divider.o(.text.hw_divider_divmod_s32) refers to divider.o(.text.hw_divider_divmod_return) for hw_divider_divmod_return
    divider.o(.text.hw_divider_divmod_u32) refers to divider.o(.text.hw_divider_divmod_return) for hw_divider_divmod_return
    perf_counter.o(.text.user_code_insert_to_systick_handler) refers to perf_counter.o(.bss.s_nCycleCounts) for [Anonymous Symbol]
    perf_counter.o(.text.user_code_insert_to_systick_handler) refers to perf_counter.o(.bss.s_lSystemClockCounts) for [Anonymous Symbol]
    perf_counter.o(.ARM.exidx.text.user_code_insert_to_systick_handler) refers to perf_counter.o(.text.user_code_insert_to_systick_handler) for [Anonymous Symbol]
    perf_counter.o(.ARM.exidx.text.__perf_os_patch_init) refers to perf_counter.o(.text.__perf_os_patch_init) for [Anonymous Symbol]
    perf_counter.o(.text.init_cycle_counter) refers to perf_counter.o(.text.stop_cycle_counter) for stop_cycle_counter
    perf_counter.o(.text.init_cycle_counter) refers to uidiv_div0.o(.text) for __aeabi_uidiv
    perf_counter.o(.text.init_cycle_counter) refers to systick_wrapper_ual.o(.text) for __ensure_systick_wrapper
    perf_counter.o(.text.init_cycle_counter) refers to perf_counter.o(.text.__perf_os_patch_init) for __perf_os_patch_init
    perf_counter.o(.text.init_cycle_counter) refers to perf_counter.o(.bss.s_nCycleCounts) for [Anonymous Symbol]
    perf_counter.o(.text.init_cycle_counter) refers to perf_counter.o(.bss.s_nOffset) for [Anonymous Symbol]
    perf_counter.o(.text.init_cycle_counter) refers to lto-llvm-fe0894.o(.bss) for SystemCoreClock
    perf_counter.o(.text.init_cycle_counter) refers to perf_counter.o(.data.s_nUnit) for [Anonymous Symbol]
    perf_counter.o(.ARM.exidx.text.init_cycle_counter) refers to perf_counter.o(.text.init_cycle_counter) for [Anonymous Symbol]
    perf_counter.o(.text.start_cycle_counter) refers to perf_counter.o(.bss.s_nCycleCounts) for [Anonymous Symbol]
    perf_counter.o(.ARM.exidx.text.start_cycle_counter) refers to perf_counter.o(.text.start_cycle_counter) for [Anonymous Symbol]
    perf_counter.o(.text.stop_cycle_counter) refers to perf_counter.o(.bss.s_nCycleCounts) for [Anonymous Symbol]
    perf_counter.o(.text.stop_cycle_counter) refers to perf_counter.o(.bss.s_nOffset) for [Anonymous Symbol]
    perf_counter.o(.ARM.exidx.text.stop_cycle_counter) refers to perf_counter.o(.text.stop_cycle_counter) for [Anonymous Symbol]
    perf_counter.o(.text.__perf_counter_init) refers to perf_counter.o(.text.init_cycle_counter) for init_cycle_counter
    perf_counter.o(.ARM.exidx.text.__perf_counter_init) refers to perf_counter.o(.text.__perf_counter_init) for [Anonymous Symbol]
    perf_counter.o(.text.delay_us) refers to perf_counter.o(.text.get_system_ticks) for get_system_ticks
    perf_counter.o(.text.delay_us) refers to perf_counter.o(.data.s_nUnit) for [Anonymous Symbol]
    perf_counter.o(.ARM.exidx.text.delay_us) refers to perf_counter.o(.text.delay_us) for [Anonymous Symbol]
    perf_counter.o(.text.get_system_ticks) refers to perf_counter.o(.bss.s_lSystemClockCounts) for [Anonymous Symbol]
    perf_counter.o(.ARM.exidx.text.get_system_ticks) refers to perf_counter.o(.text.get_system_ticks) for [Anonymous Symbol]
    perf_counter.o(.text.clock) refers to perf_counter.o(.bss.s_lSystemClockCounts) for [Anonymous Symbol]
    perf_counter.o(.ARM.exidx.text.clock) refers to perf_counter.o(.text.clock) for [Anonymous Symbol]
    perf_counter.o(.ARM.exidx.text.get_rtos_task_cycle_info) refers to perf_counter.o(.text.get_rtos_task_cycle_info) for [Anonymous Symbol]
    perf_counter.o(.text.__on_context_switch_in) refers to perf_counter.o(.text.get_system_ticks) for get_system_ticks
    perf_counter.o(.ARM.exidx.text.__on_context_switch_in) refers to perf_counter.o(.text.__on_context_switch_in) for [Anonymous Symbol]
    perf_counter.o(.text.__on_context_switch_out) refers to perf_counter.o(.text.get_system_ticks) for get_system_ticks
    perf_counter.o(.ARM.exidx.text.__on_context_switch_out) refers to perf_counter.o(.text.__on_context_switch_out) for [Anonymous Symbol]
    perf_counter.o(.text.start_task_cycle_counter) refers to perf_counter.o(.text.get_rtos_task_cycle_info) for get_rtos_task_cycle_info
    perf_counter.o(.text.start_task_cycle_counter) refers to perf_counter.o(.text.get_system_ticks) for get_system_ticks
    perf_counter.o(.ARM.exidx.text.start_task_cycle_counter) refers to perf_counter.o(.text.start_task_cycle_counter) for [Anonymous Symbol]
    perf_counter.o(.text.stop_task_cycle_counter) refers to perf_counter.o(.text.get_rtos_task_cycle_info) for get_rtos_task_cycle_info
[...]
    __arm_cp.35_14                           0x100067ac   Number         4  lto-llvm-fe0894.o(.text._ZNK3egl10rasterizer11psc_wrapperINS_12psc_p3g_meshI23rstate_cluster_overdrawNS_13vertex_p48n32ENS_9vs_staticENS_8ps_colorILNS_14e_pixel_formatE71EEEEENS_22graphics_device_st7789EE17rasterize_clusterERNS_24rasterizer_callback_baseERNS0_6resultERKNS_17render_target_cfgEttttjPKvttt)
    __arm_cp.35_16                           0x100067ec   Number         4  lto-llvm-fe0894.o(.text._ZNK3egl10rasterizer11psc_wrapperINS_12psc_p3g_meshI23rstate_cluster_overdrawNS_13vertex_p48n32ENS_9vs_staticENS_8ps_colorILNS_14e_pixel_formatE71EEEEENS_22graphics_device_st7789EE17rasterize_clusterERNS_24rasterizer_callback_baseERNS0_6resultERKNS_17render_target_cfgEttttjPKvttt)
    __arm_cp.35_17                           0x100067f0   Number         4  lto-llvm-fe0894.o(.text._ZNK3egl10rasterizer11psc_wrapperINS_12psc_p3g_meshI23rstate_cluster_overdrawNS_13vertex_p48n32ENS_9vs_staticENS_8ps_colorILNS_14e_pixel_formatE71EEEEENS_22graphics_device_st7789EE17rasterize_clusterERNS_24rasterizer_callback_baseERNS0_6resultERKNS_17render_target_cfgEttttjPKvttt)
    __arm_cp.35_18                           0x100067f4   Number         4  lto-llvm-fe0894.o(.text._ZNK3egl10rasterizer11psc_wrapperINS_12psc_p3g_meshI23rstate_cluster_overdrawNS_13vertex_p48n32ENS_9vs_staticENS_8ps_colorILNS_14e_pixel_formatE71EEEEENS_22graphics_device_st7789EE17rasterize_clusterERNS_24rasterizer_callback_baseERNS0_6resultERKNS_17render_target_cfgEttttjPKvttt)
    __arm_cp.35_19                           0x100067f8   Number         4  lto-llvm-fe0894.o(.text._ZNK3egl10rasterizer11psc_wrapperINS_12psc_p3g_meshI23rstate_cluster_overdrawNS_13vertex_p48n32ENS_9vs_staticENS_8ps_colorILNS_14e_pixel_formatE71EEEEENS_22graphics_device_st7789EE17rasterize_clusterERNS_24rasterizer_callback_baseERNS0_6resultERKNS_17render_target_cfgEttttjPKvttt)
    egl::rasterizer::psc_wrapper<egl::psc_p3g_mesh<rstate_cluster_overdraw, egl::vertex_p48n32, egl::vs_static, egl::ps_color<(egl::e_pixel_format)71> >, egl::graphics_device_st7789>::hiz_mode() const 0x100067fd   Thumb Code     4  lto-llvm-fe0894.o(.text._ZNK3egl10rasterizer11psc_wrapperINS_12psc_p3g_meshI23rstate_cluster_overdrawNS_13vertex_p48n32ENS_9vs_staticENS_8ps_colorILNS_14e_pixel_formatE71EEEEENS_22graphics_device_st7789EE8hiz_modeEv)
    [Anonymous Symbol]                       0x100067fc   Section        0  lto-llvm-fe0894.o(.text._ZNK3egl10rasterizer11psc_wrapperINS_12psc_p3g_meshI23rstate_cluster_overdrawNS_13vertex_p48n32ENS_9vs_staticENS_8ps_colorILNS_14e_pixel_formatE71EEEEENS_22graphics_device_st7789EE8hiz_modeEv)
    egl::psc_p3g_mesh<rstate_opaque, egl::vertex_p48n32, egl::vs_static, ps_simple_lighting>::get_pso_state(egl::psc_p3g_mesh<rstate_opaque, egl::vertex_p48n32, egl::vs_static, ps_simple_lighting>::pso_state&) const 0x10006801   Thumb Code  2526  lto-llvm-fe0894.o(.text._ZNK3egl12psc_p3g_meshI13rstate_opaqueNS_13vertex_p48n32ENS_9vs_staticE18ps_simple_lightingE13get_pso_stateERNS5_9pso_stateE)
    [Anonymous Symbol]                       0x10006800   Section        0  lto-llvm-fe0894.o(.text._ZNK3egl12psc_p3g_meshI13rstate_opaqueNS_13vertex_p48n32ENS_9vs_staticE18ps_simple_lightingE13get_pso_stateERNS5_9pso_stateE)
    egl::psc_p3g_mesh<rstate_cluster_overdraw, egl::vertex_p48n32, egl::vs_static, egl::ps_color<(egl::e_pixel_format)71> >::get_pso_state(egl::psc_p3g_mesh<rstate_cluster_overdraw, egl::vertex_p48n32, egl::vs_static, egl::ps_color<(egl::e_pixel_format)71> >::pso_state&) const 0x100071df   Thumb Code  2526  lto-llvm-fe0894.o(.text._ZNK3egl12psc_p3g_meshI23rstate_cluster_overdrawNS_13vertex_p48n32ENS_9vs_staticENS_8ps_colorILNS_14e_pixel_formatE71EEEE13get_pso_stateERNS7_9pso_stateE)
    [Anonymous Symbol]                       0x100071de   Section        0  lto-llvm-fe0894.o(.text._ZNK3egl12psc_p3g_meshI23rstate_cluster_overdrawNS_13vertex_p48n32ENS_9vs_staticENS_8ps_colorILNS_14e_pixel_formatE71EEEE13get_pso_stateERNS7_9pso_stateE)
    __aeabi_assert                           0x10007bbd   Thumb Code   124  lto-llvm-fe0894.o(.text.__aeabi_assert)
    [Anonymous Symbol]                       0x10007bbc   Section        0  lto-llvm-fe0894.o(.text.__aeabi_assert)
    __arm_cp.52_1                            0x10007c50   Number         4  lto-llvm-fe0894.o(.text.__aeabi_assert)
    [Anonymous Symbol]                       0x10007c64   Section        0  cxa_virtual.cpp.o(.text.__cxa_pure_virtual)
    [Anonymous Symbol]                       0x10007c8c   Section        0  perf_counter.o(.text.__perf_counter_init)
    [Anonymous Symbol]                       0x10007c96   Section        0  perf_counter.o(.text.__perf_os_patch_init)
    __tagsym$$used.0                         0x10007c98   Number         0  lto-llvm-fe0894.o(.text.__pico_entry)
    [Anonymous Symbol]                       0x10007c98   Section        0  lto-llvm-fe0894.o(.text.__pico_entry)
    __arm_cp.3_57                            0x10007fc0   Number         4  lto-llvm-fe0894.o(.text.__pico_entry)
    __arm_cp.3_58                            0x10007fc4   Number         4  lto-llvm-fe0894.o(.text.__pico_entry)
    __arm_cp.3_60                            0x10007fcc   Number         4  lto-llvm-fe0894.o(.text.__pico_entry)
    __arm_cp.3_61                            0x10007fd0   Number         4  lto-llvm-fe0894.o(.text.__pico_entry)
    __arm_cp.3_62                            0x10007fd4   Number         4  lto-llvm-fe0894.o(.text.__pico_entry)
    __arm_cp.3_63                            0x10007fd8   Number         4  lto-llvm-fe0894.o(.text.__pico_entry)
    __arm_cp.3_64                            0x10007fdc   Number         4  lto-llvm-fe0894.o(.text.__pico_entry)
    __arm_cp.3_65                            0x10007fe0   Number         4  lto-llvm-fe0894.o(.text.__pico_entry)
    __arm_cp.3_66                            0x10007fe4   Number         4  lto-llvm-fe0894.o(.text.__pico_entry)
    __arm_cp.3_67                            0x10007fe8   Number         4  lto-llvm-fe0894.o(.text.__pico_entry)
    __arm_cp.3_68                            0x10007fec   Number         4  lto-llvm-fe0894.o(.text.__pico_entry)
    __arm_cp.3_69                            0x10007ff0   Number         4  lto-llvm-fe0894.o(.text.__pico_entry)
    __arm_cp.3_70                            0x10007ff4   Number         4  lto-llvm-fe0894.o(.text.__pico_entry)
    __arm_cp.3_71                            0x10007ff8   Number         4  lto-llvm-fe0894.o(.text.__pico_entry)
    __arm_cp.3_72                            0x10007ffc   Number         4  lto-llvm-fe0894.o(.text.__pico_entry)
    __arm_cp.3_77                            0x10008010   Number         4  lto-llvm-fe0894.o(.text.__pico_entry)
    __arm_cp.3_83                            0x10008028   Number         4  lto-llvm-fe0894.o(.text.__pico_entry)
    __arm_cp.3_2                             0x100082b0   Number         4  lto-llvm-fe0894.o(.text.__pico_entry)
    __arm_cp.3_7                             0x100082b4   Number         4  lto-llvm-fe0894.o(.text.__pico_entry)
    __arm_cp.3_8                             0x100082b8   Number         4  lto-llvm-fe0894.o(.text.__pico_entry)
    __arm_cp.3_9                             0x100082bc   Number         4  lto-llvm-fe0894.o(.text.__pico_entry)
    __arm_cp.3_10                            0x100082c0   Number         4  lto-llvm-fe0894.o(.text.__pico_entry)
    __arm_cp.3_11                            0x100082c4   Number         4  lto-llvm-fe0894.o(.text.__pico_entry)
    __arm_cp.3_12                            0x100082c8   Number         4  lto-llvm-fe0894.o(.text.__pico_entry)
    __arm_cp.3_13                            0x100082cc   Number         4  lto-llvm-fe0894.o(.text.__pico_entry)
    __arm_cp.3_23                            0x100082d0   Number         4  lto-llvm-fe0894.o(.text.__pico_entry)
    __arm_cp.3_24                            0x100082d4   Number         4  lto-llvm-fe0894.o(.text.__pico_entry)
    __arm_cp.3_26                            0x100082d8   Number         4  lto-llvm-fe0894.o(.text.__pico_entry)
    __arm_cp.3_28                            0x100082dc   Number         4  lto-llvm-fe0894.o(.text.__pico_entry)
    __arm_cp.3_29                            0x100082e0   Number         4  lto-llvm-fe0894.o(.text.__pico_entry)
    __arm_cp.3_30                            0x100082e4   Number         4  lto-llvm-fe0894.o(.text.__pico_entry)
    __arm_cp.3_31                            0x100082e8   Number         4  lto-llvm-fe0894.o(.text.__pico_entry)
    __arm_cp.3_32                            0x100082ec   Number         4  lto-llvm-fe0894.o(.text.__pico_entry)
    __arm_cp.3_33                            0x100082f0   Number         4  lto-llvm-fe0894.o(.text.__pico_entry)
    __arm_cp.3_34                            0x100082f4   Number         4  lto-llvm-fe0894.o(.text.__pico_entry)
    __arm_cp.3_35                            0x100082f8   Number         4  lto-llvm-fe0894.o(.text.__pico_entry)
    __arm_cp.3_36                            0x100082fc   Number         4  lto-llvm-fe0894.o(.text.__pico_entry)
    __arm_cp.3_37                            0x10008300   Number         4  lto-llvm-fe0894.o(.text.__pico_entry)
    __arm_cp.3_38                            0x10008304   Number         4  lto-llvm-fe0894.o(.text.__pico_entry)
    __arm_cp.3_39                            0x10008308   Number         4  lto-llvm-fe0894.o(.text.__pico_entry)
    __arm_cp.3_40                            0x1000830c   Number         4  lto-llvm-fe0894.o(.text.__pico_entry)
    __arm_cp.3_41                            0x10008310   Number         4  lto-llvm-fe0894.o(.text.__pico_entry)
    __arm_cp.3_43                            0x10008338   Number         4  lto-llvm-fe0894.o(.text.__pico_entry)
    __arm_cp.3_44                            0x1000833c   Number         4  lto-llvm-fe0894.o(.text.__pico_entry)
    __arm_cp.3_45                            0x10008340   Number         4  lto-llvm-fe0894.o(.text.__pico_entry)
    __arm_cp.3_46                            0x10008344   Number         4  lto-llvm-fe0894.o(.text.__pico_entry)
    __arm_cp.3_48                            0x10008380   Number         4  lto-llvm-fe0894.o(.text.__pico_entry)
    __arm_cp.3_49                            0x10008384   Number         4  lto-llvm-fe0894.o(.text.__pico_entry)
    __arm_cp.3_50                            0x10008388   Number         4  lto-llvm-fe0894.o(.text.__pico_entry)
    __arm_cp.3_51                            0x1000838c   Number         4  lto-llvm-fe0894.o(.text.__pico_entry)
    __arm_cp.3_52                            0x10008390   Number         4  lto-llvm-fe0894.o(.text.__pico_entry)
    __arm_cp.3_53                            0x10008394   Number         4  lto-llvm-fe0894.o(.text.__pico_entry)
    __arm_cp.3_54                            0x10008398   Number         4  lto-llvm-fe0894.o(.text.__pico_entry)
    __arm_cp.3_55                            0x1000839c   Number         4  lto-llvm-fe0894.o(.text.__pico_entry)
    [Anonymous Symbol]                       0x100083b4   Section        0  lto-llvm-fe0894.o(.text.abort)
    [Anonymous Symbol]                       0x100083b6   Section        0  abort_message.cpp.o(.text.abort_message)
    add_alarm_under_lock                     0x100083bd   Thumb Code   404  lto-llvm-fe0894.o(.text.add_alarm_under_lock)
    [Anonymous Symbol]                       0x100083bc   Section        0  lto-llvm-fe0894.o(.text.add_alarm_under_lock)
    __arm_cp.8_0                             0x10008550   Number         4  lto-llvm-fe0894.o(.text.add_alarm_under_lock)
    __arm_cp.8_1                             0x10008554   Number         4  lto-llvm-fe0894.o(.text.add_alarm_under_lock)
    __arm_cp.8_4                             0x10008580   Number         4  lto-llvm-fe0894.o(.text.add_alarm_under_lock)
    alarm_pool_alarm_callback                0x10008585   Thumb Code   708  lto-llvm-fe0894.o(.text.alarm_pool_alarm_callback)
    [Anonymous Symbol]                       0x10008584   Section        0  lto-llvm-fe0894.o(.text.alarm_pool_alarm_callback)
    __arm_cp.7_0                             0x10008848   Number         4  lto-llvm-fe0894.o(.text.alarm_pool_alarm_callback)
    __arm_cp.7_1                             0x1000884c   Number         4  lto-llvm-fe0894.o(.text.alarm_pool_alarm_callback)
    __arm_cp.7_2                             0x10008850   Number         4  lto-llvm-fe0894.o(.text.alarm_pool_alarm_callback)
    __arm_cp.7_3                             0x10008854   Number         4  lto-llvm-fe0894.o(.text.alarm_pool_alarm_callback)
    __arm_cp.7_4                             0x10008858   Number         4  lto-llvm-fe0894.o(.text.alarm_pool_alarm_callback)
    __arm_cp.7_6                             0x10008868   Number         4  lto-llvm-fe0894.o(.text.alarm_pool_alarm_callback)
    __arm_cp.7_7                             0x1000886c   Number         4  lto-llvm-fe0894.o(.text.alarm_pool_alarm_callback)
    __arm_cp.7_8                             0x10008870   Number         4  lto-llvm-fe0894.o(.text.alarm_pool_alarm_callback)
    __arm_cp.7_9                             0x10008874   Number         4  lto-llvm-fe0894.o(.text.alarm_pool_alarm_callback)
    __arm_cp.7_10                            0x10008878   Number         4  lto-llvm-fe0894.o(.text.alarm_pool_alarm_callback)
    __arm_cp.7_11                            0x1000887c   Number         4  lto-llvm-fe0894.o(.text.alarm_pool_alarm_callback)
    app_entry                                0x100088a5   Thumb Code  1948  lto-llvm-fe0894.o(.text.app_entry)
    [Anonymous Symbol]                       0x100088a4   Section        0  lto-llvm-fe0894.o(.text.app_entry)
    __arm_cp.25_61                           0x10008b00   Number         4  lto-llvm-fe0894.o(.text.app_entry)
    __arm_cp.25_62                           0x10008b04   Number         4  lto-llvm-fe0894.o(.text.app_entry)
    __arm_cp.25_63                           0x10008b08   Number         4  lto-llvm-fe0894.o(.text.app_entry)
    __arm_cp.25_65                           0x10008b10   Number         4  lto-llvm-fe0894.o(.text.app_entry)
    __arm_cp.25_66                           0x10008b14   Number         4  lto-llvm-fe0894.o(.text.app_entry)
    __arm_cp.25_67                           0x10008b18   Number         4  lto-llvm-fe0894.o(.text.app_entry)
    __arm_cp.25_68                           0x10008b1c   Number         4  lto-llvm-fe0894.o(.text.app_entry)
    __arm_cp.25_69                           0x10008b20   Number         4  lto-llvm-fe0894.o(.text.app_entry)
    __arm_cp.25_70                           0x10008b24   Number         4  lto-llvm-fe0894.o(.text.app_entry)
    __arm_cp.25_71                           0x10008b28   Number         4  lto-llvm-fe0894.o(.text.app_entry)
    __arm_cp.25_72                           0x10008b2c   Number         4  lto-llvm-fe0894.o(.text.app_entry)
    __arm_cp.25_73                           0x10008b30   Number         4  lto-llvm-fe0894.o(.text.app_entry)
    __arm_cp.25_74                           0x10008b34   Number         4  lto-llvm-fe0894.o(.text.app_entry)
    __arm_cp.25_75                           0x10008b38   Number         4  lto-llvm-fe0894.o(.text.app_entry)
    __arm_cp.25_76                           0x10008b3c   Number         4  lto-llvm-fe0894.o(.text.app_entry)
    __arm_cp.25_77                           0x10008b40   Number         4  lto-llvm-fe0894.o(.text.app_entry)
    __arm_cp.25_78                           0x10008b44   Number         4  lto-llvm-fe0894.o(.text.app_entry)
    __arm_cp.25_79                           0x10008b48   Number         4  lto-llvm-fe0894.o(.text.app_entry)
    __arm_cp.25_80                           0x10008b4c   Number         4  lto-llvm-fe0894.o(.text.app_entry)
    __arm_cp.25_81                           0x10008b50   Number         4  lto-llvm-fe0894.o(.text.app_entry)
    __arm_cp.25_82                           0x10008b54   Number         4  lto-llvm-fe0894.o(.text.app_entry)
    __arm_cp.25_83                           0x10008b58   Number         4  lto-llvm-fe0894.o(.text.app_entry)
    __arm_cp.25_84                           0x10008b5c   Number         4  lto-llvm-fe0894.o(.text.app_entry)
    __arm_cp.25_85                           0x10008b60   Number         4  lto-llvm-fe0894.o(.text.app_entry)
    __arm_cp.25_86                           0x10008b64   Number         4  lto-llvm-fe0894.o(.text.app_entry)
    __arm_cp.25_87                           0x10008b68   Number         4  lto-llvm-fe0894.o(.text.app_entry)
    __arm_cp.25_90                           0x10008b74   Number         4  lto-llvm-fe0894.o(.text.app_entry)
    __arm_cp.25_91                           0x10008b78   Number         4  lto-llvm-fe0894.o(.text.app_entry)
    __arm_cp.25_92                           0x10008b7c   Number         4  lto-llvm-fe0894.o(.text.app_entry)
    __arm_cp.25_93                           0x10008b80   Number         4  lto-llvm-fe0894.o(.text.app_entry)
    __arm_cp.25_96                           0x10008e24   Number         4  lto-llvm-fe0894.o(.text.app_entry)
    __arm_cp.25_98                           0x10008e2c   Number         4  lto-llvm-fe0894.o(.text.app_entry)
    __arm_cp.25_100                          0x10008e34   Number         4  lto-llvm-fe0894.o(.text.app_entry)
    __arm_cp.25_102                          0x10008e3c   Number         4  lto-llvm-fe0894.o(.text.app_entry)
    __arm_cp.25_103                          0x10008e40   Number         4  lto-llvm-fe0894.o(.text.app_entry)
    __arm_cp.25_104                          0x10008e44   Number         4  lto-llvm-fe0894.o(.text.app_entry)
    __arm_cp.25_105                          0x10008e48   Number         4  lto-llvm-fe0894.o(.text.app_entry)
    __arm_cp.25_106                          0x10009040   Number         4  lto-llvm-fe0894.o(.text.app_entry)
    __arm_cp.25_3                            0x10009044   Number         4  lto-llvm-fe0894.o(.text.app_entry)
    __arm_cp.25_24                           0x10009048   Number         4  lto-llvm-fe0894.o(.text.app_entry)
    __arm_cp.25_25                           0x1000904c   Number         4  lto-llvm-fe0894.o(.text.app_entry)
    __arm_cp.25_26                           0x10009050   Number         4  lto-llvm-fe0894.o(.text.app_entry)
    __arm_cp.25_27                           0x10009054   Number         4  lto-llvm-fe0894.o(.text.app_entry)
    __arm_cp.25_29                           0x10009058   Number         4  lto-llvm-fe0894.o(.text.app_entry)
    __arm_cp.25_30                           0x1000905c   Number         4  lto-llvm-fe0894.o(.text.app_entry)
    __arm_cp.25_31                           0x10009060   Number         4  lto-llvm-fe0894.o(.text.app_entry)
    __arm_cp.25_33                           0x10009064   Number         4  lto-llvm-fe0894.o(.text.app_entry)
    __arm_cp.25_35                           0x10009068   Number         4  lto-llvm-fe0894.o(.text.app_entry)
    __arm_cp.25_37                           0x1000906c   Number         4  lto-llvm-fe0894.o(.text.app_entry)
    __arm_cp.25_43                           0x10009070   Number         4  lto-llvm-fe0894.o(.text.app_entry)
    __arm_cp.25_44                           0x10009074   Number         4  lto-llvm-fe0894.o(.text.app_entry)
    __arm_cp.25_45                           0x10009078   Number         4  lto-llvm-fe0894.o(.text.app_entry)
    __arm_cp.25_46                           0x1000907c   Number         4  lto-llvm-fe0894.o(.text.app_entry)
    __arm_cp.25_47                           0x10009080   Number         4  lto-llvm-fe0894.o(.text.app_entry)
    __arm_cp.25_48                           0x10009084   Number         4  lto-llvm-fe0894.o(.text.app_entry)
    __arm_cp.25_49                           0x10009088   Number         4  lto-llvm-fe0894.o(.text.app_entry)
    __arm_cp.25_50                           0x1000908c   Number         4  lto-llvm-fe0894.o(.text.app_entry)
    __arm_cp.25_51                           0x10009090   Number         4  lto-llvm-fe0894.o(.text.app_entry)
    [Anonymous Symbol]                       0x100090e8   Section        0  lto-llvm-fe0894.o(.text.fputc)
    __arm_cp.17_0                            0x100091a0   Number         4  lto-llvm-fe0894.o(.text.fputc)
    __arm_cp.17_3                            0x100091d4   Number         4  lto-llvm-fe0894.o(.text.fputc)
    __arm_cp.17_4                            0x100091d8   Number         4  lto-llvm-fe0894.o(.text.fputc)
    __arm_cp.17_5                            0x100091dc   Number         4  lto-llvm-fe0894.o(.text.fputc)
    __arm_cp.17_6                            0x100091e0   Number         4  lto-llvm-fe0894.o(.text.fputc)
    [Anonymous Symbol]                       0x100091e4   Section        0  perf_counter.o(.text.get_system_ticks)
    __arm_cp.7_0                             0x1000921c   Number         4  perf_counter.o(.text.get_system_ticks)
    __arm_cp.7_2                             0x10009220   Number         4  perf_counter.o(.text.get_system_ticks)
    hardware_alarm_irq_handler               0x10009225   Thumb Code   108  lto-llvm-fe0894.o(.text.hardware_alarm_irq_handler)
    [Anonymous Symbol]                       0x10009224   Section        0  lto-llvm-fe0894.o(.text.hardware_alarm_irq_handler)
    __arm_cp.11_1                            0x10009290   Number         4  lto-llvm-fe0894.o(.text.hardware_alarm_irq_handler)
    __arm_cp.11_2                            0x10009294   Number         4  lto-llvm-fe0894.o(.text.hardware_alarm_irq_handler)
    __arm_cp.11_5                            0x10009298   Number         4  lto-llvm-fe0894.o(.text.hardware_alarm_irq_handler)
    hardware_alarm_set_target                0x1000929d   Thumb Code   192  lto-llvm-fe0894.o(.text.hardware_alarm_set_target)
    [Anonymous Symbol]                       0x1000929c   Section        0  lto-llvm-fe0894.o(.text.hardware_alarm_set_target)
    __arm_cp.12_0                            0x1000935c   Number         4  lto-llvm-fe0894.o(.text.hardware_alarm_set_target)
    __arm_cp.12_1                            0x10009360   Number         4  lto-llvm-fe0894.o(.text.hardware_alarm_set_target)
    __arm_cp.12_2                            0x10009364   Number         4  lto-llvm-fe0894.o(.text.hardware_alarm_set_target)
    __arm_cp.12_3                            0x10009368   Number         4  lto-llvm-fe0894.o(.text.hardware_alarm_set_target)
    __arm_cp.12_4                            0x1000936c   Number         4  lto-llvm-fe0894.o(.text.hardware_alarm_set_target)
    [Anonymous Symbol]                       0x100093cc   Section        0  perf_counter.o(.text.init_cycle_counter)
    __arm_cp.2_0                             0x10009430   Number         4  perf_counter.o(.text.init_cycle_counter)
    __arm_cp.2_1                             0x10009434   Number         4  perf_counter.o(.text.init_cycle_counter)
    __arm_cp.2_2                             0x10009438   Number         4  perf_counter.o(.text.init_cycle_counter)
    __arm_cp.2_3                             0x1000943c   Number         4  perf_counter.o(.text.init_cycle_counter)
    __arm_cp.2_4                             0x10009440   Number         4  perf_counter.o(.text.init_cycle_counter)
    __arm_cp.2_6                             0x10009444   Number         4  perf_counter.o(.text.init_cycle_counter)
    __arm_cp.2_7                             0x10009448   Number         4  perf_counter.o(.text.init_cycle_counter)
    lcd_set_window                           0x1000944d   Thumb Code   508  lto-llvm-fe0894.o(.text.lcd_set_window)
    [Anonymous Symbol]                       0x1000944c   Section        0  lto-llvm-fe0894.o(.text.lcd_set_window)
    lcd_write_data_16bit                     0x10009649   Thumb Code   108  lto-llvm-fe0894.o(.text.lcd_write_data_16bit)
    [Anonymous Symbol]                       0x10009648   Section        0  lto-llvm-fe0894.o(.text.lcd_write_data_16bit)
    __arm_cp.38_0                            0x100096b4   Number         4  lto-llvm-fe0894.o(.text.lcd_write_data_16bit)
    __arm_cp.38_1                            0x100096b8   Number         4  lto-llvm-fe0894.o(.text.lcd_write_data_16bit)
    [Anonymous Symbol]                       0x100096bc   Section        0  lto-llvm-fe0894.o(.text.main)
    __arm_cp.22_0                            0x100096d4   Number         4  lto-llvm-fe0894.o(.text.main)
    __arm_cp.22_1                            0x100096d8   Number         4  lto-llvm-fe0894.o(.text.main)
    panic                                    0x100096dd   Thumb Code    44  lto-llvm-fe0894.o(.text.panic)
    [Anonymous Symbol]                       0x100096dc   Section        0  lto-llvm-fe0894.o(.text.panic)
    ph_merge_two_pass                        0x1000971d   Thumb Code   344  lto-llvm-fe0894.o(.text.ph_merge_two_pass)
    [Anonymous Symbol]                       0x1000971c   Section        0  lto-llvm-fe0894.o(.text.ph_merge_two_pass)
    __arm_cp.13_2                            0x10009874   Number         4  lto-llvm-fe0894.o(.text.ph_merge_two_pass)
    ph_remove_and_free_node                  0x10009879   Thumb Code   308  lto-llvm-fe0894.o(.text.ph_remove_and_free_node)
    [Anonymous Symbol]                       0x10009878   Section        0  lto-llvm-fe0894.o(.text.ph_remove_and_free_node)
    __arm_cp.15_0                            0x100099ac   Number         4  lto-llvm-fe0894.o(.text.ph_remove_and_free_node)
    __arm_cp.15_1                            0x100099b0   Number         4  lto-llvm-fe0894.o(.text.ph_remove_and_free_node)
    __arm_cp.15_2                            0x100099b4   Number         4  lto-llvm-fe0894.o(.text.ph_remove_and_free_node)
    __arm_cp.15_3                            0x100099b8   Number         4  lto-llvm-fe0894.o(.text.ph_remove_and_free_node)
    ph_remove_any_head                       0x100099dd   Thumb Code   200  lto-llvm-fe0894.o(.text.ph_remove_any_head)
    [Anonymous Symbol]                       0x100099dc   Section        0  lto-llvm-fe0894.o(.text.ph_remove_any_head)
    __arm_cp.14_1                            0x10009acc   Number         4  lto-llvm-fe0894.o(.text.ph_remove_any_head)
    __arm_cp.14_3                            0x10009af4   Number         4  lto-llvm-fe0894.o(.text.ph_remove_any_head)
    __arm_cp.14_4                            0x10009af8   Number         4  lto-llvm-fe0894.o(.text.ph_remove_any_head)
    __arm_cp.14_5                            0x10009afc   Number         4  lto-llvm-fe0894.o(.text.ph_remove_any_head)
    sleep_until                              0x10009b09   Thumb Code   292  lto-llvm-fe0894.o(.text.sleep_until)
    [Anonymous Symbol]                       0x10009b08   Section        0  lto-llvm-fe0894.o(.text.sleep_until)
    __arm_cp.9_0                             0x10009c2c   Number         4  lto-llvm-fe0894.o(.text.sleep_until)
    __arm_cp.9_1                             0x10009c30   Number         4  lto-llvm-fe0894.o(.text.sleep_until)
    __arm_cp.9_2                             0x10009c34   Number         4  lto-llvm-fe0894.o(.text.sleep_until)
    __arm_cp.9_3                             0x10009c38   Number         4  lto-llvm-fe0894.o(.text.sleep_until)
    __arm_cp.9_4                             0x10009c3c   Number         4  lto-llvm-fe0894.o(.text.sleep_until)
    __arm_cp.9_5                             0x10009c40   Number         4  lto-llvm-fe0894.o(.text.sleep_until)
    __arm_cp.9_6                             0x10009c44   Number         4  lto-llvm-fe0894.o(.text.sleep_until)
    __arm_cp.9_7                             0x10009c48   Number         4  lto-llvm-fe0894.o(.text.sleep_until)
    __arm_cp.9_8                             0x10009c4c   Number         4  lto-llvm-fe0894.o(.text.sleep_until)
    sleep_until_callback                     0x10009c75   Thumb Code    36  lto-llvm-fe0894.o(.text.sleep_until_callback)
    [Anonymous Symbol]                       0x10009c74   Section        0  lto-llvm-fe0894.o(.text.sleep_until_callback)
    __arm_cp.10_0                            0x10009c98   Number         4  lto-llvm-fe0894.o(.text.sleep_until_callback)
    [Anonymous Symbol]                       0x10009c9c   Section        0  perf_counter.o(.text.stop_cycle_counter)
    __arm_cp.4_1                             0x10009cd4   Number         4  perf_counter.o(.text.stop_cycle_counter)
    __arm_cp.4_3                             0x10009cd8   Number         4  perf_counter.o(.text.stop_cycle_counter)
    timer_pool_entry_comparator              0x10009cdd   Thumb Code    72  lto-llvm-fe0894.o(.text.timer_pool_entry_comparator)
    [Anonymous Symbol]                       0x10009cdc   Section        0  lto-llvm-fe0894.o(.text.timer_pool_entry_comparator)
    __arm_cp.6_0                             0x10009d24   Number         4  lto-llvm-fe0894.o(.text.timer_pool_entry_comparator)
    __arm_cp.6_1                             0x10009d28   Number         4  lto-llvm-fe0894.o(.text.timer_pool_entry_comparator)
    [Anonymous Symbol]                       0x10009d2c   Section        0  cxa_guard.cpp.o(.text.unlikely.__cxa_guard_acquire)
    [Anonymous Symbol]                       0x10009d88   Section        0  cxa_guard.cpp.o(.text.unlikely.__cxa_guard_release)
    [Anonymous Symbol]                       0x10009d90   Section        0  perf_counter.o(.text.user_code_insert_to_systick_handler)
    __arm_cp.0_0                             0x10009db4   Number         4  perf_counter.o(.text.user_code_insert_to_systick_handler)
    __arm_cp.0_1                             0x10009db8   Number         4  perf_counter.o(.text.user_code_insert_to_systick_handler)
    __arm_cp.0_2                             0x10009dbc   Number         4  perf_counter.o(.text.user_code_insert_to_systick_handler)
    i.__0printf$8                            0x10009dc0   Section        0  printf8.o(i.__0printf$8)
    i.__0sprintf$8                           0x10009de0   Section        0  printf8.o(i.__0sprintf$8)
    i.__0vprintf                             0x10009e08   Section        0  printfa.o(i.__0vprintf)
    i.__ARM_clz                              0x10009e1c   Section        0  depilogue.o(i.__ARM_clz)
    i.__ARM_common_ll_muluu                  0x10009e4a   Section        0  rredf.o(i.__ARM_common_ll_muluu)
    i.__ARM_fpclassifyf                      0x10009e7c   Section        0  fpclassifyf.o(i.__ARM_fpclassifyf)
    i.__free$2region                         0x10009ea0   Section        0  malloc2.o(i.__free$2region)
    i.__malloc$2region                       0x10009ef4   Section        0  malloc2.o(i.__malloc$2region)
    i.__mathlib_flt_infnan                   0x10009f60   Section        0  funder.o(i.__mathlib_flt_infnan)
    i.__mathlib_flt_invalid                  0x10009f6a   Section        0  funder.o(i.__mathlib_flt_invalid)
    i.__mathlib_flt_underflow                0x10009f76   Section        0  funder.o(i.__mathlib_flt_underflow)
    i.__mathlib_rredf2                       0x10009f84   Section        0  rredf.o(i.__mathlib_rredf2)
    i.__scatterload_copy                     0x1000a104   Section       14  handlers.o(i.__scatterload_copy)
    i.__scatterload_null                     0x1000a112   Section        2  handlers.o(i.__scatterload_null)
    i.__scatterload_zeroinit                 0x1000a114   Section       14  handlers.o(i.__scatterload_zeroinit)
    i.__set_errno                            0x1000a124   Section        0  errno.o(i.__set_errno)
    _fp_digits                               0x1000a131   Thumb Code   344  printfa.o(i._fp_digits)
    i._fp_digits                             0x1000a130   Section        0  printfa.o(i._fp_digits)
    _printf_core                             0x1000a2a5   Thumb Code  1020  printf8.o(i._printf_core)
    i._printf_core                           0x1000a2a4   Section        0  printf8.o(i._printf_core)
    _printf_core                             0x1000a6cd   Thumb Code  1754  printfa.o(i._printf_core)
    i._printf_core                           0x1000a6cc   Section        0  printfa.o(i._printf_core)
    _printf_post_padding                     0x1000adb9   Thumb Code    32  printf8.o(i._printf_post_padding)
    i._printf_post_padding                   0x1000adb8   Section        0  printf8.o(i._printf_post_padding)
    _printf_post_padding                     0x1000add9   Thumb Code    32  printfa.o(i._printf_post_padding)
    i._printf_post_padding                   0x1000add8   Section        0  printfa.o(i._printf_post_padding)
    _printf_pre_padding                      0x1000adf9   Thumb Code    44  printf8.o(i._printf_pre_padding)
    i._printf_pre_padding                    0x1000adf8   Section        0  printf8.o(i._printf_pre_padding)
    _printf_pre_padding                      0x1000ae25   Thumb Code    44  printfa.o(i._printf_pre_padding)
    i._printf_pre_padding                    0x1000ae24   Section        0  printfa.o(i._printf_pre_padding)
    _sputc                                   0x1000ae51   Thumb Code    10  printf8.o(i._sputc)
    i._sputc                                 0x1000ae50   Section        0  printf8.o(i._sputc)
    i.cosf                                   0x1000ae5c   Section        0  cosf.o(i.cosf)
    i.fmaxf                                  0x1000afd4   Section        0  fmaxf.o(i.fmaxf)
    i.fminf                                  0x1000affa   Section        0  fminf.o(i.fminf)
    i.fputs                                  0x1000b020   Section        0  fputs.o(i.fputs)
    i.fwrite                                 0x1000b038   Section        0  fwrite.o(i.fwrite)
    i.puts                                   0x1000b05c   Section        0  puts.o(i.puts)
    i.sinf                                   0x1000b07c   Section        0  sinf.o(i.sinf)
    i.sqrtf                                  0x1000b200   Section        0  sqrtf.o(i.sqrtf)
    twooverpi                                0x1000b22c   Data          32  rredf.o(.constdata)
    .constdata                               0x1000b22c   Section       32  rredf.o(.constdata)
    s_p3g_cup_data                           0x1000b24c   Data       65452  lto-llvm-fe0894.o(.rodata)
    [Anonymous Symbol]                       0x1000b24c   Section        0  lto-llvm-fe0894.o(.rodata)
    s_p3g_dragon_data                        0x1001b1f8   Data       44772  lto-llvm-fe0894.o(.rodata)
    vtable for egl::rasterizer::psc_wrapper<egl::psc_p3g_mesh<rstate_opaque, egl::vertex_p48n32, egl::vs_static, ps_simple_lighting>, egl::graphics_device_st7789> 0x100260dc   Data          20  lto-llvm-fe0894.o(.rodata)
    vtable for egl::rasterizer::psc_wrapper<egl::psc_p3g_mesh<rstate_cluster_overdraw, egl::vertex_p48n32, egl::vs_static, egl::ps_color<(egl::e_pixel_format)71> >, egl::graphics_device_st7789> 0x100260f0   Data          20  lto-llvm-fe0894.o(.rodata)
    vtable for egl::rasterizer_callback_base::tile_shader_wrapper<egl::graphics_device_st7789, egl::rasterizer_callback_base::tshader_rt0_pixel_convert<(egl::e_pixel_format)3, (egl::e_pixel_format)3> > 0x10026104   Data          16  lto-llvm-fe0894.o(.rodata)
    vtable for egl::graphics_device_st7789   0x10026114   Data          16  lto-llvm-fe0894.o(.rodata)
    vtable for egl::graphics_device<egl::graphics_device_st7789> 0x10026124   Data          16  lto-llvm-fe0894.o(.rodata)
    st7789_init_cmd                          0x10026134   Data          79  lto-llvm-fe0894.o(.rodata)
    __tagsym$$used.2                         0x10026184   Number         0  lto-llvm-fe0894.o(.rodata)
    [Anonymous Symbol]                       0x1002619c   Section        0  lto-llvm-fe0894.o(.rodata.str1.1)
    .init_array                              0x10026ec0   Section        0  cpp_init.o(.init_array)
    print_mutex.1                            0x200098c0   Data           1  lto-llvm-fe0894.o(.mutex_array)
    [Anonymous Symbol]                       0x200098c0   Section        0  lto-llvm-fe0894.o(.mutex_array)
    .data                                    0x200098c8   Section        4  stdout.o(.data)
    .data                                    0x200098cc   Section        4  stderr.o(.data)
    .data                                    0x200098d0   Section        4  mvars.o(.data)
    .data                                    0x200098d4   Section        4  mvars.o(.data)
    ddtor_pointer                            0x200098d8   Data           4  cpp_dtor.o(.data)
    .data                                    0x200098d8   Section        4  cpp_dtor.o(.data)
    striped_spin_lock_num                    0x200098dc   Data           1  lto-llvm-fe0894.o(.data)
    [Anonymous Symbol]                       0x200098dc   Section        0  lto-llvm-fe0894.o(.data)
    default_alarm_pool                       0x200098e0   Data          24  lto-llvm-fe0894.o(.data)
    default_alarm_pool_heap                  0x200098f8   Data          16  lto-llvm-fe0894.o(.data)
    app_entry::time                          0x20009908   Data           4  lto-llvm-fe0894.o(.data)
    _errno                                   0x2000990c   Data           4  errno.o(.data)
    .data                                    0x2000990c   Section        4  errno.o(.data)
    s_nUnit                                  0x20009910   Data           4  perf_counter.o(.data.s_nUnit)
    [Anonymous Symbol]                       0x20009910   Section        0  perf_counter.o(.data.s_nUnit)
    [Anonymous Symbol]                       0x20009918   Section        0  lto-llvm-fe0894.o(.bss)
    irq_hander_chain_free_slot_head          0x2000991c   Data           1  lto-llvm-fe0894.o(.bss)
    pools                                    0x20009920   Data          16  lto-llvm-fe0894.o(.bss)
    default_alarm_pool_entries               0x20009930   Data         256  lto-llvm-fe0894.o(.bss)
    default_alarm_pool_entry_ids_high        0x20009a30   Data          16  lto-llvm-fe0894.o(.bss)
    default_alarm_pool_heap_nodes            0x20009a40   Data          48  lto-llvm-fe0894.o(.bss)
    claimed.88                               0x20009a70   Data           1  lto-llvm-fe0894.o(.bss)
    alarm_callbacks                          0x20009a74   Data          16  lto-llvm-fe0894.o(.bss)
    timer_callbacks_pending                  0x20009a84   Data           1  lto-llvm-fe0894.o(.bss)
    target_hi                                0x20009a88   Data          16  lto-llvm-fe0894.o(.bss)
    stdout_putchar.index                     0x20009a98   Data           4  lto-llvm-fe0894.o(.bss)
    stdout_putchar.buffer                    0x20009a9c   Data           8  lto-llvm-fe0894.o(.bss)
    s_p3g_cup                                0x20009aa4   Data          12  lto-llvm-fe0894.o(.bss)
    s_p3g_dragon                             0x20009ab0   Data          12  lto-llvm-fe0894.o(.bss)
    s_gfx_device                             0x20009abc   Data         180  lto-llvm-fe0894.o(.bss)
    s_camera                                 0x20009b70   Data         360  lto-llvm-fe0894.o(.bss)
    s_gfx_device_mem                         0x20009cd8   Data       43756  lto-llvm-fe0894.o(.bss)
    guard variable for void egl::graphics_device<egl::graphics_device_st7789>::init_default_tile_shader<(egl::e_pixel_format)3>()::wrapper 0x200147c4   Data           4  lto-llvm-fe0894.o(.bss)
    void egl::graphics_device<egl::graphics_device_st7789>::init_default_tile_shader<(egl::e_pixel_format)3>()::wrapper 0x200147c8   Data          12  lto-llvm-fe0894.o(.bss)
    void egl::graphics_device<egl::graphics_device_st7789>::init_default_tile_shader<(egl::e_pixel_format)3>()::tshader 0x200147d4   Data           1  lto-llvm-fe0894.o(.bss)
    egl::graphics_device_st7789::s_active_dev 0x200147d8   Data           4  lto-llvm-fe0894.o(.bss)
    configured_freq.4                        0x200147dc   Data           4  lto-llvm-fe0894.o(.bss)
    configured_freq.5                        0x200147e0   Data           4  lto-llvm-fe0894.o(.bss)
    configured_freq.6                        0x200147e4   Data           4  lto-llvm-fe0894.o(.bss)
    configured_freq.7                        0x200147e8   Data           1  lto-llvm-fe0894.o(.bss)
    configured_freq.8                        0x200147ec   Data           1  lto-llvm-fe0894.o(.bss)
    configured_freq.9                        0x200147f0   Data           1  lto-llvm-fe0894.o(.bss)
    s_lSystemClockCounts                     0x200147f8   Data           8  perf_counter.o(.bss.s_lSystemClockCounts)
    [Anonymous Symbol]                       0x200147f8   Section        0  perf_counter.o(.bss.s_lSystemClockCounts)
    s_nCycleCounts                           0x20014800   Data           4  perf_counter.o(.bss.s_nCycleCounts)
    [Anonymous Symbol]                       0x20014800   Section        0  perf_counter.o(.bss.s_nCycleCounts)
    s_nOffset                                0x20014804   Data           4  perf_counter.o(.bss.s_nOffset)
    [Anonymous Symbol]                       0x20014804   Section        0  perf_counter.o(.bss.s_nOffset)
    EventBuffer                              0x20014840   Data        1024  lto-llvm-fe0894.o(.bss.noinit)
    [Anonymous Symbol]                       0x20014840   Section        0  lto-llvm-fe0894.o(.bss.noinit)
    EventFilter                              0x20014c40   Data         128  lto-llvm-fe0894.o(.bss.noinit)
    EventStatus                              0x20014cc0   Data          36  lto-llvm-fe0894.o(.bss.noinit)

    Global Symbols

    Symbol Name                              Value     Ov Type        Size  Object(Section)

    BuildAttributes$$THM_ISAv3M$S$PE$A:L22$X:L11$S22$IEEE1$IW$~IW$USESV6$~STKCKD$USESV7$~SHL$OTIME$ROPI$IEEEX$EBA8$MICROLIB$REQ8$EABIv2 0x00000000   Number         0  anon$$obj.o ABSOLUTE
    __use_no_errno                           0x00000000   Number         0  useno.o ABSOLUTE
    __use_no_exception_handling              0x00000000   Number         0  useno.o ABSOLUTE
    __use_no_fp                              0x00000000   Number         0  useno.o ABSOLUTE
    __use_no_heap                            0x00000000   Number         0  useno.o ABSOLUTE
    __use_no_heap_region                     0x00000000   Number         0  useno.o ABSOLUTE
    __use_no_semihosting                     0x00000000   Number         0  useno.o ABSOLUTE
    __use_no_semihosting_swi                 0x00000000   Number         0  useno.o ABSOLUTE
    __use_no_signal_handling                 0x00000000   Number         0  useno.o ABSOLUTE
    _printf_a                                0x00000000   Number         0  printfstubs.o ABSOLUTE
    _printf_c                                0x00000000   Number         0  printfstubs.o ABSOLUTE
    _printf_charcount                        0x00000000   Number         0  printfstubs.o ABSOLUTE
    _printf_d                                0x00000000   Number         0  printfstubs.o ABSOLUTE
    _printf_e                                0x00000000   Number         0  printfstubs.o ABSOLUTE
    _printf_f                                0x00000000   Number         0  printfstubs.o ABSOLUTE
    _printf_flags                            0x00000000   Number         0  printfstubs.o ABSOLUTE
    _printf_fp_dec                           0x00000000   Number         0  printfstubs.o ABSOLUTE
    _printf_fp_hex                           0x00000000   Number         0  printfstubs.o ABSOLUTE
    _printf_g                                0x00000000   Number         0  printfstubs.o ABSOLUTE
    _printf_i                                0x00000000   Number         0  printfstubs.o ABSOLUTE
    _printf_int_dec                          0x00000000   Number         0  printfstubs.o ABSOLUTE
    _printf_l                                0x00000000   Number         0  printfstubs.o ABSOLUTE
    _printf_lc                               0x00000000   Number         0  printfstubs.o ABSOLUTE
    _printf_ll                               0x00000000   Number         0  printfstubs.o ABSOLUTE
    _printf_lld                              0x00000000   Number         0  printfstubs.o ABSOLUTE
    _printf_lli                              0x00000000   Number         0  printfstubs.o ABSOLUTE
    _printf_llo                              0x00000000   Number         0  printfstubs.o ABSOLUTE
    _printf_llu                              0x00000000   Number         0  printfstubs.o ABSOLUTE
    _printf_llx                              0x00000000   Number         0  printfstubs.o ABSOLUTE
    _printf_longlong_dec                     0x00000000   Number         0  printfstubs.o ABSOLUTE
    _printf_longlong_hex                     0x00000000   Number         0  printfstubs.o ABSOLUTE
    _printf_longlong_oct                     0x00000000   Number         0  printfstubs.o ABSOLUTE
    _printf_ls                               0x00000000   Number         0  printfstubs.o ABSOLUTE
    _printf_mbtowc                           0x00000000   Number         0  printfstubs.o ABSOLUTE
    _printf_n                                0x00000000   Number         0  printfstubs.o ABSOLUTE
    _printf_o                                0x00000000   Number         0  printfstubs.o ABSOLUTE
    _printf_p                                0x00000000   Number         0  printfstubs.o ABSOLUTE
    _printf_percent                          0x00000000   Number         0  printfstubs.o ABSOLUTE
    _printf_pre_padding                      0x00000000   Number         0  printfstubs.o ABSOLUTE
    _printf_return_value                     0x00000000   Number         0  printfstubs.o ABSOLUTE
    _printf_s                                0x00000000   Number         0  printfstubs.o ABSOLUTE
    _printf_sizespec                         0x00000000   Number         0  printfstubs.o ABSOLUTE
    _printf_str                              0x00000000   Number         0  printfstubs.o ABSOLUTE
    _printf_truncate_signed                  0x00000000   Number         0  printfstubs.o ABSOLUTE
    _printf_truncate_unsigned                0x00000000   Number         0  printfstubs.o ABSOLUTE
    _printf_u                                0x00000000   Number         0  printfstubs.o ABSOLUTE
    _printf_wc                               0x00000000   Number         0  printfstubs.o ABSOLUTE
    _printf_wctomb                           0x00000000   Number         0  printfstubs.o ABSOLUTE
    _printf_widthprec                        0x00000000   Number         0  printfstubs.o ABSOLUTE
    _printf_x                                0x00000000   Number         0  printfstubs.o ABSOLUTE
    __decompress                              - Undefined Weak Reference
    _clock_init                               - Undefined Weak Reference
    _microlib_exit                            - Undefined Weak Reference
    __dso_handle                             0x10000000   Number         0  compile_time_choice.o(.text)
    _stage2_boot                             0x10000001   Thumb Code     0  compile_time_choice.o(.text)
    read_flash_sreg                          0x100000bd   Thumb Code     0  compile_time_choice.o(.text)
    literals                                 0x100000cc   Number         0  compile_time_choice.o(.text)
    __Vectors                                0x10000100   Data         192  lto-llvm-fe0894.o(RESET)
    __main                                   0x100001c1   Thumb Code     0  entry.o(.ARM.Collect$$$$00000000)
    _main_stk                                0x100001c1   Thumb Code     0  entry4.o(.ARM.Collect$$$$00000003)
    _main_scatterload                        0x100001c5   Thumb Code     0  entry5.o(.ARM.Collect$$$$00000004)
    __main_after_scatterload                 0x100001c9   Thumb Code     0  entry5.o(.ARM.Collect$$$$00000004)
    _main_clock                              0x100001c9   Thumb Code     0  entry7b.o(.ARM.Collect$$$$00000008)
    _main_cpp_init$empty                     0x100001c9   Thumb Code     0  entry8a.o(.ARM.Collect$$$$00000009)
    _main_cpp_init                           0x100001cd   Thumb Code     0  entry8b.o(.ARM.Collect$$$$0000000A)
    _main_init                               0x100001cd   Thumb Code     0  entry9a.o(.ARM.Collect$$$$0000000B)
    __rt_final_cpp                           0x100001d5   Thumb Code     0  entry10a.o(.ARM.Collect$$$$0000000D)
    __rt_final_cpp$nonempty                  0x100001d5   Thumb Code     0  entry10b.o(.ARM.Collect$$$$0000000E)
    __rt_final_exit                          0x100001d9   Thumb Code     0  entry11a.o(.ARM.Collect$$$$0000000F)
    SysTick_Handler                          0x100001dd   Thumb Code    18  systick_wrapper_ual.o(.text)
    __ensure_systick_wrapper                 0x100001f9   Thumb Code     4  systick_wrapper_ual.o(.text)
    strlen                                   0x100001fd   Thumb Code    14  strlen.o(.text)
    __cpp_initialize__aeabi_                 0x1000020d   Thumb Code    24  cpp_init.o(.text)
    __cxa_atexit                             0x1000022d   Thumb Code    14  cxa_atexit.o(.text)
    __aeabi_uidiv                            0x1000023b   Thumb Code     0  uidiv_div0.o(.text)
    __aeabi_uidivmod                         0x1000023b   Thumb Code    62  uidiv_div0.o(.text)
    __aeabi_uldivmod                         0x10000279   Thumb Code    96  uldiv.o(.text)
    __aeabi_memcpy                           0x100002d9   Thumb Code    36  memcpya.o(.text)
    __aeabi_memcpy4                          0x100002d9   Thumb Code     0  memcpya.o(.text)
    __aeabi_memcpy8                          0x100002d9   Thumb Code     0  memcpya.o(.text)
    __I$use$fp                               0x100002fd   Thumb Code     0  iusefp.o(.text)
    __aeabi_atexit                           0x100002fd   Thumb Code    42  aeabi_atexit.o(.text)
    __aeabi_dadd                             0x10000329   Thumb Code   328  dadd.o(.text)
    __aeabi_dsub                             0x10000471   Thumb Code    12  dadd.o(.text)
    __aeabi_drsub                            0x1000047d   Thumb Code    12  dadd.o(.text)
    __aeabi_dmul                             0x1000048d   Thumb Code   202  dmul.o(.text)
    __aeabi_ddiv                             0x1000055d   Thumb Code   234  ddiv.o(.text)
    __aeabi_d2ulz                            0x1000064d   Thumb Code    54  dfixul.o(.text)
    __aeabi_cdrcmple                         0x1000068d   Thumb Code    38  cdrcmple.o(.text)
    __scatterload                            0x100006b5   Thumb Code    28  init.o(.text)
    __scatterload_rt2                        0x100006b5   Thumb Code     0  init.o(.text)
    __aeabi_llsl                             0x100006d9   Thumb Code    32  llshl.o(.text)
    _ll_shift_l                              0x100006d9   Thumb Code     0  llshl.o(.text)
    __aeabi_llsr                             0x100006f9   Thumb Code    34  llushr.o(.text)
    _ll_ushift_r                             0x100006f9   Thumb Code     0  llushr.o(.text)
    __aeabi_lasr                             0x1000071b   Thumb Code    38  llsshr.o(.text)
    _ll_sshift_r                             0x1000071b   Thumb Code     0  llsshr.o(.text)
    __rt_ddtor_pointer_addr                  0x10000741   Thumb Code     4  cpp_dtor.o(.text)
    __cxa_finalize                           0x10000749   Thumb Code    66  cxa_finalize.o(.text)
    _double_round                            0x1000078b   Thumb Code    26  depilogue.o(.text)
    _double_epilogue                         0x100007a5   Thumb Code   164  depilogue.o(.text)
    __rt_lib_shutdown_cpp_2                  0x10000849   Thumb Code     2  cpp_final.o(.text)
    __aeabi_lmul                             0x1000084b   Thumb Code    48  llmul.o(.text)
    _ll_mul                                  0x1000084b   Thumb Code     0  llmul.o(.text)
    __aeabi_memset                           0x1000087b   Thumb Code    14  memseta.o(.text)
    __aeabi_memset4                          0x1000087b   Thumb Code     0  memseta.o(.text)
    __aeabi_memset8                          0x1000087b   Thumb Code     0  memseta.o(.text)
    __aeabi_memclr                           0x10000889   Thumb Code     4  memseta.o(.text)
    __aeabi_memclr4                          0x10000889   Thumb Code     0  memseta.o(.text)
    __aeabi_memclr8                          0x10000889   Thumb Code     0  memseta.o(.text)
    _memset$wrapper                          0x1000088d   Thumb Code    18  memseta.o(.text)
    __aeabi_fadd                             0x1000089f   Thumb Code   162  fadd.o(.text)
    __aeabi_fsub                             0x10000941   Thumb Code     8  fadd.o(.text)
    __aeabi_frsub                            0x10000949   Thumb Code     8  fadd.o(.text)
    __aeabi_fmul                             0x10000951   Thumb Code   122  fmul.o(.text)
    __aeabi_fdiv                             0x100009cb   Thumb Code   124  fdiv.o(.text)
    __aeabi_fcmple                           0x10000a47   Thumb Code    28  fcmple.o(.text)
    __aeabi_fcmplt                           0x10000a63   Thumb Code    28  fcmplt.o(.text)
    __aeabi_fcmpge                           0x10000a7f   Thumb Code    28  fcmpge.o(.text)
    __aeabi_fcmpgt                           0x10000a9b   Thumb Code    28  fcmpgt.o(.text)
    __aeabi_fcmpeq                           0x10000ab7   Thumb Code    28  fcmpeq.o(.text)
    __aeabi_i2f                              0x10000ad3   Thumb Code    22  fflti.o(.text)
    __aeabi_ui2f                             0x10000ae9   Thumb Code    14  ffltui.o(.text)
    __aeabi_f2iz                             0x10000af7   Thumb Code    50  ffixi.o(.text)
    _float_round                             0x10000b29   Thumb Code    16  fepilogue.o(.text)
    _float_epilogue                          0x10000b39   Thumb Code   114  fepilogue.o(.text)
    _fsqrt                                   0x10000bab   Thumb Code    88  fsqrt.o(.text)
    _frnd                                    0x10000c03   Thumb Code    62  frnd.o(.text)
    __ARM_fcmp4                              0x10000c41   Thumb Code    44  fcmp4.o(.text)
    _fcmp4                                   0x10000c41   Thumb Code     0  fcmp4.o(.text)
    __ARM_scalbnf                            0x10000c75   Thumb Code    24  fscalb.o(.text)
    scalbnf                                  0x10000c75   Thumb Code     0  fscalb.o(.text)
    vprintf                                  0x10000c8d   Thumb Code   172  lto-llvm-fe0894.o(.text.$Sub$$vprintf)
    $Super$$SysTick_Handler                  0x10001299   Thumb Code     2  lto-llvm-fe0894.o(.text.SysTick_Handler)
    __cxa_pure_virtual                       0x10007c65   Thumb Code     8  cxa_virtual.cpp.o(.text.__cxa_pure_virtual)
    __perf_counter_init                      0x10007c8d   Thumb Code    10  perf_counter.o(.text.__perf_counter_init)
    __perf_os_patch_init                     0x10007c97   Thumb Code     2  perf_counter.o(.text.__perf_os_patch_init)
    __pico_entry                             0x10007c99   Thumb Code  1560  lto-llvm-fe0894.o(.text.__pico_entry)
    abort                                    0x100083b5   Thumb Code     2  lto-llvm-fe0894.o(.text.abort)
    abort_message                            0x100083b7   Thumb Code     4  abort_message.cpp.o(.text.abort_message)
    fputc                                    0x100090e9   Thumb Code   184  lto-llvm-fe0894.o(.text.fputc)
    get_system_ticks                         0x100091e5   Thumb Code    56  perf_counter.o(.text.get_system_ticks)
    init_cycle_counter                       0x100093cd   Thumb Code   100  perf_counter.o(.text.init_cycle_counter)
    main                                     0x100096bd   Thumb Code    24  lto-llvm-fe0894.o(.text.main)
    stop_cycle_counter                       0x10009c9d   Thumb Code    56  perf_counter.o(.text.stop_cycle_counter)
    __cxa_guard_acquire                      0x10009d2d   Thumb Code    36  cxa_guard.cpp.o(.text.unlikely.__cxa_guard_acquire)
    __cxa_guard_release                      0x10009d89   Thumb Code     8  cxa_guard.cpp.o(.text.unlikely.__cxa_guard_release)
    user_code_insert_to_systick_handler      0x10009d91   Thumb Code    36  perf_counter.o(.text.user_code_insert_to_systick_handler)
    __0printf$8                              0x10009dc1   Thumb Code    24  printf8.o(i.__0printf$8)
    __1printf$8                              0x10009dc1   Thumb Code     0  printf8.o(i.__0printf$8)
    __2printf                                0x10009dc1   Thumb Code     0  printf8.o(i.__0printf$8)
    __0sprintf$8                             0x10009de1   Thumb Code    36  printf8.o(i.__0sprintf$8)
    __1sprintf$8                             0x10009de1   Thumb Code     0  printf8.o(i.__0sprintf$8)
    __2sprintf                               0x10009de1   Thumb Code     0  printf8.o(i.__0sprintf$8)
    $Super$$vprintf                          0x10009e09   Thumb Code     0  printfa.o(i.__0vprintf)
    __0vprintf                               0x10009e09   Thumb Code    12  printfa.o(i.__0vprintf)
    __1vprintf                               0x10009e09   Thumb Code     0  printfa.o(i.__0vprintf)
    __2vprintf                               0x10009e09   Thumb Code     0  printfa.o(i.__0vprintf)
    __c89vprintf                             0x10009e09   Thumb Code     0  printfa.o(i.__0vprintf)
    __ARM_clz                                0x10009e1d   Thumb Code    46  depilogue.o(i.__ARM_clz)
    __ARM_common_ll_muluu                    0x10009e4b   Thumb Code    50  rredf.o(i.__ARM_common_ll_muluu)
    __ARM_fpclassifyf                        0x10009e7d   Thumb Code    34  fpclassifyf.o(i.__ARM_fpclassifyf)
    free                                     0x10009ea1   Thumb Code    80  malloc2.o(i.__free$2region)
    malloc                                   0x10009ef5   Thumb Code    92  malloc2.o(i.__malloc$2region)
    __mathlib_flt_infnan                     0x10009f61   Thumb Code    10  funder.o(i.__mathlib_flt_infnan)
    __mathlib_flt_invalid                    0x10009f6b   Thumb Code    12  funder.o(i.__mathlib_flt_invalid)
    __mathlib_flt_underflow                  0x10009f77   Thumb Code    14  funder.o(i.__mathlib_flt_underflow)
    __mathlib_rredf2                         0x10009f85   Thumb Code   366  rredf.o(i.__mathlib_rredf2)
    __scatterload_copy                       0x1000a105   Thumb Code    14  handlers.o(i.__scatterload_copy)
    __scatterload_null                       0x1000a113   Thumb Code     2  handlers.o(i.__scatterload_null)
    __scatterload_zeroinit                   0x1000a115   Thumb Code    14  handlers.o(i.__scatterload_zeroinit)
    __set_errno                              0x1000a125   Thumb Code     6  errno.o(i.__set_errno)
    cosf                                     0x1000ae5d   Thumb Code   318  cosf.o(i.cosf)
    fmaxf                                    0x1000afd5   Thumb Code    38  fmaxf.o(i.fmaxf)
    fminf                                    0x1000affb   Thumb Code    38  fminf.o(i.fminf)
    fputs                                    0x1000b021   Thumb Code    24  fputs.o(i.fputs)
    fwrite                                   0x1000b039   Thumb Code    36  fwrite.o(i.fwrite)
    puts                                     0x1000b05d   Thumb Code    28  puts.o(i.puts)
    sinf                                     0x1000b07d   Thumb Code   330  sinf.o(i.sinf)
    sqrtf                                    0x1000b201   Thumb Code    44  sqrtf.o(i.sqrtf)
    EventRecorderInfo                        0x10026184   Data          24  lto-llvm-fe0894.o(.rodata)
    Region$$Table$$Base                      0x10026e78   Number         0  anon$$obj.o(Region$$Table)
    Region$$Table$$Limit                     0x10026eb8   Number         0  anon$$obj.o(Region$$Table)
    SHT$$INIT_ARRAY$$Base                    0x10026eb8   Number         0  lto-llvm-fe0894.o(.init_array.101)
    SHT$$INIT_ARRAY$$Limit                   0x10026ec8   Number         0  lto-llvm-fe0894.o(.init_array)
    ram_vector_table                         0x20000000   Data         192  lto-llvm-fe0894.o(.ram_vector_table)
    Image$$ARM_LIB_STACK$$ZI$$Limit          0x200010c0   Number         0  anon$$obj.o ABSOLUTE
    Image$$ARM_LIB_STACK_ONE$$ZI$$Base       0x200010c0   Number         0  anon$$obj.o ABSOLUTE
    Image$$ARM_LIB_HEAP$$ZI$$Base            0x200014c0   Number         0  anon$$obj.o ABSOLUTE
    Image$$ARM_LIB_HEAP$$ZI$$Limit           0x200094c0   Number         0  anon$$obj.o ABSOLUTE
    Image$$ER_MUTEX_ARRAY$$ZI$$Base          0x200098c4   Number         0  anon$$obj.o ABSOLUTE
    Image$$ER_MUTEX_ARRAY$$ZI$$Limit         0x200098c4   Number         0  anon$$obj.o ABSOLUTE
    __stdout                                 0x200098c8   Data           4  stdout.o(.data)
    __stderr                                 0x200098cc   Data           4  stderr.o(.data)
    __microlib_freelist                      0x200098d0   Data           4  mvars.o(.data)
    __microlib_freelist_initialised          0x200098d4   Data           4  mvars.o(.data)
    SystemCoreClock                          0x20009918   Data           4  lto-llvm-fe0894.o(.bss)



==============================================================================

Memory Map of the image

  Image Entry point : 0x10000001

  Load Region LR_STAGE2_BOOT (Base: 0x10000000, Size: 0x00000100, Max: 0x00000100, ABSOLUTE)

    Execution Region ER_STAGE2_BOOT (Exec base: 0x10000000, Load base: 0x10000000, Size: 0x000000f0, Max: 0x00000100, ABSOLUTE)

    Exec Addr    Load Addr    Size         Type   Attr      Idx    E Section Name        Object

    0x10000000   0x10000000   0x000000f0   Code   RO           33  * .text               compile_time_choice.o


    Execution Region ER_FILL (Exec base: 0x100000f0, Load base: 0x100000f0, Size: 0x00000010, Max: 0x00000010, ABSOLUTE)

    Exec Addr    Load Addr    Size         Type   Attr      Idx    E Section Name        Object

    0x100000f0        -       0x00000010   Zero   RW            1    ER_FILL.bss         anon$$obj.o



  Load Region LR_IROM1 (Base: 0x10000100, Size: 0x00026ee0, Max: 0x001fff00, ABSOLUTE)

    Execution Region ER_FLASH (Exec base: 0x10000100, Load base: 0x10000100, Size: 0x00026dc8, Max: 0x00200000, ABSOLUTE)

    Exec Addr    Load Addr    Size         Type   Attr      Idx    E Section Name        Object

    0x10000100   0x10000100   0x000000c0   Data   RO          629    RESET               lto-llvm-fe0894.o
    0x100001c0   0x100001c0   0x00000000   Code   RO          123  * .ARM.Collect$$$$00000000  mc_p.l(entry.o)
    0x100001c0   0x100001c0   0x00000004   Code   RO          453    .ARM.Collect$$$$00000003  mc_p.l(entry4.o)
    0x100001c4   0x100001c4   0x00000004   Code   RO          456    .ARM.Collect$$$$00000004  mc_p.l(entry5.o)
    0x100001c8   0x100001c8   0x00000000   Code   RO          458    .ARM.Collect$$$$00000008  mc_p.l(entry7b.o)
    0x100001c8   0x100001c8   0x00000004   Code   RO          459    .ARM.Collect$$$$00000009  mc_p.l(entry8a.o)
    0x100001cc   0x100001cc   0x00000000   Code   RO          460    .ARM.Collect$$$$0000000A  mc_p.l(entry8b.o)
    0x100001cc   0x100001cc   0x00000008   Code   RO          461    .ARM.Collect$$$$0000000B  mc_p.l(entry9a.o)
    0x100001d4   0x100001d4   0x00000000   Code   RO          463    .ARM.Collect$$$$0000000D  mc_p.l(entry10a.o)
    0x100001d4   0x100001d4   0x00000004   Code   RO          464    .ARM.Collect$$$$0000000E  mc_p.l(entry10b.o)
    0x100001d8   0x100001d8   0x00000000   Code   RO          465    .ARM.Collect$$$$0000000F  mc_p.l(entry11a.o)
    0x100001d8   0x100001d8   0x00000004   Code   RO          454    .ARM.Collect$$$$00002714  mc_p.l(entry4.o)
    0x100001dc   0x100001dc   0x00000020   Code   RO          107    .text               perf_counter.lib(systick_wrapper_ual.o)
    0x100001fc   0x100001fc   0x0000000e   Code   RO          149    .text               mc_p.l(strlen.o)
    0x1000020a   0x1000020a   0x00000002   PAD
    0x1000020c   0x1000020c   0x00000020   Code   RO          445    .text               mc_p.l(cpp_init.o)
    0x1000022c   0x1000022c   0x0000000e   Code   RO          447    .text               mc_p.l(cxa_atexit.o)
    0x1000023a   0x1000023a   0x0000003e   Code   RO          469    .text               mc_p.l(uidiv_div0.o)
    0x10000278   0x10000278   0x00000060   Code   RO          475    .text               mc_p.l(uldiv.o)
    0x100002d8   0x100002d8   0x00000024   Code   RO          477    .text               mc_p.l(memcpya.o)
    0x100002fc   0x100002fc   0x00000000   Code   RO          483    .text               mc_p.l(iusefp.o)
    0x100002fc   0x100002fc   0x0000002a   Code   RO          484    .text               mc_p.l(aeabi_atexit.o)
    0x10000326   0x10000326   0x00000002   PAD
    0x10000328   0x10000328   0x00000164   Code   RO          490    .text               mf_p.l(dadd.o)
    0x1000048c   0x1000048c   0x000000d0   Code   RO          492    .text               mf_p.l(dmul.o)
    0x1000055c   0x1000055c   0x000000f0   Code   RO          494    .text               mf_p.l(ddiv.o)
    0x1000064c   0x1000064c   0x00000040   Code   RO          496    .text               mf_p.l(dfixul.o)
    0x1000068c   0x1000068c   0x00000028   Code   RO          498    .text               mf_p.l(cdrcmple.o)
    0x100006b4   0x100006b4   0x00000024   Code   RO          500    .text               mc_p.l(init.o)
    0x100006d8   0x100006d8   0x00000020   Code   RO          502    .text               mc_p.l(llshl.o)
    0x100006f8   0x100006f8   0x00000022   Code   RO          504    .text               mc_p.l(llushr.o)
    0x1000071a   0x1000071a   0x00000026   Code   RO          506    .text               mc_p.l(llsshr.o)
    0x10000740   0x10000740   0x00000008   Code   RO          508    .text               mc_p.l(cpp_dtor.o)
    0x10000748   0x10000748   0x00000042   Code   RO          511    .text               mc_p.l(cxa_finalize.o)
    0x1000078a   0x1000078a   0x000000be   Code   RO          513    .text               mf_p.l(depilogue.o)
    0x10000848   0x10000848   0x00000002   Code   RO          518    .text               mc_p.l(cpp_final.o)
    0x1000084a   0x1000084a   0x00000030   Code   RO          663    .text               mc_p.l(llmul.o)
    0x1000087a   0x1000087a   0x00000024   Code   RO          665    .text               mc_p.l(memseta.o)
    0x1000089e   0x1000089e   0x000000b2   Code   RO          667    .text               mf_p.l(fadd.o)
    0x10000950   0x10000950   0x0000007a   Code   RO          669    .text               mf_p.l(fmul.o)
    0x100009ca   0x100009ca   0x0000007c   Code   RO          671    .text               mf_p.l(fdiv.o)
    0x10000a46   0x10000a46   0x0000001c   Code   RO          673    .text               mf_p.l(fcmple.o)
    0x10000a62   0x10000a62   0x0000001c   Code   RO          675    .text               mf_p.l(fcmplt.o)
    0x10000a7e   0x10000a7e   0x0000001c   Code   RO          677    .text               mf_p.l(fcmpge.o)
    0x10000a9a   0x10000a9a   0x0000001c   Code   RO          679    .text               mf_p.l(fcmpgt.o)
    0x10000ab6   0x10000ab6   0x0000001c   Code   RO          681    .text               mf_p.l(fcmpeq.o)
    0x10000ad2   0x10000ad2   0x00000016   Code   RO          683    .text               mf_p.l(fflti.o)
    0x10000ae8   0x10000ae8   0x0000000e   Code   RO          685    .text               mf_p.l(ffltui.o)
    0x10000af6   0x10000af6   0x00000032   Code   RO          687    .text               mf_p.l(ffixi.o)
    0x10000b28   0x10000b28   0x00000082   Code   RO          717    .text               mf_p.l(fepilogue.o)
    0x10000baa   0x10000baa   0x00000058   Code   RO          719    .text               mf_p.l(fsqrt.o)
    0x10000c02   0x10000c02   0x0000003e   Code   RO          721    .text               mf_p.l(frnd.o)
    0x10000c40   0x10000c40   0x00000034   Code   RO          723    .text               mf_p.l(fcmp4.o)
    0x10000c74   0x10000c74   0x00000018   Code   RO          725    .text               mf_p.l(fscalb.o)
    0x10000c8c   0x10000c8c   0x000000f8   Code   RO          559    .text.$Sub$$vprintf  lto-llvm-fe0894.o
    0x10000d84   0x10000d84   0x00000002   Code   RO          525    .text.Default_Handler  lto-llvm-fe0894.o
    0x10000d86   0x10000d86   0x00000002   PAD
    0x10000d88   0x10000d88   0x00000348   Code   RO          621    .text.EventRecordItem  lto-llvm-fe0894.o
    0x100010d0   0x100010d0   0x000001a8   Code   RO          619    .text.EventRecorderInitialize  lto-llvm-fe0894.o
    0x10001278   0x10001278   0x00000002   Code   RO          523    .text.HardFault_Handler  lto-llvm-fe0894.o
    0x1000127a   0x1000127a   0x00000002   PAD
    0x1000127c   0x1000127c   0x0000001c   Code   RO          521    .text.Reset_Handler  lto-llvm-fe0894.o
    0x10001298   0x10001298   0x00000002   Code   RO          563    .text.SysTick_Handler  lto-llvm-fe0894.o
    0x1000129a   0x1000129a   0x00000002   PAD
    0x1000129c   0x1000129c   0x00000014   Code   RO          529    .text.SystemInit    lto-llvm-fe0894.o
    0x100012b0   0x100012b0   0x000004f8   Code   RO          567    .text._GLOBAL__sub_I_app_7.cpp  lto-llvm-fe0894.o
    0x100017a8   0x100017a8   0x00000490   Code   RO          575    .text._ZN3egl10rasterizer12dispatch_psoINS_12psc_p3g_meshI13rstate_opaqueNS_13vertex_p48n32ENS_9vs_staticE18ps_simple_lightingEENS_22graphics_device_st7789EEEvRKT_RT0_  lto-llvm-fe0894.o
    0x10001c38   0x10001c38   0x00000490   Code   RO          573    .text._ZN3egl10rasterizer12dispatch_psoINS_12psc_p3g_meshI23rstate_cluster_overdrawNS_13vertex_p48n32ENS_9vs_staticENS_8ps_colorILNS_14e_pixel_formatE71EEEEENS_22graphics_device_st7789EEEvRKT_RT0_  lto-llvm-fe0894.o
    0x100020c8   0x100020c8   0x000015ac   Code   RO          607    .text._ZN3egl10rasterizer14rasterize_tileERKNS_17render_target_cfgERNS_15rasterizer_tileEt  lto-llvm-fe0894.o
    0x10003674   0x10003674   0x0000003c   Code   RO          601    .text._ZN3egl17bcd16_version_strEt  lto-llvm-fe0894.o
    0x100036b0   0x100036b0   0x000003d4   Code   RO          611    .text._ZN3egl17rasterizer_tiling11add_clusterERKNS_4vec3IfEES4_tt  lto-llvm-fe0894.o
    0x10003a84   0x10003a84   0x00000320   Code   RO          613    .text._ZN3egl17rasterizer_tiling11add_clusterERKNS_5mat44IfEERKNS_4vec3IfEEftt  lto-llvm-fe0894.o
    0x10003da4   0x10003da4   0x00000108   Code   RO          615    .text._ZN3egl22graphics_device_st778911submit_tileEhhRKNS_4vec2ItEES4_t  lto-llvm-fe0894.o
    0x10003eac   0x10003eac   0x00000018   Code   RO          617    .text._ZN3egl22graphics_device_st7789D2Ev  lto-llvm-fe0894.o
    0x10003ec4   0x10003ec4   0x00000118   Code   RO          609    .text._ZN3egl23rasterizer_vertex_cache19alloc_cluster_cacheEtj  lto-llvm-fe0894.o
    0x10003fdc   0x10003fdc   0x0000003a   Code   RO          605    .text._ZN3egl24rasterizer_callback_base15rasterize_tilesERNS_10rasterizerERKNS_17render_target_cfgEPNS_15rasterizer_tileEj  lto-llvm-fe0894.o
    0x10004016   0x10004016   0x0000003e   Code   RO          593    .text._ZN3egl24rasterizer_callback_base19tile_shader_wrapperINS_22graphics_device_st7789ENS0_25tshader_rt0_pixel_convertILNS_14e_pixel_formatE3ELS4_3EEEE11copy_regionEPvPKPKvRKNS_23rasterizer_depth_targetEjttttt  lto-llvm-fe0894.o
    0x10004054   0x10004054   0x0000009c   Code   RO          595    .text._ZN3egl24rasterizer_callback_base19tile_shader_wrapperINS_22graphics_device_st7789ENS0_25tshader_rt0_pixel_convertILNS_14e_pixel_formatE3ELS4_3EEEE15transfer_regionEPKPKvRKNS_23rasterizer_depth_targetEjttttt  lto-llvm-fe0894.o
    0x100040f0   0x100040f0   0x0000108c   Code   RO          569    .text._ZN3egl6cameraIfE17update_transformsEv  lto-llvm-fe0894.o
    0x1000517c   0x1000517c   0x0000016c   Code   RO          603    .text._ZN3egl8p3g_mesh4initEPKv  lto-llvm-fe0894.o
    0x100052e8   0x100052e8   0x00000034   Code   RO          579    .text._ZNK3egl10rasterizer11psc_wrapperINS_12psc_p3g_meshI13rstate_opaqueNS_13vertex_p48n32ENS_9vs_staticE18ps_simple_lightingEENS_22graphics_device_st7789EE13get_pso_stateEPvt  lto-llvm-fe0894.o
    0x1000531c   0x1000531c   0x00000afc   Code   RO          583    .text._ZNK3egl10rasterizer11psc_wrapperINS_12psc_p3g_meshI13rstate_opaqueNS_13vertex_p48n32ENS_9vs_staticE18ps_simple_lightingEENS_22graphics_device_st7789EE17rasterize_clusterERNS_24rasterizer_callback_baseERNS0_6resultERKNS_17render_target_cfgEttttjPKvttt  lto-llvm-fe0894.o
    0x10005e18   0x10005e18   0x00000004   Code   RO          581    .text._ZNK3egl10rasterizer11psc_wrapperINS_12psc_p3g_meshI13rstate_opaqueNS_13vertex_p48n32ENS_9vs_staticE18ps_simple_lightingEENS_22graphics_device_st7789EE8hiz_modeEv  lto-llvm-fe0894.o
    0x10005e1c   0x10005e1c   0x00000034   Code   RO          587    .text._ZNK3egl10rasterizer11psc_wrapperINS_12psc_p3g_meshI23rstate_cluster_overdrawNS_13vertex_p48n32ENS_9vs_staticENS_8ps_colorILNS_14e_pixel_formatE71EEEEENS_22graphics_device_st7789EE13get_pso_stateEPvt  lto-llvm-fe0894.o
    0x10005e50   0x10005e50   0x000009ac   Code   RO          591    .text._ZNK3egl10rasterizer11psc_wrapperINS_12psc_p3g_meshI23rstate_cluster_overdrawNS_13vertex_p48n32ENS_9vs_staticENS_8ps_colorILNS_14e_pixel_formatE71EEEEENS_22graphics_device_st7789EE17rasterize_clusterERNS_24rasterizer_callback_baseERNS0_6resultERKNS_17render_target_cfgEttttjPKvttt  lto-llvm-fe0894.o
    0x100067fc   0x100067fc   0x00000004   Code   RO          589    .text._ZNK3egl10rasterizer11psc_wrapperINS_12psc_p3g_meshI23rstate_cluster_overdrawNS_13vertex_p48n32ENS_9vs_staticENS_8ps_colorILNS_14e_pixel_formatE71EEEEENS_22graphics_device_st7789EE8hiz_modeEv  lto-llvm-fe0894.o
    0x10006800   0x10006800   0x000009de   Code   RO          577    .text._ZNK3egl12psc_p3g_meshI13rstate_opaqueNS_13vertex_p48n32ENS_9vs_staticE18ps_simple_lightingE13get_pso_stateERNS5_9pso_stateE  lto-llvm-fe0894.o
    0x100071de   0x100071de   0x000009de   Code   RO          585    .text._ZNK3egl12psc_p3g_meshI23rstate_cluster_overdrawNS_13vertex_p48n32ENS_9vs_staticENS_8ps_colorILNS_14e_pixel_formatE71EEEE13get_pso_stateERNS7_9pso_stateE  lto-llvm-fe0894.o
    0x10007bbc   0x10007bbc   0x000000a8   Code   RO          625    .text.__aeabi_assert  lto-llvm-fe0894.o
    0x10007c64   0x10007c64   0x00000028   Code   RO          118    .text.__cxa_pure_virtual  libcppabi_p.l(cxa_virtual.cpp.o)
    0x10007c8c   0x10007c8c   0x0000000a   Code   RO           83    .text.__perf_counter_init  perf_counter.lib(perf_counter.o)
    0x10007c96   0x10007c96   0x00000002   Code   RO           75    .text.__perf_os_patch_init  perf_counter.lib(perf_counter.o)
    0x10007c98   0x10007c98   0x0000071c   Code   RO          527    .text.__pico_entry  lto-llvm-fe0894.o
    0x100083b4   0x100083b4   0x00000002   Code   RO          627    .text.abort         lto-llvm-fe0894.o
    0x100083b6   0x100083b6   0x00000004   Code   RO          450    .text.abort_message  libcppabi_p.l(abort_message.cpp.o)
    0x100083ba   0x100083ba   0x00000002   PAD
    0x100083bc   0x100083bc   0x000001c8   Code   RO          537    .text.add_alarm_under_lock  lto-llvm-fe0894.o
    0x10008584   0x10008584   0x00000320   Code   RO          535    .text.alarm_pool_alarm_callback  lto-llvm-fe0894.o
    0x100088a4   0x100088a4   0x00000844   Code   RO          571    .text.app_entry     lto-llvm-fe0894.o
    0x100090e8   0x100090e8   0x000000fc   Code   RO          555    .text.fputc         lto-llvm-fe0894.o
    0x100091e4   0x100091e4   0x00000040   Code   RO           87    .text.get_system_ticks  perf_counter.lib(perf_counter.o)
    0x10009224   0x10009224   0x00000078   Code   RO          543    .text.hardware_alarm_irq_handler  lto-llvm-fe0894.o
    0x1000929c   0x1000929c   0x00000130   Code   RO          545    .text.hardware_alarm_set_target  lto-llvm-fe0894.o
    0x100093cc   0x100093cc   0x00000080   Code   RO           77    .text.init_cycle_counter  perf_counter.lib(perf_counter.o)
    0x1000944c   0x1000944c   0x000001fc   Code   RO          599    .text.lcd_set_window  lto-llvm-fe0894.o
    0x10009648   0x10009648   0x00000074   Code   RO          597    .text.lcd_write_data_16bit  lto-llvm-fe0894.o
    0x100096bc   0x100096bc   0x00000020   Code   RO          565    .text.main          lto-llvm-fe0894.o
    0x100096dc   0x100096dc   0x00000040   Code   RO          553    .text.panic         lto-llvm-fe0894.o
    0x1000971c   0x1000971c   0x0000015c   Code   RO          547    .text.ph_merge_two_pass  lto-llvm-fe0894.o
    0x10009878   0x10009878   0x00000164   Code   RO          551    .text.ph_remove_and_free_node  lto-llvm-fe0894.o
    0x100099dc   0x100099dc   0x0000012c   Code   RO          549    .text.ph_remove_any_head  lto-llvm-fe0894.o
    0x10009b08   0x10009b08   0x0000016c   Code   RO          539    .text.sleep_until   lto-llvm-fe0894.o
    0x10009c74   0x10009c74   0x00000028   Code   RO          541    .text.sleep_until_callback  lto-llvm-fe0894.o
    0x10009c9c   0x10009c9c   0x00000040   Code   RO           81    .text.stop_cycle_counter  perf_counter.lib(perf_counter.o)
    0x10009cdc   0x10009cdc   0x00000050   Code   RO          533    .text.timer_pool_entry_comparator  lto-llvm-fe0894.o
    0x10009d2c   0x10009d2c   0x0000005c   Code   RO          110    .text.unlikely.__cxa_guard_acquire  libcppabi_p.l(cxa_guard.cpp.o)
    0x10009d88   0x10009d88   0x00000008   Code   RO          112    .text.unlikely.__cxa_guard_release  libcppabi_p.l(cxa_guard.cpp.o)
    0x10009d90   0x10009d90   0x00000030   Code   RO           73    .text.user_code_insert_to_systick_handler  perf_counter.lib(perf_counter.o)
    0x10009dc0   0x10009dc0   0x00000020   Code   RO          358    i.__0printf$8       mc_p.l(printf8.o)
    0x10009de0   0x10009de0   0x00000028   Code   RO          360    i.__0sprintf$8      mc_p.l(printf8.o)
    0x10009e08   0x10009e08   0x00000014   Code   RO          388    i.__0vprintf        mc_p.l(printfa.o)
    0x10009e1c   0x10009e1c   0x0000002e   Code   RO          516    i.__ARM_clz         mf_p.l(depilogue.o)
    0x10009e4a   0x10009e4a   0x00000032   Code   RO          708    i.__ARM_common_ll_muluu  m_ps.l(rredf.o)
    0x10009e7c   0x10009e7c   0x00000022   Code   RO          689    i.__ARM_fpclassifyf  m_ps.l(fpclassifyf.o)
    0x10009e9e   0x10009e9e   0x00000002   PAD
    0x10009ea0   0x10009ea0   0x00000054   Code   RO          412    i.__free$2region    mc_p.l(malloc2.o)
    0x10009ef4   0x10009ef4   0x0000006c   Code   RO          413    i.__malloc$2region  mc_p.l(malloc2.o)
    0x10009f60   0x10009f60   0x0000000a   Code   RO          692    i.__mathlib_flt_infnan  m_ps.l(funder.o)
    0x10009f6a   0x10009f6a   0x0000000c   Code   RO          694    i.__mathlib_flt_invalid  m_ps.l(funder.o)
    0x10009f76   0x10009f76   0x0000000e   Code   RO          697    i.__mathlib_flt_underflow  m_ps.l(funder.o)
    0x10009f84   0x10009f84   0x00000180   Code   RO          705    i.__mathlib_rredf2  m_ps.l(rredf.o)
    0x1000a104   0x1000a104   0x0000000e   Code   RO          729    i.__scatterload_copy  mc_p.l(handlers.o)
    0x1000a112   0x1000a112   0x00000002   Code   RO          730    i.__scatterload_null  mc_p.l(handlers.o)
    0x1000a114   0x1000a114   0x0000000e   Code   RO          731    i.__scatterload_zeroinit  mc_p.l(handlers.o)
    0x1000a122   0x1000a122   0x00000002   PAD
    0x1000a124   0x1000a124   0x0000000c   Code   RO          712    i.__set_errno       mc_p.l(errno.o)
    0x1000a130   0x1000a130   0x00000174   Code   RO          391    i._fp_digits        mc_p.l(printfa.o)
    0x1000a2a4   0x1000a2a4   0x00000428   Code   RO          365    i._printf_core      mc_p.l(printf8.o)
    0x1000a6cc   0x1000a6cc   0x000006ec   Code   RO          392    i._printf_core      mc_p.l(printfa.o)
    0x1000adb8   0x1000adb8   0x00000020   Code   RO          366    i._printf_post_padding  mc_p.l(printf8.o)
    0x1000add8   0x1000add8   0x00000020   Code   RO          393    i._printf_post_padding  mc_p.l(printfa.o)
    0x1000adf8   0x1000adf8   0x0000002c   Code   RO          367    i._printf_pre_padding  mc_p.l(printf8.o)
    0x1000ae24   0x1000ae24   0x0000002c   Code   RO          394    i._printf_pre_padding  mc_p.l(printfa.o)
    0x1000ae50   0x1000ae50   0x0000000a   Code   RO          369    i._sputc            mc_p.l(printf8.o)
    0x1000ae5a   0x1000ae5a   0x00000002   PAD
    0x1000ae5c   0x1000ae5c   0x00000178   Code   RO          648    i.cosf              m_ps.l(cosf.o)
    0x1000afd4   0x1000afd4   0x00000026   Code   RO          659    i.fmaxf             m_ps.l(fmaxf.o)
    0x1000affa   0x1000affa   0x00000026   Code   RO          661    i.fminf             m_ps.l(fminf.o)
    0x1000b020   0x1000b020   0x00000018   Code   RO          126    i.fputs             mc_p.l(fputs.o)
    0x1000b038   0x1000b038   0x00000024   Code   RO          130    i.fwrite            mc_p.l(fwrite.o)
    0x1000b05c   0x1000b05c   0x00000020   Code   RO          128    i.puts              mc_p.l(puts.o)
    0x1000b07c   0x1000b07c   0x00000184   Code   RO          652    i.sinf              m_ps.l(sinf.o)
    0x1000b200   0x1000b200   0x0000002c   Code   RO          656    i.sqrtf             m_ps.l(sqrtf.o)
    0x1000b22c   0x1000b22c   0x00000020   Data   RO          706    .constdata          m_ps.l(rredf.o)
    0x1000b24c   0x1000b24c   0x0001af50   Data   RO          637    .rodata             lto-llvm-fe0894.o
    0x1002619c   0x1002619c   0x00000cdc   Data   RO          633    .rodata.str1.1      lto-llvm-fe0894.o
    0x10026e78   0x10026e78   0x00000040   Data   RO          728    Region$$Table       anon$$obj.o
    0x10026eb8   0x10026eb8   0x00000004   Data   RO          630    .init_array.101     lto-llvm-fe0894.o
    0x10026ebc   0x10026eb8   0x00000004   Data   RO          105    .init_array.255     perf_counter.lib(perf_counter.o)
    0x10026ec0   0x10026eb8   0x00000000   Data   RO          443    .init_array         mc_p.l(cpp_init.o)
    0x10026ec0   0x10026eb8   0x00000008   Data   RO          631    .init_array         lto-llvm-fe0894.o


    Execution Region ER_RAM_VECTOR_TABLE (Exec base: 0x20000000, Load base: 0x10026ec8, Size: 0x000000c0, Max: 0xffffffff, ABSOLUTE)

    Exec Addr    Load Addr    Size         Type   Attr      Idx    E Section Name        Object

    0x20000000   0x10026ec8   0x000000c0   Data   RW          635    .ram_vector_table   lto-llvm-fe0894.o


    Execution Region ARM_LIB_STACK (Exec base: 0x200000c0, Load base: 0x10026f88, Size: 0x00001000, Max: 0x00001000, ABSOLUTE)

    Exec Addr    Load Addr    Size         Type   Attr      Idx    E Section Name        Object

    0x200000c0        -       0x00001000   Zero   RW            2    ARM_LIB_STACK.bss   anon$$obj.o


    Execution Region ARM_LIB_STACK_ONE (Exec base: 0x200010c0, Load base: 0x10026f88, Size: 0x00000400, Max: 0x00000400, ABSOLUTE)

    Exec Addr    Load Addr    Size         Type   Attr      Idx    E Section Name        Object

    0x200010c0        -       0x00000400   Zero   RW            3    ARM_LIB_STACK_ONE.bss  anon$$obj.o


    Execution Region ARM_LIB_HEAP (Exec base: 0x200014c0, Load base: 0x10026f88, Size: 0x00008000, Max: 0x00008000, ABSOLUTE)

    Exec Addr    Load Addr    Size         Type   Attr      Idx    E Section Name        Object

    0x200014c0        -       0x00008000   Zero   RW            4    ARM_LIB_HEAP.bss    anon$$obj.o


    Execution Region ARM_LIB_HEAP_ONE (Exec base: 0x200094c0, Load base: 0x10026f88, Size: 0x00000400, Max: 0x00000400, ABSOLUTE)

    Exec Addr    Load Addr    Size         Type   Attr      Idx    E Section Name        Object

    0x200094c0        -       0x00000400   Zero   RW            5    ARM_LIB_HEAP_ONE.bss  anon$$obj.o


    Execution Region ER_MUTEX_ARRAY (Exec base: 0x200098c0, Load base: 0x10026f88, Size: 0x00000004, Max: 0xffffffff, ABSOLUTE)

    Exec Addr    Load Addr    Size         Type   Attr      Idx    E Section Name        Object

    0x200098c0   0x10026f88   0x00000001   Data   RW          639    .mutex_array        lto-llvm-fe0894.o


    Execution Region RW_IRAM (Exec base: 0x200098c8, Load base: 0x10026f90, Size: 0x0000af40, Max: 0x00034700, ABSOLUTE)

    Exec Addr    Load Addr    Size         Type   Attr      Idx    E Section Name        Object

    0x200098c8   0x10026f90   0x00000004   Data   RW          143    .data               mc_p.l(stdout.o)
    0x200098cc   0x10026f94   0x00000004   Data   RW          144    .data               mc_p.l(stderr.o)
    0x200098d0   0x10026f98   0x00000004   Data   RW          481    .data               mc_p.l(mvars.o)
    0x200098d4   0x10026f9c   0x00000004   Data   RW          482    .data               mc_p.l(mvars.o)
    0x200098d8   0x10026fa0   0x00000004   Data   RW          509    .data               mc_p.l(cpp_dtor.o)
    0x200098dc   0x10026fa4   0x00000030   Data   RW          634    .data               lto-llvm-fe0894.o
    0x2000990c   0x10026fd4   0x00000004   Data   RW          713    .data               mc_p.l(errno.o)
    0x20009910   0x10026fd8   0x00000004   Data   RW          104    .data.s_nUnit       perf_counter.lib(perf_counter.o)
    0x20009914   0x10026fdc   0x00000004   PAD
    0x20009918        -       0x0000aed9   Zero   RW          632    .bss                lto-llvm-fe0894.o
    0x200147f1   0x10026fdc   0x00000007   PAD
    0x200147f8        -       0x00000008   Zero   RW          102    .bss.s_lSystemClockCounts  perf_counter.lib(perf_counter.o)
    0x20014800        -       0x00000004   Zero   RW          101    .bss.s_nCycleCounts  perf_counter.lib(perf_counter.o)
    0x20014804        -       0x00000004   Zero   RW          103    .bss.s_nOffset      perf_counter.lib(perf_counter.o)


    Execution Region RW_IRAM_NOINIT (Exec base: 0x20014840, Load base: 0x10026fe0, Size: 0x000004a4, Max: 0xffffffff, ABSOLUTE, UNINIT)

    Exec Addr    Load Addr    Size         Type   Attr      Idx    E Section Name        Object

    0x20014840        -       0x000004a4   Zero   RW          638    .bss.noinit         lto-llvm-fe0894.o


==============================================================================

Image component sizes


      Code (inc. data)   RO Data    RW Data    ZI Data      Debug   Object Name

       240         36          0          0          0        941   compile_time_choice.o
     36704       3228     113912        241      45949     342466   lto-llvm-fe0894.o

    ----------------------------------------------------------------------
     36950       3264     113976        244      84884     343407   Object Totals
         0          0         64          0      38928          0   (incl. Generated)
         6          0          0          3          7          0   (incl. Padding)

    ----------------------------------------------------------------------

      Code (inc. data)   RO Data    RW Data    ZI Data      Debug   Library Member Name

         4          0          0          0          0         36   abort_message.cpp.o
       100         56          0          0          0         76   cxa_guard.cpp.o
        40         32          0          0          0         52   cxa_virtual.cpp.o
       376         58          0          0          0        104   cosf.o
        38          0          0          0          0         72   fmaxf.o
        38          0          0          0          0         72   fminf.o
        34          0          0          0          0         60   fpclassifyf.o
        36          0          0          0          0        204   funder.o
       434         18         32          0          0        168   rredf.o
       388         58          0          0          0        104   sinf.o
        44          0          0          0          0         72   sqrtf.o
        42          0          0          0          0         76   aeabi_atexit.o
         8          4          0          4          0         60   cpp_dtor.o
         2          0          0          0          0         60   cpp_final.o
        32          8          0          0          0         72   cpp_init.o
        14          0          0          0          0         68   cxa_atexit.o
        66          0          0          0          0         76   cxa_finalize.o
         0          0          0          0          0          0   entry.o
         0          0          0          0          0          0   entry10a.o
         4          0          0          0          0          0   entry10b.o
         0          0          0          0          0          0   entry11a.o
         8          4          0          0          0          0   entry4.o
         4          0          0          0          0          0   entry5.o
         0          0          0          0          0          0   entry7b.o
         4          0          0          0          0          0   entry8a.o
         0          0          0          0          0          0   entry8b.o
         8          4          0          0          0          0   entry9a.o
        12          6          0          4          0         60   errno.o
        24          0          0          0          0         72   fputs.o
        36          0          0          0          0         76   fwrite.o
        30          0          0          0          0          0   handlers.o
        36          8          0          0          0         68   init.o
         0          0          0          0          0          0   iusefp.o
        48          0          0          0          0         72   llmul.o
        32          0          0          0          0         68   llshl.o
        38          0          0          0          0         68   llsshr.o
        34          0          0          0          0         68   llushr.o
       192         20          0          0          0        144   malloc2.o
        36          0          0          0          0         60   memcpya.o
        36          0          0          0          0        100   memseta.o
         0          0          0          8          0          0   mvars.o
      1222         56          0          0          0        468   printf8.o
      2240         98          0          0          0        396   printfa.o
        32          4          0          0          0         68   puts.o
         0          0          0          4          0          0   stderr.o
         0          0          0          4          0          0   stdout.o
        14          0          0          0          0         60   strlen.o
        62          0          0          0          0         72   uidiv_div0.o
        96          0          0          0          0         84   uldiv.o
        40          2          0          0          0         68   cdrcmple.o
       356          4          0          0          0        140   dadd.o
       240          6          0          0          0         84   ddiv.o
       236          0          0          0          0        216   depilogue.o
        64         10          0          0          0         68   dfixul.o
       208          6          0          0          0         88   dmul.o
       178          0          0          0          0        108   fadd.o
        52          8          0          0          0         60   fcmp4.o
        28          0          0          0          0         60   fcmpeq.o
        28          0          0          0          0         60   fcmpge.o
        28          0          0          0          0         60   fcmpgt.o
        28          0          0          0          0         60   fcmple.o
        28          0          0          0          0         60   fcmplt.o
       124          0          0          0          0         72   fdiv.o
       130          0          0          0          0        144   fepilogue.o
        50          0          0          0          0         60   ffixi.o
        22          0          0          0          0         68   fflti.o
        14          0          0          0          0         68   ffltui.o
       122          0          0          0          0         72   fmul.o
        62          0          0          0          0         68   frnd.o
        24          0          0          0          0         60   fscalb.o
        88          0          0          0          0         72   fsqrt.o
       316         56          4          4         16        340   perf_counter.o
        32         10          0          0          0         84   systick_wrapper_ual.o

    ----------------------------------------------------------------------
      8454        536         36         28         20       5676   Library Totals
        12          0          0          0          4          0   (incl. Padding)

    ----------------------------------------------------------------------

      Code (inc. data)   RO Data    RW Data    ZI Data      Debug   Library Name

       144         88          0          0          0        164   libcppabi_p.l
      1388        134         32          0          0        856   m_ps.l
      4412        212          0         24          0       2416   mc_p.l
      2150         36          0          0          0       1816   mf_p.l
       348         66          4          4         16        424   perf_counter.lib

    ----------------------------------------------------------------------
      8454        536         36         28         20       5676   Library Totals

    ----------------------------------------------------------------------

==============================================================================


      Code (inc. data)   RO Data    RW Data    ZI Data      Debug   

     45404       3800     114012        272      84904     346419   Grand Totals
     45404       3800     114012        272      84904     346419   ELF Image Totals
     45404       3800     114012        272          0          0   ROM Totals

==============================================================================

    Total RO  Size (Code + RO Data)               159416 ( 155.68kB)
    Total RW  Size (RW Data + ZI Data)             85176 (  83.18kB)
    Total ROM Size (Code + RO Data + RW Data)     159688 ( 155.95kB)

==============================================================================

